Archive member included because of file (symbol)

c:/siliconlabs/simplicitystudio/v2/developer/toolchains/gnu_arm/4.8_2013q4/bin/../lib/gcc/arm-none-eabi/4.8.3/../../../../arm-none-eabi/lib/armv7e-m/softfp\libc_s.a(lib_a-abs.o)
                              ./src/SPFD5408.o (abs)
c:/siliconlabs/simplicitystudio/v2/developer/toolchains/gnu_arm/4.8_2013q4/bin/../lib/gcc/arm-none-eabi/4.8.3/../../../../arm-none-eabi/lib/armv7e-m/softfp\libc_s.a(lib_a-exit.o)
                              c:/siliconlabs/simplicitystudio/v2/developer/toolchains/gnu_arm/4.8_2013q4/bin/../lib/gcc/arm-none-eabi/4.8.3/../../../../arm-none-eabi/lib/armv7e-m/softfp/crt0.o (exit)
c:/siliconlabs/simplicitystudio/v2/developer/toolchains/gnu_arm/4.8_2013q4/bin/../lib/gcc/arm-none-eabi/4.8.3/../../../../arm-none-eabi/lib/armv7e-m/softfp\libc_s.a(lib_a-impure.o)
                              c:/siliconlabs/simplicitystudio/v2/developer/toolchains/gnu_arm/4.8_2013q4/bin/../lib/gcc/arm-none-eabi/4.8.3/../../../../arm-none-eabi/lib/armv7e-m/softfp\libc_s.a(lib_a-exit.o) (_global_impure_ptr)
c:/siliconlabs/simplicitystudio/v2/developer/toolchains/gnu_arm/4.8_2013q4/bin/../lib/gcc/arm-none-eabi/4.8.3/../../../../arm-none-eabi/lib/armv7e-m/softfp\libc_s.a(lib_a-init.o)
                              c:/siliconlabs/simplicitystudio/v2/developer/toolchains/gnu_arm/4.8_2013q4/bin/../lib/gcc/arm-none-eabi/4.8.3/../../../../arm-none-eabi/lib/armv7e-m/softfp/crt0.o (__libc_init_array)
c:/siliconlabs/simplicitystudio/v2/developer/toolchains/gnu_arm/4.8_2013q4/bin/../lib/gcc/arm-none-eabi/4.8.3/../../../../arm-none-eabi/lib/armv7e-m/softfp\libc_s.a(lib_a-memcpy-stub.o)
                              ./BSP/bsp_stk.o (memcpy)
c:/siliconlabs/simplicitystudio/v2/developer/toolchains/gnu_arm/4.8_2013q4/bin/../lib/gcc/arm-none-eabi/4.8.3/../../../../arm-none-eabi/lib/armv7e-m/softfp\libc_s.a(lib_a-memset.o)
                              c:/siliconlabs/simplicitystudio/v2/developer/toolchains/gnu_arm/4.8_2013q4/bin/../lib/gcc/arm-none-eabi/4.8.3/../../../../arm-none-eabi/lib/armv7e-m/softfp/crt0.o (memset)
c:/siliconlabs/simplicitystudio/v2/developer/toolchains/gnu_arm/4.8_2013q4/bin/../lib/gcc/arm-none-eabi/4.8.3/../../../../arm-none-eabi/lib/armv7e-m/softfp\libnosys.a(_exit.o)
                              c:/siliconlabs/simplicitystudio/v2/developer/toolchains/gnu_arm/4.8_2013q4/bin/../lib/gcc/arm-none-eabi/4.8.3/../../../../arm-none-eabi/lib/armv7e-m/softfp\libc_s.a(lib_a-exit.o) (_exit)

Allocating common symbols
Common symbol       size              file

SystemCoreClock     0x4               ./CMSIS/efm32wg/system_efm32wg.o
msTicks             0x4               ./src/utils.o

Discarded input sections

 .text          0x00000000        0x0 c:/siliconlabs/simplicitystudio/v2/developer/toolchains/gnu_arm/4.8_2013q4/bin/../lib/gcc/arm-none-eabi/4.8.3/armv7e-m/softfp/crti.o
 .data          0x00000000        0x0 c:/siliconlabs/simplicitystudio/v2/developer/toolchains/gnu_arm/4.8_2013q4/bin/../lib/gcc/arm-none-eabi/4.8.3/armv7e-m/softfp/crti.o
 .bss           0x00000000        0x0 c:/siliconlabs/simplicitystudio/v2/developer/toolchains/gnu_arm/4.8_2013q4/bin/../lib/gcc/arm-none-eabi/4.8.3/armv7e-m/softfp/crti.o
 .data          0x00000000        0x4 c:/siliconlabs/simplicitystudio/v2/developer/toolchains/gnu_arm/4.8_2013q4/bin/../lib/gcc/arm-none-eabi/4.8.3/armv7e-m/softfp/crtbegin.o
 .data          0x00000000        0x0 c:/siliconlabs/simplicitystudio/v2/developer/toolchains/gnu_arm/4.8_2013q4/bin/../lib/gcc/arm-none-eabi/4.8.3/../../../../arm-none-eabi/lib/armv7e-m/softfp/crt0.o
 .bss           0x00000000        0x0 c:/siliconlabs/simplicitystudio/v2/developer/toolchains/gnu_arm/4.8_2013q4/bin/../lib/gcc/arm-none-eabi/4.8.3/../../../../arm-none-eabi/lib/armv7e-m/softfp/crt0.o
 .ARM.extab     0x00000000        0x0 c:/siliconlabs/simplicitystudio/v2/developer/toolchains/gnu_arm/4.8_2013q4/bin/../lib/gcc/arm-none-eabi/4.8.3/../../../../arm-none-eabi/lib/armv7e-m/softfp/crt0.o
 .text          0x00000000        0x0 ./src/AD9106.o
 .data          0x00000000        0x0 ./src/AD9106.o
 .bss           0x00000000        0x0 ./src/AD9106.o
 .text.setConfig
                0x00000000       0x10 ./src/AD9106.o
 .text.writeReg
                0x00000000       0x44 ./src/AD9106.o
 .text.readReg  0x00000000       0x3c ./src/AD9106.o
 .debug_info    0x00000000      0x175 ./src/AD9106.o
 .debug_abbrev  0x00000000       0xae ./src/AD9106.o
 .debug_loc     0x00000000       0x9c ./src/AD9106.o
 .debug_aranges
                0x00000000       0x30 ./src/AD9106.o
 .debug_ranges  0x00000000       0x20 ./src/AD9106.o
 .debug_line    0x00000000      0x12b ./src/AD9106.o
 .debug_str     0x00000000      0x24b ./src/AD9106.o
 .comment       0x00000000       0x71 ./src/AD9106.o
 .ARM.attributes
                0x00000000       0x37 ./src/AD9106.o
 .debug_frame   0x00000000       0x68 ./src/AD9106.o
 .text          0x00000000        0x0 ./src/SPFD5408.o
 .data          0x00000000        0x0 ./src/SPFD5408.o
 .bss           0x00000000        0x0 ./src/SPFD5408.o
 .text.GPIO_PinOutGet
                0x00000000       0x50 ./src/SPFD5408.o
 .text.pinRead  0x00000000       0x28 ./src/SPFD5408.o
 .text.allDataPinsInput
                0x00000000       0xc8 ./src/SPFD5408.o
 .text.getData  0x00000000      0x178 ./src/SPFD5408.o
 .text.SPFD5408ReadRegister
                0x00000000       0x74 ./src/SPFD5408.o
 .text.SPFD5408SetDisplayDirect
                0x00000000       0x20 ./src/SPFD5408.o
 .text.SPFD5408SetPixel
                0x00000000       0x2c ./src/SPFD5408.o
 .text.SPFD5408DrawCircle
                0x00000000      0x110 ./src/SPFD5408.o
 .text.SPFD5408FillCircle
                0x00000000       0xcc ./src/SPFD5408.o
 .text.SPFD5408DrawLine
                0x00000000       0xc8 ./src/SPFD5408.o
 .text.SPFD5408DrawVerticalLine
                0x00000000       0x58 ./src/SPFD5408.o
 .text.SPFD5408DrawRectangle
                0x00000000       0x50 ./src/SPFD5408.o
 .text.SPFD5408DrawBmp
                0x00000000       0xa0 ./src/SPFD5408.o
 .text          0x00000000        0x0 ./src/main.o
 .data          0x00000000        0x0 ./src/main.o
 .bss           0x00000000        0x0 ./src/main.o
 .text          0x00000000        0x0 ./src/spi.o
 .data          0x00000000        0x0 ./src/spi.o
 .bss           0x00000000        0x0 ./src/spi.o
 .rodata        0x00000000       0x18 ./src/spi.o
 .text.spiInit  0x00000000       0xe0 ./src/spi.o
 .text.spiDisable
                0x00000000       0x54 ./src/spi.o
 .text.spiTransfer
                0x00000000       0x6c ./src/spi.o
 .text.spiSendByte
                0x00000000       0x34 ./src/spi.o
 .text.spiGetByte
                0x00000000       0x38 ./src/spi.o
 .debug_info    0x00000000      0x6c1 ./src/spi.o
 .debug_abbrev  0x00000000      0x12e ./src/spi.o
 .debug_loc     0x00000000      0x10c ./src/spi.o
 .debug_aranges
                0x00000000       0x40 ./src/spi.o
 .debug_ranges  0x00000000       0x30 ./src/spi.o
 .debug_line    0x00000000      0x264 ./src/spi.o
 .debug_str     0x00000000      0x9bf ./src/spi.o
 .comment       0x00000000       0x71 ./src/spi.o
 .ARM.attributes
                0x00000000       0x37 ./src/spi.o
 .debug_frame   0x00000000       0xb0 ./src/spi.o
 .text          0x00000000        0x0 ./src/utils.o
 .data          0x00000000        0x0 ./src/utils.o
 .bss           0x00000000        0x0 ./src/utils.o
 .text          0x00000000        0x0 ./emlib/em_assert.o
 .data          0x00000000        0x0 ./emlib/em_assert.o
 .bss           0x00000000        0x0 ./emlib/em_assert.o
 .text          0x00000000        0x0 ./emlib/em_cmu.o
 .data          0x00000000        0x0 ./emlib/em_cmu.o
 .bss           0x00000000        0x0 ./emlib/em_cmu.o
 .text.CMU_FlashWaitStateMax
                0x00000000       0x64 ./emlib/em_cmu.o
 .text.CMU_Log2ToDiv
                0x00000000       0x1c ./emlib/em_cmu.o
 .text.CMU_FlashWaitStateControl
                0x00000000       0xcc ./emlib/em_cmu.o
 .text.CMU_Calibrate
                0x00000000       0xa4 ./emlib/em_cmu.o
 .text.CMU_CalibrateConfig
                0x00000000       0xfc ./emlib/em_cmu.o
 .text.CMU_ClockDivGet
                0x00000000      0x18c ./emlib/em_cmu.o
 .text.CMU_ClockDivSet
                0x00000000      0x2e8 ./emlib/em_cmu.o
 .text.CMU_ClockSelectSet
                0x00000000      0x2d4 ./emlib/em_cmu.o
 .text.CMU_FreezeEnable
                0x00000000       0x38 ./emlib/em_cmu.o
 .text.CMU_AUXHFRCOBandGet
                0x00000000       0x20 ./emlib/em_cmu.o
 .text.CMU_AUXHFRCOBandSet
                0x00000000       0xb8 ./emlib/em_cmu.o
 .text.CMU_HFRCOBandGet
                0x00000000       0x20 ./emlib/em_cmu.o
 .text.CMU_HFRCOBandSet
                0x00000000       0xd8 ./emlib/em_cmu.o
 .text.CMU_HFRCOStartupDelayGet
                0x00000000       0x1c ./emlib/em_cmu.o
 .text.CMU_HFRCOStartupDelaySet
                0x00000000       0x40 ./emlib/em_cmu.o
 .text.CMU_LCDClkFDIVGet
                0x00000000       0x1c ./emlib/em_cmu.o
 .text.CMU_LCDClkFDIVSet
                0x00000000       0x4c ./emlib/em_cmu.o
 .text.CMU_OscillatorEnable
                0x00000000       0xd0 ./emlib/em_cmu.o
 .text.CMU_OscillatorTuningGet
                0x00000000       0x5c ./emlib/em_cmu.o
 .text.CMU_OscillatorTuningSet
                0x00000000       0xb0 ./emlib/em_cmu.o
 .text.CMU_PCNTClockExternalGet
                0x00000000       0x64 ./emlib/em_cmu.o
 .text.CMU_PCNTClockExternalSet
                0x00000000       0x48 ./emlib/em_cmu.o
 .text          0x00000000        0x0 ./emlib/em_ebi.o
 .data          0x00000000        0x0 ./emlib/em_ebi.o
 .bss           0x00000000        0x0 ./emlib/em_ebi.o
 .text.EBI_TFTFrameBaseSet
                0x00000000       0x1c ./emlib/em_ebi.o
 .text.BITBAND_Peripheral
                0x00000000       0x2c ./emlib/em_ebi.o
 .text.EBI_Init
                0x00000000      0x354 ./emlib/em_ebi.o
 .text.EBI_Disable
                0x00000000       0x1c ./emlib/em_ebi.o
 .text.EBI_BankEnable
                0x00000000       0x70 ./emlib/em_ebi.o
 .rodata        0x00000000       0x50 ./emlib/em_ebi.o
 .text.EBI_BankAddress
                0x00000000      0x104 ./emlib/em_ebi.o
 .text.EBI_ChipSelectEnable
                0x00000000       0x70 ./emlib/em_ebi.o
 .text.EBI_PolaritySet
                0x00000000      0x100 ./emlib/em_ebi.o
 .text.EBI_ReadTimingSet
                0x00000000       0x70 ./emlib/em_ebi.o
 .text.EBI_WriteTimingSet
                0x00000000       0x70 ./emlib/em_ebi.o
 .text.EBI_AddressTimingSet
                0x00000000       0x58 ./emlib/em_ebi.o
 .text.EBI_TFTInit
                0x00000000      0x100 ./emlib/em_ebi.o
 .text.EBI_TFTSizeSet
                0x00000000       0x50 ./emlib/em_ebi.o
 .text.EBI_TFTHPorchSet
                0x00000000       0x60 ./emlib/em_ebi.o
 .text.EBI_TFTVPorchSet
                0x00000000       0x60 ./emlib/em_ebi.o
 .text.EBI_TFTTimingSet
                0x00000000       0x78 ./emlib/em_ebi.o
 .text.EBI_BankReadTimingConfig
                0x00000000       0xf4 ./emlib/em_ebi.o
 .text.EBI_BankReadTimingSet
                0x00000000       0xe8 ./emlib/em_ebi.o
 .text.EBI_BankWriteTimingConfig
                0x00000000       0xc8 ./emlib/em_ebi.o
 .text.EBI_BankWriteTimingSet
                0x00000000       0xe8 ./emlib/em_ebi.o
 .text.EBI_BankAddressTimingConfig
                0x00000000       0x94 ./emlib/em_ebi.o
 .text.EBI_BankAddressTimingSet
                0x00000000       0xd0 ./emlib/em_ebi.o
 .text.EBI_BankPolaritySet
                0x00000000      0x188 ./emlib/em_ebi.o
 .text.EBI_BankByteLaneEnable
                0x00000000       0x88 ./emlib/em_ebi.o
 .text.EBI_AltMapEnable
                0x00000000       0x20 ./emlib/em_ebi.o
 .debug_info    0x00000000     0x10a1 ./emlib/em_ebi.o
 .debug_abbrev  0x00000000      0x1d7 ./emlib/em_ebi.o
 .debug_loc     0x00000000      0x56c ./emlib/em_ebi.o
 .debug_aranges
                0x00000000       0xe0 ./emlib/em_ebi.o
 .debug_ranges  0x00000000       0xd0 ./emlib/em_ebi.o
 .debug_line    0x00000000      0x67b ./emlib/em_ebi.o
 .debug_str     0x00000000      0xdeb ./emlib/em_ebi.o
 .comment       0x00000000       0x71 ./emlib/em_ebi.o
 .ARM.attributes
                0x00000000       0x37 ./emlib/em_ebi.o
 .debug_frame   0x00000000      0x320 ./emlib/em_ebi.o
 .text          0x00000000        0x0 ./emlib/em_emu.o
 .data          0x00000000        0x0 ./emlib/em_emu.o
 .bss           0x00000000        0x0 ./emlib/em_emu.o
 .text.SystemCoreClockUpdate
                0x00000000        0xc ./emlib/em_emu.o
 .text.BITBAND_Peripheral
                0x00000000       0x2c ./emlib/em_emu.o
 .text.EMU_BUPinEnable
                0x00000000       0x20 ./emlib/em_emu.o
 .text.CMU_Lock
                0x00000000       0x18 ./emlib/em_emu.o
 .text.CMU_Unlock
                0x00000000       0x1c ./emlib/em_emu.o
 .bss.cmuStatus
                0x00000000        0x2 ./emlib/em_emu.o
 .text.EMU_Restore
                0x00000000       0xac ./emlib/em_emu.o
 .text.getErrataFixEmuE107En
                0x00000000       0x58 ./emlib/em_emu.o
 .text.EMU_EnterEM2
                0x00000000       0x9c ./emlib/em_emu.o
 .text.EMU_EnterEM3
                0x00000000       0xc0 ./emlib/em_emu.o
 .text.EMU_EnterEM4
                0x00000000       0x40 ./emlib/em_emu.o
 .text.EMU_MemPwrDown
                0x00000000       0x14 ./emlib/em_emu.o
 .text.EMU_UpdateOscConfig
                0x00000000       0x20 ./emlib/em_emu.o
 .text.EMU_EM4Init
                0x00000000       0x50 ./emlib/em_emu.o
 .text.EMU_BUPDInit
                0x00000000       0xcc ./emlib/em_emu.o
 .rodata        0x00000000       0x50 ./emlib/em_emu.o
 .text.EMU_BUThresholdSet
                0x00000000       0x5c ./emlib/em_emu.o
 .text.EMU_BUThresRangeSet
                0x00000000       0x60 ./emlib/em_emu.o
 .debug_info    0x00000000      0xcc5 ./emlib/em_emu.o
 .debug_abbrev  0x00000000      0x249 ./emlib/em_emu.o
 .debug_loc     0x00000000      0x350 ./emlib/em_emu.o
 .debug_aranges
                0x00000000       0x98 ./emlib/em_emu.o
 .debug_ranges  0x00000000       0x88 ./emlib/em_emu.o
 .debug_line    0x00000000      0x467 ./emlib/em_emu.o
 .debug_str     0x00000000      0x7d3 ./emlib/em_emu.o
 .comment       0x00000000       0x71 ./emlib/em_emu.o
 .ARM.attributes
                0x00000000       0x37 ./emlib/em_emu.o
 .debug_frame   0x00000000      0x1e0 ./emlib/em_emu.o
 .text          0x00000000        0x0 ./emlib/em_gpio.o
 .data          0x00000000        0x0 ./emlib/em_gpio.o
 .bss           0x00000000        0x0 ./emlib/em_gpio.o
 .text.BITBAND_Peripheral
                0x00000000       0x2c ./emlib/em_gpio.o
 .text.GPIO_DbgLocationSet
                0x00000000       0x3c ./emlib/em_gpio.o
 .text.GPIO_DriveModeSet
                0x00000000       0x58 ./emlib/em_gpio.o
 .text.GPIO_IntConfig
                0x00000000       0xcc ./emlib/em_gpio.o
 .text          0x00000000        0x0 ./emlib/em_system.o
 .data          0x00000000        0x0 ./emlib/em_system.o
 .bss           0x00000000        0x0 ./emlib/em_system.o
 .rodata        0x00000000       0x54 ./emlib/em_system.o
 .text.SYSTEM_ChipRevisionGet
                0x00000000       0x80 ./emlib/em_system.o
 .text.SYSTEM_GetCalibrationValue
                0x00000000       0x5c ./emlib/em_system.o
 .debug_info    0x00000000      0x241 ./emlib/em_system.o
 .debug_abbrev  0x00000000       0xed ./emlib/em_system.o
 .debug_loc     0x00000000       0x70 ./emlib/em_system.o
 .debug_aranges
                0x00000000       0x28 ./emlib/em_system.o
 .debug_ranges  0x00000000       0x18 ./emlib/em_system.o
 .debug_line    0x00000000      0x258 ./emlib/em_system.o
 .debug_str     0x00000000      0x2cd ./emlib/em_system.o
 .comment       0x00000000       0x71 ./emlib/em_system.o
 .ARM.attributes
                0x00000000       0x37 ./emlib/em_system.o
 .debug_frame   0x00000000       0x50 ./emlib/em_system.o
 .text          0x00000000        0x0 ./emlib/em_usart.o
 .data          0x00000000        0x0 ./emlib/em_usart.o
 .bss           0x00000000        0x0 ./emlib/em_usart.o
 .rodata        0x00000000       0x50 ./emlib/em_usart.o
 .text.USART_BaudrateAsyncSet
                0x00000000      0x130 ./emlib/em_usart.o
 .text.USART_BaudrateCalc
                0x00000000       0xb8 ./emlib/em_usart.o
 .text.USART_BaudrateGet
                0x00000000       0x50 ./emlib/em_usart.o
 .text.USART_BaudrateSyncSet
                0x00000000       0x90 ./emlib/em_usart.o
 .text.USART_Enable
                0x00000000       0x78 ./emlib/em_usart.o
 .text.USART_InitAsync
                0x00000000       0xc0 ./emlib/em_usart.o
 .text.USART_InitSync
                0x00000000       0xd4 ./emlib/em_usart.o
 .text.USART_InitIrDA
                0x00000000       0x74 ./emlib/em_usart.o
 .text.USART_InitI2s
                0x00000000       0xa0 ./emlib/em_usart.o
 .text.USART_InitPrsTrigger
                0x00000000       0x60 ./emlib/em_usart.o
 .text.USART_Reset
                0x00000000       0xb8 ./emlib/em_usart.o
 .text.USART_Rx
                0x00000000       0x28 ./emlib/em_usart.o
 .text.USART_RxDouble
                0x00000000       0x28 ./emlib/em_usart.o
 .text.USART_RxDoubleExt
                0x00000000       0x28 ./emlib/em_usart.o
 .text.USART_RxExt
                0x00000000       0x28 ./emlib/em_usart.o
 .text.USART_SpiTransfer
                0x00000000       0x40 ./emlib/em_usart.o
 .text.USART_Tx
                0x00000000       0x2c ./emlib/em_usart.o
 .text.USART_TxDouble
                0x00000000       0x2c ./emlib/em_usart.o
 .text.USART_TxDoubleExt
                0x00000000       0x28 ./emlib/em_usart.o
 .text.USART_TxExt
                0x00000000       0x2c ./emlib/em_usart.o
 .debug_info    0x00000000      0xe6a ./emlib/em_usart.o
 .debug_abbrev  0x00000000      0x1d4 ./emlib/em_usart.o
 .debug_loc     0x00000000      0x460 ./emlib/em_usart.o
 .debug_aranges
                0x00000000       0xb8 ./emlib/em_usart.o
 .debug_ranges  0x00000000       0xa8 ./emlib/em_usart.o
 .debug_line    0x00000000      0x50b ./emlib/em_usart.o
 .debug_str     0x00000000      0xdd5 ./emlib/em_usart.o
 .comment       0x00000000       0x71 ./emlib/em_usart.o
 .ARM.attributes
                0x00000000       0x37 ./emlib/em_usart.o
 .debug_frame   0x00000000      0x264 ./emlib/em_usart.o
 .data          0x00000000        0x0 ./CMSIS/efm32wg/startup_efm32wg.o
 .bss           0x00000000        0x0 ./CMSIS/efm32wg/startup_efm32wg.o
 .text          0x00000000        0x0 ./CMSIS/efm32wg/system_efm32wg.o
 .data          0x00000000        0x0 ./CMSIS/efm32wg/system_efm32wg.o
 .bss           0x00000000        0x0 ./CMSIS/efm32wg/system_efm32wg.o
 .text.SystemHFXOClockGet
                0x00000000       0x18 ./CMSIS/efm32wg/system_efm32wg.o
 .text.SystemHFXOClockSet
                0x00000000       0x2c ./CMSIS/efm32wg/system_efm32wg.o
 .text.SystemLFXOClockSet
                0x00000000       0x2c ./CMSIS/efm32wg/system_efm32wg.o
 .text          0x00000000        0x0 ./BSP/bsp_bcc.o
 .data          0x00000000        0x0 ./BSP/bsp_bcc.o
 .bss           0x00000000        0x0 ./BSP/bsp_bcc.o
 .bss.rxByteCount
                0x00000000        0x4 ./BSP/bsp_bcc.o
 .bss.txByteCount
                0x00000000        0x4 ./BSP/bsp_bcc.o
 .text.BSP_BccDeInit
                0x00000000       0x40 ./BSP/bsp_bcc.o
 .rodata        0x00000000       0x18 ./BSP/bsp_bcc.o
 .text.BSP_BccInit
                0x00000000       0x74 ./BSP/bsp_bcc.o
 .text.BSP_BccPacketReceive
                0x00000000       0xac ./BSP/bsp_bcc.o
 .text.BSP_BccPacketSend
                0x00000000       0x68 ./BSP/bsp_bcc.o
 .text.BSP_BccPinsEnable
                0x00000000       0x80 ./BSP/bsp_bcc.o
 .text.RxByte   0x00000000       0x3c ./BSP/bsp_bcc.o
 .text.TxByte   0x00000000       0x3c ./BSP/bsp_bcc.o
 .debug_info    0x00000000      0x817 ./BSP/bsp_bcc.o
 .debug_abbrev  0x00000000      0x1aa ./BSP/bsp_bcc.o
 .debug_loc     0x00000000      0x17c ./BSP/bsp_bcc.o
 .debug_aranges
                0x00000000       0x50 ./BSP/bsp_bcc.o
 .debug_ranges  0x00000000       0x40 ./BSP/bsp_bcc.o
 .debug_line    0x00000000      0x30a ./BSP/bsp_bcc.o
 .debug_str     0x00000000      0xa99 ./BSP/bsp_bcc.o
 .comment       0x00000000       0x71 ./BSP/bsp_bcc.o
 .ARM.attributes
                0x00000000       0x37 ./BSP/bsp_bcc.o
 .debug_frame   0x00000000       0xe8 ./BSP/bsp_bcc.o
 .text          0x00000000        0x0 ./BSP/bsp_stk.o
 .data          0x00000000        0x0 ./BSP/bsp_stk.o
 .bss           0x00000000        0x0 ./BSP/bsp_stk.o
 .text.BSP_Disable
                0x00000000       0x14 ./BSP/bsp_stk.o
 .rodata        0x00000000       0x50 ./BSP/bsp_stk.o
 .text.BSP_EbiInit
                0x00000000      0x11c ./BSP/bsp_stk.o
 .text.BSP_EbiDeInit
                0x00000000       0x10 ./BSP/bsp_stk.o
 .text.BSP_Init
                0x00000000       0x20 ./BSP/bsp_stk.o
 .text.BSP_CurrentGet
                0x00000000       0x44 ./BSP/bsp_stk.o
 .text.BSP_VoltageGet
                0x00000000       0x44 ./BSP/bsp_stk.o
 .debug_info    0x00000000      0xa18 ./BSP/bsp_stk.o
 .debug_abbrev  0x00000000      0x158 ./BSP/bsp_stk.o
 .debug_loc     0x00000000      0x13e ./BSP/bsp_stk.o
 .debug_aranges
                0x00000000       0x48 ./BSP/bsp_stk.o
 .debug_ranges  0x00000000       0x38 ./BSP/bsp_stk.o
 .debug_line    0x00000000      0x2b4 ./BSP/bsp_stk.o
 .debug_str     0x00000000      0xbc1 ./BSP/bsp_stk.o
 .comment       0x00000000       0x71 ./BSP/bsp_stk.o
 .ARM.attributes
                0x00000000       0x37 ./BSP/bsp_stk.o
 .debug_frame   0x00000000       0xc4 ./BSP/bsp_stk.o
 .text          0x00000000        0x0 ./BSP/bsp_stk_leds.o
 .data          0x00000000        0x0 ./BSP/bsp_stk_leds.o
 .bss           0x00000000        0x0 ./BSP/bsp_stk_leds.o
 .text.GPIO_PinOutClear
                0x00000000       0x4c ./BSP/bsp_stk_leds.o
 .text.GPIO_PinOutGet
                0x00000000       0x50 ./BSP/bsp_stk_leds.o
 .text.BSP_LedsGet
                0x00000000       0x5c ./BSP/bsp_stk_leds.o
 .text.BSP_LedsSet
                0x00000000       0x74 ./BSP/bsp_stk_leds.o
 .text.BSP_LedClear
                0x00000000       0x44 ./BSP/bsp_stk_leds.o
 .text.BSP_LedGet
                0x00000000       0x48 ./BSP/bsp_stk_leds.o
 .text          0x00000000        0x0 ./BSP/bsp_trace.o
 .data          0x00000000        0x0 ./BSP/bsp_trace.o
 .bss           0x00000000        0x0 ./BSP/bsp_trace.o
 .text          0x00000000        0x0 c:/siliconlabs/simplicitystudio/v2/developer/toolchains/gnu_arm/4.8_2013q4/bin/../lib/gcc/arm-none-eabi/4.8.3/../../../../arm-none-eabi/lib/armv7e-m/softfp\libc_s.a(lib_a-abs.o)
 .data          0x00000000        0x0 c:/siliconlabs/simplicitystudio/v2/developer/toolchains/gnu_arm/4.8_2013q4/bin/../lib/gcc/arm-none-eabi/4.8.3/../../../../arm-none-eabi/lib/armv7e-m/softfp\libc_s.a(lib_a-abs.o)
 .bss           0x00000000        0x0 c:/siliconlabs/simplicitystudio/v2/developer/toolchains/gnu_arm/4.8_2013q4/bin/../lib/gcc/arm-none-eabi/4.8.3/../../../../arm-none-eabi/lib/armv7e-m/softfp\libc_s.a(lib_a-abs.o)
 .text.abs      0x00000000        0x8 c:/siliconlabs/simplicitystudio/v2/developer/toolchains/gnu_arm/4.8_2013q4/bin/../lib/gcc/arm-none-eabi/4.8.3/../../../../arm-none-eabi/lib/armv7e-m/softfp\libc_s.a(lib_a-abs.o)
 .ARM.attributes
                0x00000000       0x32 c:/siliconlabs/simplicitystudio/v2/developer/toolchains/gnu_arm/4.8_2013q4/bin/../lib/gcc/arm-none-eabi/4.8.3/../../../../arm-none-eabi/lib/armv7e-m/softfp\libc_s.a(lib_a-abs.o)
 .debug_frame   0x00000000       0x20 c:/siliconlabs/simplicitystudio/v2/developer/toolchains/gnu_arm/4.8_2013q4/bin/../lib/gcc/arm-none-eabi/4.8.3/../../../../arm-none-eabi/lib/armv7e-m/softfp\libc_s.a(lib_a-abs.o)
 .text          0x00000000        0x0 c:/siliconlabs/simplicitystudio/v2/developer/toolchains/gnu_arm/4.8_2013q4/bin/../lib/gcc/arm-none-eabi/4.8.3/../../../../arm-none-eabi/lib/armv7e-m/softfp\libc_s.a(lib_a-exit.o)
 .data          0x00000000        0x0 c:/siliconlabs/simplicitystudio/v2/developer/toolchains/gnu_arm/4.8_2013q4/bin/../lib/gcc/arm-none-eabi/4.8.3/../../../../arm-none-eabi/lib/armv7e-m/softfp\libc_s.a(lib_a-exit.o)
 .bss           0x00000000        0x0 c:/siliconlabs/simplicitystudio/v2/developer/toolchains/gnu_arm/4.8_2013q4/bin/../lib/gcc/arm-none-eabi/4.8.3/../../../../arm-none-eabi/lib/armv7e-m/softfp\libc_s.a(lib_a-exit.o)
 .text          0x00000000        0x0 c:/siliconlabs/simplicitystudio/v2/developer/toolchains/gnu_arm/4.8_2013q4/bin/../lib/gcc/arm-none-eabi/4.8.3/../../../../arm-none-eabi/lib/armv7e-m/softfp\libc_s.a(lib_a-impure.o)
 .data          0x00000000        0x0 c:/siliconlabs/simplicitystudio/v2/developer/toolchains/gnu_arm/4.8_2013q4/bin/../lib/gcc/arm-none-eabi/4.8.3/../../../../arm-none-eabi/lib/armv7e-m/softfp\libc_s.a(lib_a-impure.o)
 .bss           0x00000000        0x0 c:/siliconlabs/simplicitystudio/v2/developer/toolchains/gnu_arm/4.8_2013q4/bin/../lib/gcc/arm-none-eabi/4.8.3/../../../../arm-none-eabi/lib/armv7e-m/softfp\libc_s.a(lib_a-impure.o)
 .data._impure_ptr
                0x00000000        0x4 c:/siliconlabs/simplicitystudio/v2/developer/toolchains/gnu_arm/4.8_2013q4/bin/../lib/gcc/arm-none-eabi/4.8.3/../../../../arm-none-eabi/lib/armv7e-m/softfp\libc_s.a(lib_a-impure.o)
 .text          0x00000000        0x0 c:/siliconlabs/simplicitystudio/v2/developer/toolchains/gnu_arm/4.8_2013q4/bin/../lib/gcc/arm-none-eabi/4.8.3/../../../../arm-none-eabi/lib/armv7e-m/softfp\libc_s.a(lib_a-init.o)
 .data          0x00000000        0x0 c:/siliconlabs/simplicitystudio/v2/developer/toolchains/gnu_arm/4.8_2013q4/bin/../lib/gcc/arm-none-eabi/4.8.3/../../../../arm-none-eabi/lib/armv7e-m/softfp\libc_s.a(lib_a-init.o)
 .bss           0x00000000        0x0 c:/siliconlabs/simplicitystudio/v2/developer/toolchains/gnu_arm/4.8_2013q4/bin/../lib/gcc/arm-none-eabi/4.8.3/../../../../arm-none-eabi/lib/armv7e-m/softfp\libc_s.a(lib_a-init.o)
 .text          0x00000000        0x0 c:/siliconlabs/simplicitystudio/v2/developer/toolchains/gnu_arm/4.8_2013q4/bin/../lib/gcc/arm-none-eabi/4.8.3/../../../../arm-none-eabi/lib/armv7e-m/softfp\libc_s.a(lib_a-memcpy-stub.o)
 .data          0x00000000        0x0 c:/siliconlabs/simplicitystudio/v2/developer/toolchains/gnu_arm/4.8_2013q4/bin/../lib/gcc/arm-none-eabi/4.8.3/../../../../arm-none-eabi/lib/armv7e-m/softfp\libc_s.a(lib_a-memcpy-stub.o)
 .bss           0x00000000        0x0 c:/siliconlabs/simplicitystudio/v2/developer/toolchains/gnu_arm/4.8_2013q4/bin/../lib/gcc/arm-none-eabi/4.8.3/../../../../arm-none-eabi/lib/armv7e-m/softfp\libc_s.a(lib_a-memcpy-stub.o)
 .text.memcpy   0x00000000       0x12 c:/siliconlabs/simplicitystudio/v2/developer/toolchains/gnu_arm/4.8_2013q4/bin/../lib/gcc/arm-none-eabi/4.8.3/../../../../arm-none-eabi/lib/armv7e-m/softfp\libc_s.a(lib_a-memcpy-stub.o)
 .ARM.attributes
                0x00000000       0x32 c:/siliconlabs/simplicitystudio/v2/developer/toolchains/gnu_arm/4.8_2013q4/bin/../lib/gcc/arm-none-eabi/4.8.3/../../../../arm-none-eabi/lib/armv7e-m/softfp\libc_s.a(lib_a-memcpy-stub.o)
 .debug_frame   0x00000000       0x28 c:/siliconlabs/simplicitystudio/v2/developer/toolchains/gnu_arm/4.8_2013q4/bin/../lib/gcc/arm-none-eabi/4.8.3/../../../../arm-none-eabi/lib/armv7e-m/softfp\libc_s.a(lib_a-memcpy-stub.o)
 .text          0x00000000        0x0 c:/siliconlabs/simplicitystudio/v2/developer/toolchains/gnu_arm/4.8_2013q4/bin/../lib/gcc/arm-none-eabi/4.8.3/../../../../arm-none-eabi/lib/armv7e-m/softfp\libc_s.a(lib_a-memset.o)
 .data          0x00000000        0x0 c:/siliconlabs/simplicitystudio/v2/developer/toolchains/gnu_arm/4.8_2013q4/bin/../lib/gcc/arm-none-eabi/4.8.3/../../../../arm-none-eabi/lib/armv7e-m/softfp\libc_s.a(lib_a-memset.o)
 .bss           0x00000000        0x0 c:/siliconlabs/simplicitystudio/v2/developer/toolchains/gnu_arm/4.8_2013q4/bin/../lib/gcc/arm-none-eabi/4.8.3/../../../../arm-none-eabi/lib/armv7e-m/softfp\libc_s.a(lib_a-memset.o)
 .text          0x00000000        0x0 c:/siliconlabs/simplicitystudio/v2/developer/toolchains/gnu_arm/4.8_2013q4/bin/../lib/gcc/arm-none-eabi/4.8.3/../../../../arm-none-eabi/lib/armv7e-m/softfp\libnosys.a(_exit.o)
 .data          0x00000000        0x0 c:/siliconlabs/simplicitystudio/v2/developer/toolchains/gnu_arm/4.8_2013q4/bin/../lib/gcc/arm-none-eabi/4.8.3/../../../../arm-none-eabi/lib/armv7e-m/softfp\libnosys.a(_exit.o)
 .bss           0x00000000        0x0 c:/siliconlabs/simplicitystudio/v2/developer/toolchains/gnu_arm/4.8_2013q4/bin/../lib/gcc/arm-none-eabi/4.8.3/../../../../arm-none-eabi/lib/armv7e-m/softfp\libnosys.a(_exit.o)
 .text          0x00000000        0x0 c:/siliconlabs/simplicitystudio/v2/developer/toolchains/gnu_arm/4.8_2013q4/bin/../lib/gcc/arm-none-eabi/4.8.3/armv7e-m/softfp/crtend.o
 .data          0x00000000        0x0 c:/siliconlabs/simplicitystudio/v2/developer/toolchains/gnu_arm/4.8_2013q4/bin/../lib/gcc/arm-none-eabi/4.8.3/armv7e-m/softfp/crtend.o
 .bss           0x00000000        0x0 c:/siliconlabs/simplicitystudio/v2/developer/toolchains/gnu_arm/4.8_2013q4/bin/../lib/gcc/arm-none-eabi/4.8.3/armv7e-m/softfp/crtend.o
 .jcr           0x00000000        0x4 c:/siliconlabs/simplicitystudio/v2/developer/toolchains/gnu_arm/4.8_2013q4/bin/../lib/gcc/arm-none-eabi/4.8.3/armv7e-m/softfp/crtend.o
 .text          0x00000000        0x0 c:/siliconlabs/simplicitystudio/v2/developer/toolchains/gnu_arm/4.8_2013q4/bin/../lib/gcc/arm-none-eabi/4.8.3/armv7e-m/softfp/crtn.o
 .data          0x00000000        0x0 c:/siliconlabs/simplicitystudio/v2/developer/toolchains/gnu_arm/4.8_2013q4/bin/../lib/gcc/arm-none-eabi/4.8.3/armv7e-m/softfp/crtn.o
 .bss           0x00000000        0x0 c:/siliconlabs/simplicitystudio/v2/developer/toolchains/gnu_arm/4.8_2013q4/bin/../lib/gcc/arm-none-eabi/4.8.3/armv7e-m/softfp/crtn.o

Memory Configuration

Name             Origin             Length             Attributes
FLASH            0x00000000         0x00040000         xr
RAM              0x20000000         0x00008000         xrw
*default*        0x00000000         0xffffffff

Linker script and memory map

LOAD c:/siliconlabs/simplicitystudio/v2/developer/toolchains/gnu_arm/4.8_2013q4/bin/../lib/gcc/arm-none-eabi/4.8.3/armv7e-m/softfp/crti.o
LOAD c:/siliconlabs/simplicitystudio/v2/developer/toolchains/gnu_arm/4.8_2013q4/bin/../lib/gcc/arm-none-eabi/4.8.3/armv7e-m/softfp/crtbegin.o
LOAD c:/siliconlabs/simplicitystudio/v2/developer/toolchains/gnu_arm/4.8_2013q4/bin/../lib/gcc/arm-none-eabi/4.8.3/../../../../arm-none-eabi/lib/armv7e-m/softfp/crt0.o
LOAD ./src/AD9106.o
LOAD ./src/SPFD5408.o
LOAD ./src/main.o
LOAD ./src/spi.o
LOAD ./src/utils.o
LOAD ./emlib/em_assert.o
LOAD ./emlib/em_cmu.o
LOAD ./emlib/em_ebi.o
LOAD ./emlib/em_emu.o
LOAD ./emlib/em_gpio.o
LOAD ./emlib/em_system.o
LOAD ./emlib/em_usart.o
LOAD ./CMSIS/efm32wg/startup_efm32wg.o
LOAD ./CMSIS/efm32wg/system_efm32wg.o
LOAD ./BSP/bsp_bcc.o
LOAD ./BSP/bsp_stk.o
LOAD ./BSP/bsp_stk_leds.o
LOAD ./BSP/bsp_trace.o
START GROUP
LOAD c:/siliconlabs/simplicitystudio/v2/developer/toolchains/gnu_arm/4.8_2013q4/bin/../lib/gcc/arm-none-eabi/4.8.3/armv7e-m/softfp\libgcc.a
LOAD c:/siliconlabs/simplicitystudio/v2/developer/toolchains/gnu_arm/4.8_2013q4/bin/../lib/gcc/arm-none-eabi/4.8.3/../../../../arm-none-eabi/lib/armv7e-m/softfp\libc_s.a
LOAD c:/siliconlabs/simplicitystudio/v2/developer/toolchains/gnu_arm/4.8_2013q4/bin/../lib/gcc/arm-none-eabi/4.8.3/../../../../arm-none-eabi/lib/armv7e-m/softfp\libnosys.a
END GROUP
START GROUP
LOAD c:/siliconlabs/simplicitystudio/v2/developer/toolchains/gnu_arm/4.8_2013q4/bin/../lib/gcc/arm-none-eabi/4.8.3/armv7e-m/softfp\libgcc.a
LOAD c:/siliconlabs/simplicitystudio/v2/developer/toolchains/gnu_arm/4.8_2013q4/bin/../lib/gcc/arm-none-eabi/4.8.3/../../../../arm-none-eabi/lib/armv7e-m/softfp\libg_s.a
LOAD c:/siliconlabs/simplicitystudio/v2/developer/toolchains/gnu_arm/4.8_2013q4/bin/../lib/gcc/arm-none-eabi/4.8.3/../../../../arm-none-eabi/lib/armv7e-m/softfp\libc_s.a
END GROUP
START GROUP
LOAD c:/siliconlabs/simplicitystudio/v2/developer/toolchains/gnu_arm/4.8_2013q4/bin/../lib/gcc/arm-none-eabi/4.8.3/armv7e-m/softfp\libgcc.a
LOAD c:/siliconlabs/simplicitystudio/v2/developer/toolchains/gnu_arm/4.8_2013q4/bin/../lib/gcc/arm-none-eabi/4.8.3/../../../../arm-none-eabi/lib/armv7e-m/softfp\libc_s.a
END GROUP
LOAD c:/siliconlabs/simplicitystudio/v2/developer/toolchains/gnu_arm/4.8_2013q4/bin/../lib/gcc/arm-none-eabi/4.8.3/armv7e-m/softfp/crtend.o
LOAD c:/siliconlabs/simplicitystudio/v2/developer/toolchains/gnu_arm/4.8_2013q4/bin/../lib/gcc/arm-none-eabi/4.8.3/armv7e-m/softfp/crtn.o

.text           0x00000000     0x1fb8
 *(.isr_vector)
 .isr_vector    0x00000000      0x100 ./CMSIS/efm32wg/startup_efm32wg.o
                0x00000000                __isr_vector
 *(.text*)
 .text          0x00000100       0x54 c:/siliconlabs/simplicitystudio/v2/developer/toolchains/gnu_arm/4.8_2013q4/bin/../lib/gcc/arm-none-eabi/4.8.3/armv7e-m/softfp/crtbegin.o
 .text          0x00000154       0x74 c:/siliconlabs/simplicitystudio/v2/developer/toolchains/gnu_arm/4.8_2013q4/bin/../lib/gcc/arm-none-eabi/4.8.3/../../../../arm-none-eabi/lib/armv7e-m/softfp/crt0.o
                0x00000154                _start
                0x00000154                _mainCRTStartup
 .text.GPIO_PinOutClear
                0x000001c8       0x4c ./src/SPFD5408.o
 .text.GPIO_PinOutSet
                0x00000214       0x4c ./src/SPFD5408.o
 .text.pinWrite
                0x00000260       0x38 ./src/SPFD5408.o
 .text.allDataPinsOutput
                0x00000298       0xc8 ./src/SPFD5408.o
 .text.allDataPinsLow
                0x00000360       0xa8 ./src/SPFD5408.o
 .text.pushData
                0x00000408      0x18c ./src/SPFD5408.o
 .text.SPFD5408SendCommand
                0x00000594       0x40 ./src/SPFD5408.o
 .text.SPFD5408SendData
                0x000005d4       0x38 ./src/SPFD5408.o
 .text.SPFD5408WriteData
                0x0000060c       0x28 ./src/SPFD5408.o
 .text.SPFD5408WriteCommand
                0x00000634       0x28 ./src/SPFD5408.o
 .text.SPFD5408WriteRegister
                0x0000065c       0x34 ./src/SPFD5408.o
 .text.SPFD5408Init
                0x00000690      0x1bc ./src/SPFD5408.o
                0x00000690                SPFD5408Init
 .text.SPFD5408PaintScreenBlack
                0x0000084c       0x3c ./src/SPFD5408.o
                0x0000084c                SPFD5408PaintScreenBlack
 .text.exitStandBy
                0x00000888       0x20 ./src/SPFD5408.o
 .text.SPFD5408SetOrientation
                0x000008a8       0x34 ./src/SPFD5408.o
                0x000008a8                SPFD5408SetOrientation
 .text.SPFD5408SetXY
                0x000008dc       0x30 ./src/SPFD5408.o
                0x000008dc                SPFD5408SetXY
 .text.SPFD5408DrawHorizontalLine
                0x0000090c       0x54 ./src/SPFD5408.o
                0x0000090c                SPFD5408DrawHorizontalLine
 .text.SPFD5408FillRectangle
                0x00000960       0x9c ./src/SPFD5408.o
                0x00000960                SPFD5408FillRectangle
 .text.SPFD5408DrawChar
                0x000009fc      0x170 ./src/SPFD5408.o
                0x000009fc                SPFD5408DrawChar
 .text.SPFD5408DrawString
                0x00000b6c       0xb8 ./src/SPFD5408.o
                0x00000b6c                SPFD5408DrawString
 .text.NVIC_SetPriority
                0x00000c24       0x54 ./src/main.o
 .text.SysTick_Config
                0x00000c78       0x44 ./src/main.o
 .text.CHIP_Init
                0x00000cbc        0xc ./src/main.o
 .text.main     0x00000cc8       0x8c ./src/main.o
                0x00000cc8                main
 .text.SysTick_Handler
                0x00000d54       0x1c ./src/utils.o
                0x00000d54                SysTick_Handler
 .text.Delay    0x00000d70       0x2c ./src/utils.o
                0x00000d70                Delay
 .text.assertEFM
                0x00000d9c        0xc ./emlib/em_assert.o
                0x00000d9c                assertEFM
 .text.BITBAND_Peripheral
                0x00000da8       0x2c ./emlib/em_cmu.o
 .text.CMU_DivToLog2
                0x00000dd4       0x44 ./emlib/em_cmu.o
 .text.CMU_USBCClkGet
                0x00000e18       0x4c ./emlib/em_cmu.o
 .text.CMU_AUXClkGet
                0x00000e64       0x8c ./emlib/em_cmu.o
 .text.CMU_DBGClkGet
                0x00000ef0       0x64 ./emlib/em_cmu.o
 .text.CMU_LFClkGet
                0x00000f54       0xc0 ./emlib/em_cmu.o
 .text.CMU_Sync
                0x00001014       0x34 ./emlib/em_cmu.o
 .text.CMU_ClockEnable
                0x00001048       0xec ./emlib/em_cmu.o
                0x00001048                CMU_ClockEnable
 .text.CMU_ClockFreqGet
                0x00001134      0x20c ./emlib/em_cmu.o
                0x00001134                CMU_ClockFreqGet
 .text.CMU_ClockSelectGet
                0x00001340      0x160 ./emlib/em_cmu.o
                0x00001340                CMU_ClockSelectGet
 .text.GPIO_PinModeSet
                0x000014a0      0x14c ./emlib/em_gpio.o
                0x000014a0                GPIO_PinModeSet
 .text          0x000015ec       0x98 ./CMSIS/efm32wg/startup_efm32wg.o
                0x000015ec                Reset_Handler
                0x00001620                Default_Handler
                0x00001622                NMI_Handler
                0x00001624                HardFault_Handler
                0x00001626                MemManage_Handler
                0x00001628                BusFault_Handler
                0x0000162a                UsageFault_Handler
                0x0000162c                SVC_Handler
                0x0000162e                DebugMon_Handler
                0x00001630                PendSV_Handler
                0x00001634                DMA_IRQHandler
                0x00001636                GPIO_EVEN_IRQHandler
                0x00001638                TIMER0_IRQHandler
                0x0000163a                USART0_RX_IRQHandler
                0x0000163c                USART0_TX_IRQHandler
                0x0000163e                USB_IRQHandler
                0x00001640                ACMP0_IRQHandler
                0x00001642                ADC0_IRQHandler
                0x00001644                DAC0_IRQHandler
                0x00001646                I2C0_IRQHandler
                0x00001648                I2C1_IRQHandler
                0x0000164a                GPIO_ODD_IRQHandler
                0x0000164c                TIMER1_IRQHandler
                0x0000164e                TIMER2_IRQHandler
                0x00001650                TIMER3_IRQHandler
                0x00001652                USART1_RX_IRQHandler
                0x00001654                USART1_TX_IRQHandler
                0x00001656                LESENSE_IRQHandler
                0x00001658                USART2_RX_IRQHandler
                0x0000165a                USART2_TX_IRQHandler
                0x0000165c                UART0_RX_IRQHandler
                0x0000165e                UART0_TX_IRQHandler
                0x00001660                UART1_RX_IRQHandler
                0x00001662                UART1_TX_IRQHandler
                0x00001664                LEUART0_IRQHandler
                0x00001666                LEUART1_IRQHandler
                0x00001668                LETIMER0_IRQHandler
                0x0000166a                PCNT0_IRQHandler
                0x0000166c                PCNT1_IRQHandler
                0x0000166e                PCNT2_IRQHandler
                0x00001670                RTC_IRQHandler
                0x00001672                BURTC_IRQHandler
                0x00001674                CMU_IRQHandler
                0x00001676                VCMP_IRQHandler
                0x00001678                LCD_IRQHandler
                0x0000167a                MSC_IRQHandler
                0x0000167c                AES_IRQHandler
                0x0000167e                EBI_IRQHandler
                0x00001680                EMU_IRQHandler
                0x00001682                FPUEH_IRQHandler
 .text.GetProdRev
                0x00001684       0x1c ./CMSIS/efm32wg/system_efm32wg.o
 .text.SystemCoreClockGet
                0x000016a0       0x48 ./CMSIS/efm32wg/system_efm32wg.o
                0x000016a0                SystemCoreClockGet
 .text.SystemHFClockGet
                0x000016e8       0xf0 ./CMSIS/efm32wg/system_efm32wg.o
                0x000016e8                SystemHFClockGet
 .text.SystemInit
                0x000017d8       0x20 ./CMSIS/efm32wg/system_efm32wg.o
                0x000017d8                SystemInit
 .text.SystemLFRCOClockGet
                0x000017f8       0x14 ./CMSIS/efm32wg/system_efm32wg.o
                0x000017f8                SystemLFRCOClockGet
 .text.SystemULFRCOClockGet
                0x0000180c       0x14 ./CMSIS/efm32wg/system_efm32wg.o
                0x0000180c                SystemULFRCOClockGet
 .text.SystemLFXOClockGet
                0x00001820       0x18 ./CMSIS/efm32wg/system_efm32wg.o
                0x00001820                SystemLFXOClockGet
 .text.GPIO_PinOutSet
                0x00001838       0x4c ./BSP/bsp_stk_leds.o
 .text.GPIO_PinOutToggle
                0x00001884       0x4c ./BSP/bsp_stk_leds.o
 .text.BSP_LedsInit
                0x000018d0       0x5c ./BSP/bsp_stk_leds.o
                0x000018d0                BSP_LedsInit
 .text.BSP_LedSet
                0x0000192c       0x44 ./BSP/bsp_stk_leds.o
                0x0000192c                BSP_LedSet
 .text.BSP_LedToggle
                0x00001970       0x44 ./BSP/bsp_stk_leds.o
                0x00001970                BSP_LedToggle
 .text.BSP_TraceSwoSetup
                0x000019b4       0xd8 ./BSP/bsp_trace.o
                0x000019b4                BSP_TraceSwoSetup
 .text.BSP_TraceProfilerSetup
                0x00001a8c       0x28 ./BSP/bsp_trace.o
                0x00001a8c                BSP_TraceProfilerSetup
 .text.exit     0x00001ab4       0x28 c:/siliconlabs/simplicitystudio/v2/developer/toolchains/gnu_arm/4.8_2013q4/bin/../lib/gcc/arm-none-eabi/4.8.3/../../../../arm-none-eabi/lib/armv7e-m/softfp\libc_s.a(lib_a-exit.o)
                0x00001ab4                exit
 .text.__libc_init_array
                0x00001adc       0x4c c:/siliconlabs/simplicitystudio/v2/developer/toolchains/gnu_arm/4.8_2013q4/bin/../lib/gcc/arm-none-eabi/4.8.3/../../../../arm-none-eabi/lib/armv7e-m/softfp\libc_s.a(lib_a-init.o)
                0x00001adc                __libc_init_array
 .text.memset   0x00001b28       0x10 c:/siliconlabs/simplicitystudio/v2/developer/toolchains/gnu_arm/4.8_2013q4/bin/../lib/gcc/arm-none-eabi/4.8.3/../../../../arm-none-eabi/lib/armv7e-m/softfp\libc_s.a(lib_a-memset.o)
                0x00001b28                memset
 .text._exit    0x00001b38        0x4 c:/siliconlabs/simplicitystudio/v2/developer/toolchains/gnu_arm/4.8_2013q4/bin/../lib/gcc/arm-none-eabi/4.8.3/../../../../arm-none-eabi/lib/armv7e-m/softfp\libnosys.a(_exit.o)
                0x00001b38                _exit
 *(.init)
 .init          0x00001b3c        0x4 c:/siliconlabs/simplicitystudio/v2/developer/toolchains/gnu_arm/4.8_2013q4/bin/../lib/gcc/arm-none-eabi/4.8.3/armv7e-m/softfp/crti.o
                0x00001b3c                _init
 .init          0x00001b40        0x8 c:/siliconlabs/simplicitystudio/v2/developer/toolchains/gnu_arm/4.8_2013q4/bin/../lib/gcc/arm-none-eabi/4.8.3/armv7e-m/softfp/crtn.o
 *(.fini)
 .fini          0x00001b48        0x4 c:/siliconlabs/simplicitystudio/v2/developer/toolchains/gnu_arm/4.8_2013q4/bin/../lib/gcc/arm-none-eabi/4.8.3/armv7e-m/softfp/crti.o
                0x00001b48                _fini
 .fini          0x00001b4c        0x8 c:/siliconlabs/simplicitystudio/v2/developer/toolchains/gnu_arm/4.8_2013q4/bin/../lib/gcc/arm-none-eabi/4.8.3/armv7e-m/softfp/crtn.o
 *crtbegin.o(.ctors)
 *crtbegin?.o(.ctors)
 *(EXCLUDE_FILE(*crtend.o *crtend?.o) .ctors)
 *(SORT(.ctors.*))
 *(.ctors)
 *crtbegin.o(.dtors)
 *crtbegin?.o(.dtors)
 *(EXCLUDE_FILE(*crtend.o *crtend?.o) .dtors)
 *(SORT(.dtors.*))
 *(.dtors)
 *(.rodata*)
 .rodata        0x00001b54       0x50 ./src/SPFD5408.o
 .rodata.simpleFont
                0x00001ba4      0x300 ./src/SPFD5408.o
                0x00001ba4                simpleFont
 .rodata        0x00001ea4        0x8 ./src/main.o
 .rodata        0x00001eac       0x50 ./emlib/em_cmu.o
 .rodata        0x00001efc       0x50 ./emlib/em_gpio.o
 .rodata        0x00001f4c       0x50 ./BSP/bsp_stk_leds.o
 .rodata.ledArray
                0x00001f9c       0x10 ./BSP/bsp_stk_leds.o
 .rodata.str1.1
                0x00001fac        0x2 c:/siliconlabs/simplicitystudio/v2/developer/toolchains/gnu_arm/4.8_2013q4/bin/../lib/gcc/arm-none-eabi/4.8.3/../../../../arm-none-eabi/lib/armv7e-m/softfp\libc_s.a(lib_a-impure.o)
 *fill*         0x00001fae        0x2 
 .rodata._global_impure_ptr
                0x00001fb0        0x4 c:/siliconlabs/simplicitystudio/v2/developer/toolchains/gnu_arm/4.8_2013q4/bin/../lib/gcc/arm-none-eabi/4.8.3/../../../../arm-none-eabi/lib/armv7e-m/softfp\libc_s.a(lib_a-impure.o)
                0x00001fb0                _global_impure_ptr
 *(.eh_frame*)
 .eh_frame      0x00001fb4        0x0 c:/siliconlabs/simplicitystudio/v2/developer/toolchains/gnu_arm/4.8_2013q4/bin/../lib/gcc/arm-none-eabi/4.8.3/armv7e-m/softfp/crtbegin.o
 .eh_frame      0x00001fb4        0x4 c:/siliconlabs/simplicitystudio/v2/developer/toolchains/gnu_arm/4.8_2013q4/bin/../lib/gcc/arm-none-eabi/4.8.3/armv7e-m/softfp/crtend.o

.glue_7         0x00001fb8        0x0
 .glue_7        0x00000000        0x0 linker stubs

.glue_7t        0x00001fb8        0x0
 .glue_7t       0x00000000        0x0 linker stubs

.vfp11_veneer   0x00001fb8        0x0
 .vfp11_veneer  0x00000000        0x0 linker stubs

.v4_bx          0x00001fb8        0x0
 .v4_bx         0x00000000        0x0 linker stubs

.iplt           0x00001fb8        0x0
 .iplt          0x00000000        0x0 c:/siliconlabs/simplicitystudio/v2/developer/toolchains/gnu_arm/4.8_2013q4/bin/../lib/gcc/arm-none-eabi/4.8.3/armv7e-m/softfp/crtbegin.o

.ARM.extab
 *(.ARM.extab* .gnu.linkonce.armextab.*)
                0x00001fb8                __exidx_start = .

.ARM.exidx      0x00001fb8        0x8
 *(.ARM.exidx* .gnu.linkonce.armexidx.*)
 .ARM.exidx     0x00001fb8        0x8 c:/siliconlabs/simplicitystudio/v2/developer/toolchains/gnu_arm/4.8_2013q4/bin/../lib/gcc/arm-none-eabi/4.8.3/../../../../arm-none-eabi/lib/armv7e-m/softfp/crt0.o
                0x00001fc0                __exidx_end = .
                0x00001fc0                __etext = .

.rel.dyn        0x00001fc0        0x0
 .rel.iplt      0x00000000        0x0 c:/siliconlabs/simplicitystudio/v2/developer/toolchains/gnu_arm/4.8_2013q4/bin/../lib/gcc/arm-none-eabi/4.8.3/armv7e-m/softfp/crtbegin.o

.data           0x20000000       0x70 load address 0x00001fc0
                0x20000000                __data_start__ = .
 *(vtable)
 *(.data*)
 .data.SystemHFXOClock
                0x20000000        0x4 ./CMSIS/efm32wg/system_efm32wg.o
 .data.SystemLFXOClock
                0x20000004        0x4 ./CMSIS/efm32wg/system_efm32wg.o
 .data.impure_data
                0x20000008       0x60 c:/siliconlabs/simplicitystudio/v2/developer/toolchains/gnu_arm/4.8_2013q4/bin/../lib/gcc/arm-none-eabi/4.8.3/../../../../arm-none-eabi/lib/armv7e-m/softfp\libc_s.a(lib_a-impure.o)
                0x20000068                . = ALIGN (0x4)
 *(.ram)
                0x20000068                . = ALIGN (0x4)
                0x20000068                PROVIDE (__preinit_array_start, .)
 *(.preinit_array)
                0x20000068                PROVIDE (__preinit_array_end, .)
                0x20000068                . = ALIGN (0x4)
                0x20000068                PROVIDE (__init_array_start, .)
 *(SORT(.init_array.*))
 *(.init_array)
 .init_array    0x20000068        0x4 c:/siliconlabs/simplicitystudio/v2/developer/toolchains/gnu_arm/4.8_2013q4/bin/../lib/gcc/arm-none-eabi/4.8.3/armv7e-m/softfp/crtbegin.o
                0x2000006c                PROVIDE (__init_array_end, .)
                0x2000006c                . = ALIGN (0x4)
                0x2000006c                PROVIDE (__fini_array_start, .)
 *(SORT(.fini_array.*))
 *(.fini_array)
 .fini_array    0x2000006c        0x4 c:/siliconlabs/simplicitystudio/v2/developer/toolchains/gnu_arm/4.8_2013q4/bin/../lib/gcc/arm-none-eabi/4.8.3/armv7e-m/softfp/crtbegin.o
                0x20000070                PROVIDE (__fini_array_end, .)
                0x20000070                . = ALIGN (0x4)
                0x20000070                __data_end__ = .

.jcr            0x20000070        0x0 load address 0x00002030
 .jcr           0x20000070        0x0 c:/siliconlabs/simplicitystudio/v2/developer/toolchains/gnu_arm/4.8_2013q4/bin/../lib/gcc/arm-none-eabi/4.8.3/armv7e-m/softfp/crtbegin.o

.igot.plt       0x20000070        0x0 load address 0x00002030
 .igot.plt      0x00000000        0x0 c:/siliconlabs/simplicitystudio/v2/developer/toolchains/gnu_arm/4.8_2013q4/bin/../lib/gcc/arm-none-eabi/4.8.3/armv7e-m/softfp/crtbegin.o

.bss            0x20000070       0x28 load address 0x00002030
                0x20000070                __bss_start__ = .
 *(.bss*)
 .bss           0x20000070       0x1c c:/siliconlabs/simplicitystudio/v2/developer/toolchains/gnu_arm/4.8_2013q4/bin/../lib/gcc/arm-none-eabi/4.8.3/armv7e-m/softfp/crtbegin.o
 .bss.DisplayDirect
                0x2000008c        0x1 ./src/SPFD5408.o
 *(COMMON)
 *fill*         0x2000008d        0x3 
 COMMON         0x20000090        0x4 ./src/utils.o
                0x20000090                msTicks
 COMMON         0x20000094        0x4 ./CMSIS/efm32wg/system_efm32wg.o
                0x20000094                SystemCoreClock
                0x20000098                __bss_end__ = .

.heap           0x20000098      0xc00
                0x20000098                __end__ = .
                0x20000098                end = __end__
                0x20000098                _end = __end__
 *(.heap*)
 .heap          0x20000098      0xc00 ./CMSIS/efm32wg/startup_efm32wg.o
                0x20000098                __HeapBase
                0x20000c98                __HeapLimit = .

.stack_dummy    0x20000098      0x400
 *(.stack)
 .stack         0x20000098      0x400 ./CMSIS/efm32wg/startup_efm32wg.o
                0x20008000                __StackTop = (ORIGIN (RAM) + 0x8000)
                0x20007c00                __StackLimit = (__StackTop - SIZEOF (.stack_dummy))
                0x20008000                PROVIDE (__stack, __StackTop)
                0x00000001                ASSERT ((__StackLimit >= __HeapLimit), region RAM overflowed with stack)
                0x00000001                ASSERT ((0x40000 >= (__etext + SIZEOF (.data))), FLASH memory overflowed !)
OUTPUT(SignalGenerator.axf elf32-littlearm)

.ARM.attributes
                0x00000000       0x2e
 .ARM.attributes
                0x00000000       0x22 c:/siliconlabs/simplicitystudio/v2/developer/toolchains/gnu_arm/4.8_2013q4/bin/../lib/gcc/arm-none-eabi/4.8.3/armv7e-m/softfp/crti.o
 .ARM.attributes
                0x00000022       0x32 c:/siliconlabs/simplicitystudio/v2/developer/toolchains/gnu_arm/4.8_2013q4/bin/../lib/gcc/arm-none-eabi/4.8.3/armv7e-m/softfp/crtbegin.o
 .ARM.attributes
                0x00000054       0x20 c:/siliconlabs/simplicitystudio/v2/developer/toolchains/gnu_arm/4.8_2013q4/bin/../lib/gcc/arm-none-eabi/4.8.3/../../../../arm-none-eabi/lib/armv7e-m/softfp/crt0.o
 .ARM.attributes
                0x00000074       0x37 ./src/SPFD5408.o
 .ARM.attributes
                0x000000ab       0x37 ./src/main.o
 .ARM.attributes
                0x000000e2       0x37 ./src/utils.o
 .ARM.attributes
                0x00000119       0x37 ./emlib/em_assert.o
 .ARM.attributes
                0x00000150       0x37 ./emlib/em_cmu.o
 .ARM.attributes
                0x00000187       0x37 ./emlib/em_gpio.o
 .ARM.attributes
                0x000001be       0x1b ./CMSIS/efm32wg/startup_efm32wg.o
 .ARM.attributes
                0x000001d9       0x37 ./CMSIS/efm32wg/system_efm32wg.o
 .ARM.attributes
                0x00000210       0x37 ./BSP/bsp_stk_leds.o
 .ARM.attributes
                0x00000247       0x37 ./BSP/bsp_trace.o
 .ARM.attributes
                0x0000027e       0x32 c:/siliconlabs/simplicitystudio/v2/developer/toolchains/gnu_arm/4.8_2013q4/bin/../lib/gcc/arm-none-eabi/4.8.3/../../../../arm-none-eabi/lib/armv7e-m/softfp\libc_s.a(lib_a-exit.o)
 .ARM.attributes
                0x000002b0       0x32 c:/siliconlabs/simplicitystudio/v2/developer/toolchains/gnu_arm/4.8_2013q4/bin/../lib/gcc/arm-none-eabi/4.8.3/../../../../arm-none-eabi/lib/armv7e-m/softfp\libc_s.a(lib_a-impure.o)
 .ARM.attributes
                0x000002e2       0x32 c:/siliconlabs/simplicitystudio/v2/developer/toolchains/gnu_arm/4.8_2013q4/bin/../lib/gcc/arm-none-eabi/4.8.3/../../../../arm-none-eabi/lib/armv7e-m/softfp\libc_s.a(lib_a-init.o)
 .ARM.attributes
                0x00000314       0x32 c:/siliconlabs/simplicitystudio/v2/developer/toolchains/gnu_arm/4.8_2013q4/bin/../lib/gcc/arm-none-eabi/4.8.3/../../../../arm-none-eabi/lib/armv7e-m/softfp\libc_s.a(lib_a-memset.o)
 .ARM.attributes
                0x00000346       0x32 c:/siliconlabs/simplicitystudio/v2/developer/toolchains/gnu_arm/4.8_2013q4/bin/../lib/gcc/arm-none-eabi/4.8.3/../../../../arm-none-eabi/lib/armv7e-m/softfp\libnosys.a(_exit.o)
 .ARM.attributes
                0x00000378       0x32 c:/siliconlabs/simplicitystudio/v2/developer/toolchains/gnu_arm/4.8_2013q4/bin/../lib/gcc/arm-none-eabi/4.8.3/armv7e-m/softfp/crtend.o
 .ARM.attributes
                0x000003aa       0x22 c:/siliconlabs/simplicitystudio/v2/developer/toolchains/gnu_arm/4.8_2013q4/bin/../lib/gcc/arm-none-eabi/4.8.3/armv7e-m/softfp/crtn.o

.comment        0x00000000       0x70
 .comment       0x00000000       0x70 ./src/SPFD5408.o
                                 0x71 (size before relaxing)
 .comment       0x00000000       0x71 ./src/main.o
 .comment       0x00000000       0x71 ./src/utils.o
 .comment       0x00000000       0x71 ./emlib/em_assert.o
 .comment       0x00000000       0x71 ./emlib/em_cmu.o
 .comment       0x00000000       0x71 ./emlib/em_gpio.o
 .comment       0x00000000       0x71 ./CMSIS/efm32wg/system_efm32wg.o
 .comment       0x00000000       0x71 ./BSP/bsp_stk_leds.o
 .comment       0x00000000       0x71 ./BSP/bsp_trace.o

.debug_info     0x00000000     0x450c
 .debug_info    0x00000000      0xdfd ./src/SPFD5408.o
 .debug_info    0x00000dfd      0x748 ./src/main.o
 .debug_info    0x00001545       0xdf ./src/utils.o
 .debug_info    0x00001624       0x76 ./emlib/em_assert.o
 .debug_info    0x0000169a      0xfb4 ./emlib/em_cmu.o
 .debug_info    0x0000264e      0x4d0 ./emlib/em_gpio.o
 .debug_info    0x00002b1e       0xf0 ./CMSIS/efm32wg/startup_efm32wg.o
 .debug_info    0x00002c0e      0x6e8 ./CMSIS/efm32wg/system_efm32wg.o
 .debug_info    0x000032f6      0x72f ./BSP/bsp_stk_leds.o
 .debug_info    0x00003a25      0xae7 ./BSP/bsp_trace.o

.debug_abbrev   0x00000000      0xc9a
 .debug_abbrev  0x00000000      0x217 ./src/SPFD5408.o
 .debug_abbrev  0x00000217      0x14e ./src/main.o
 .debug_abbrev  0x00000365       0xa1 ./src/utils.o
 .debug_abbrev  0x00000406       0x63 ./emlib/em_assert.o
 .debug_abbrev  0x00000469      0x2b9 ./emlib/em_cmu.o
 .debug_abbrev  0x00000722      0x11e ./emlib/em_gpio.o
 .debug_abbrev  0x00000840       0x14 ./CMSIS/efm32wg/startup_efm32wg.o
 .debug_abbrev  0x00000854      0x1a3 ./CMSIS/efm32wg/system_efm32wg.o
 .debug_abbrev  0x000009f7      0x14f ./BSP/bsp_stk_leds.o
 .debug_abbrev  0x00000b46      0x154 ./BSP/bsp_trace.o

.debug_loc      0x00000000     0x1508
 .debug_loc     0x00000000      0x6fc ./src/SPFD5408.o
 .debug_loc     0x000006fc       0xd4 ./src/main.o
 .debug_loc     0x000007d0       0x64 ./src/utils.o
 .debug_loc     0x00000834       0x38 ./emlib/em_assert.o
 .debug_loc     0x0000086c      0x6d0 ./emlib/em_cmu.o
 .debug_loc     0x00000f3c      0x118 ./emlib/em_gpio.o
 .debug_loc     0x00001054      0x1e8 ./CMSIS/efm32wg/system_efm32wg.o
 .debug_loc     0x0000123c      0x268 ./BSP/bsp_stk_leds.o
 .debug_loc     0x000014a4       0x64 ./BSP/bsp_trace.o

.debug_aranges  0x00000000      0x418
 .debug_aranges
                0x00000000      0x120 ./src/SPFD5408.o
 .debug_aranges
                0x00000120       0x38 ./src/main.o
 .debug_aranges
                0x00000158       0x28 ./src/utils.o
 .debug_aranges
                0x00000180       0x20 ./emlib/em_assert.o
 .debug_aranges
                0x000001a0      0x118 ./emlib/em_cmu.o
 .debug_aranges
                0x000002b8       0x40 ./emlib/em_gpio.o
 .debug_aranges
                0x000002f8       0x20 ./CMSIS/efm32wg/startup_efm32wg.o
 .debug_aranges
                0x00000318       0x68 ./CMSIS/efm32wg/system_efm32wg.o
 .debug_aranges
                0x00000380       0x70 ./BSP/bsp_stk_leds.o
 .debug_aranges
                0x000003f0       0x28 ./BSP/bsp_trace.o

.debug_ranges   0x00000000      0x368
 .debug_ranges  0x00000000      0x110 ./src/SPFD5408.o
 .debug_ranges  0x00000110       0x28 ./src/main.o
 .debug_ranges  0x00000138       0x18 ./src/utils.o
 .debug_ranges  0x00000150       0x10 ./emlib/em_assert.o
 .debug_ranges  0x00000160      0x108 ./emlib/em_cmu.o
 .debug_ranges  0x00000268       0x30 ./emlib/em_gpio.o
 .debug_ranges  0x00000298       0x58 ./CMSIS/efm32wg/system_efm32wg.o
 .debug_ranges  0x000002f0       0x60 ./BSP/bsp_stk_leds.o
 .debug_ranges  0x00000350       0x18 ./BSP/bsp_trace.o

.debug_line     0x00000000     0x1e02
 .debug_line    0x00000000      0x670 ./src/SPFD5408.o
 .debug_line    0x00000670      0x23c ./src/main.o
 .debug_line    0x000008ac       0xc6 ./src/utils.o
 .debug_line    0x00000972       0x85 ./emlib/em_assert.o
 .debug_line    0x000009f7      0x81f ./emlib/em_cmu.o
 .debug_line    0x00001216      0x2cb ./emlib/em_gpio.o
 .debug_line    0x000014e1       0xec ./CMSIS/efm32wg/startup_efm32wg.o
 .debug_line    0x000015cd      0x2b2 ./CMSIS/efm32wg/system_efm32wg.o
 .debug_line    0x0000187f      0x378 ./BSP/bsp_stk_leds.o
 .debug_line    0x00001bf7      0x20b ./BSP/bsp_trace.o

.debug_str      0x00000000     0x1a61
 .debug_str     0x00000000      0x948 ./src/SPFD5408.o
                                0x9a7 (size before relaxing)
 .debug_str     0x00000948      0x373 ./src/main.o
                                0x7f7 (size before relaxing)
 .debug_str     0x00000cbb       0x3f ./src/utils.o
                                0x217 (size before relaxing)
 .debug_str     0x00000cfa       0x65 ./emlib/em_assert.o
                                0x160 (size before relaxing)
 .debug_str     0x00000d5f      0x786 ./emlib/em_cmu.o
                                0xbe8 (size before relaxing)
 .debug_str     0x000014e5      0x12f ./emlib/em_gpio.o
                                0x55e (size before relaxing)
 .debug_str     0x00001614      0x14d ./CMSIS/efm32wg/system_efm32wg.o
                                0x4f8 (size before relaxing)
 .debug_str     0x00001761       0xe7 ./BSP/bsp_stk_leds.o
                                0x783 (size before relaxing)
 .debug_str     0x00001848      0x219 ./BSP/bsp_trace.o
                                0x585 (size before relaxing)

.debug_frame    0x00000000      0xcf8
 .debug_frame   0x00000000      0x418 ./src/SPFD5408.o
 .debug_frame   0x00000418       0x84 ./src/main.o
 .debug_frame   0x0000049c       0x44 ./src/utils.o
 .debug_frame   0x000004e0       0x2c ./emlib/em_assert.o
 .debug_frame   0x0000050c      0x3d4 ./emlib/em_cmu.o
 .debug_frame   0x000008e0       0xac ./emlib/em_gpio.o
 .debug_frame   0x0000098c      0x120 ./CMSIS/efm32wg/system_efm32wg.o
 .debug_frame   0x00000aac      0x170 ./BSP/bsp_stk_leds.o
 .debug_frame   0x00000c1c       0x48 ./BSP/bsp_trace.o
 .debug_frame   0x00000c64       0x28 c:/siliconlabs/simplicitystudio/v2/developer/toolchains/gnu_arm/4.8_2013q4/bin/../lib/gcc/arm-none-eabi/4.8.3/../../../../arm-none-eabi/lib/armv7e-m/softfp\libc_s.a(lib_a-exit.o)
 .debug_frame   0x00000c8c       0x2c c:/siliconlabs/simplicitystudio/v2/developer/toolchains/gnu_arm/4.8_2013q4/bin/../lib/gcc/arm-none-eabi/4.8.3/../../../../arm-none-eabi/lib/armv7e-m/softfp\libc_s.a(lib_a-init.o)
 .debug_frame   0x00000cb8       0x20 c:/siliconlabs/simplicitystudio/v2/developer/toolchains/gnu_arm/4.8_2013q4/bin/../lib/gcc/arm-none-eabi/4.8.3/../../../../arm-none-eabi/lib/armv7e-m/softfp\libc_s.a(lib_a-memset.o)
 .debug_frame   0x00000cd8       0x20 c:/siliconlabs/simplicitystudio/v2/developer/toolchains/gnu_arm/4.8_2013q4/bin/../lib/gcc/arm-none-eabi/4.8.3/../../../../arm-none-eabi/lib/armv7e-m/softfp\libnosys.a(_exit.o)
