Archive member included because of file (symbol)

c:/siliconlabs/simplicitystudio/v2/developer/toolchains/gnu_arm/4.8_2013q4/bin/../lib/gcc/arm-none-eabi/4.8.3/../../../../arm-none-eabi/lib/armv7e-m/softfp\libc_s.a(lib_a-exit.o)
                              c:/siliconlabs/simplicitystudio/v2/developer/toolchains/gnu_arm/4.8_2013q4/bin/../lib/gcc/arm-none-eabi/4.8.3/../../../../arm-none-eabi/lib/armv7e-m/softfp/crt0.o (exit)
c:/siliconlabs/simplicitystudio/v2/developer/toolchains/gnu_arm/4.8_2013q4/bin/../lib/gcc/arm-none-eabi/4.8.3/../../../../arm-none-eabi/lib/armv7e-m/softfp\libc_s.a(lib_a-impure.o)
                              c:/siliconlabs/simplicitystudio/v2/developer/toolchains/gnu_arm/4.8_2013q4/bin/../lib/gcc/arm-none-eabi/4.8.3/../../../../arm-none-eabi/lib/armv7e-m/softfp\libc_s.a(lib_a-exit.o) (_global_impure_ptr)
c:/siliconlabs/simplicitystudio/v2/developer/toolchains/gnu_arm/4.8_2013q4/bin/../lib/gcc/arm-none-eabi/4.8.3/../../../../arm-none-eabi/lib/armv7e-m/softfp\libc_s.a(lib_a-init.o)
                              c:/siliconlabs/simplicitystudio/v2/developer/toolchains/gnu_arm/4.8_2013q4/bin/../lib/gcc/arm-none-eabi/4.8.3/../../../../arm-none-eabi/lib/armv7e-m/softfp/crt0.o (__libc_init_array)
c:/siliconlabs/simplicitystudio/v2/developer/toolchains/gnu_arm/4.8_2013q4/bin/../lib/gcc/arm-none-eabi/4.8.3/../../../../arm-none-eabi/lib/armv7e-m/softfp\libc_s.a(lib_a-memcpy-stub.o)
                              ./BSP/bsp_stk.o (memcpy)
c:/siliconlabs/simplicitystudio/v2/developer/toolchains/gnu_arm/4.8_2013q4/bin/../lib/gcc/arm-none-eabi/4.8.3/../../../../arm-none-eabi/lib/armv7e-m/softfp\libc_s.a(lib_a-memset.o)
                              c:/siliconlabs/simplicitystudio/v2/developer/toolchains/gnu_arm/4.8_2013q4/bin/../lib/gcc/arm-none-eabi/4.8.3/../../../../arm-none-eabi/lib/armv7e-m/softfp/crt0.o (memset)
c:/siliconlabs/simplicitystudio/v2/developer/toolchains/gnu_arm/4.8_2013q4/bin/../lib/gcc/arm-none-eabi/4.8.3/../../../../arm-none-eabi/lib/armv7e-m/softfp\libnosys.a(_exit.o)
                              c:/siliconlabs/simplicitystudio/v2/developer/toolchains/gnu_arm/4.8_2013q4/bin/../lib/gcc/arm-none-eabi/4.8.3/../../../../arm-none-eabi/lib/armv7e-m/softfp\libc_s.a(lib_a-exit.o) (_exit)

Allocating common symbols
Common symbol       size              file

SystemCoreClock     0x4               ./CMSIS/efm32wg/system_efm32wg.o
msTicks             0x4               ./src/main.o

Discarded input sections

 .text          0x00000000        0x0 c:/siliconlabs/simplicitystudio/v2/developer/toolchains/gnu_arm/4.8_2013q4/bin/../lib/gcc/arm-none-eabi/4.8.3/armv7e-m/softfp/crti.o
 .data          0x00000000        0x0 c:/siliconlabs/simplicitystudio/v2/developer/toolchains/gnu_arm/4.8_2013q4/bin/../lib/gcc/arm-none-eabi/4.8.3/armv7e-m/softfp/crti.o
 .bss           0x00000000        0x0 c:/siliconlabs/simplicitystudio/v2/developer/toolchains/gnu_arm/4.8_2013q4/bin/../lib/gcc/arm-none-eabi/4.8.3/armv7e-m/softfp/crti.o
 .data          0x00000000        0x4 c:/siliconlabs/simplicitystudio/v2/developer/toolchains/gnu_arm/4.8_2013q4/bin/../lib/gcc/arm-none-eabi/4.8.3/armv7e-m/softfp/crtbegin.o
 .data          0x00000000        0x0 c:/siliconlabs/simplicitystudio/v2/developer/toolchains/gnu_arm/4.8_2013q4/bin/../lib/gcc/arm-none-eabi/4.8.3/../../../../arm-none-eabi/lib/armv7e-m/softfp/crt0.o
 .bss           0x00000000        0x0 c:/siliconlabs/simplicitystudio/v2/developer/toolchains/gnu_arm/4.8_2013q4/bin/../lib/gcc/arm-none-eabi/4.8.3/../../../../arm-none-eabi/lib/armv7e-m/softfp/crt0.o
 .ARM.extab     0x00000000        0x0 c:/siliconlabs/simplicitystudio/v2/developer/toolchains/gnu_arm/4.8_2013q4/bin/../lib/gcc/arm-none-eabi/4.8.3/../../../../arm-none-eabi/lib/armv7e-m/softfp/crt0.o
 .text          0x00000000        0x0 ./src/AD9106.o
 .data          0x00000000        0x0 ./src/AD9106.o
 .bss           0x00000000        0x0 ./src/AD9106.o
 .text.writeReg
                0x00000000       0x44 ./src/AD9106.o
 .text.readReg  0x00000000       0x3c ./src/AD9106.o
 .debug_info    0x00000000      0x15b ./src/AD9106.o
 .debug_abbrev  0x00000000       0x94 ./src/AD9106.o
 .debug_loc     0x00000000       0x70 ./src/AD9106.o
 .debug_aranges
                0x00000000       0x28 ./src/AD9106.o
 .debug_ranges  0x00000000       0x18 ./src/AD9106.o
 .debug_line    0x00000000      0x11a ./src/AD9106.o
 .debug_str     0x00000000      0x241 ./src/AD9106.o
 .comment       0x00000000       0x71 ./src/AD9106.o
 .ARM.attributes
                0x00000000       0x37 ./src/AD9106.o
 .debug_frame   0x00000000       0x50 ./src/AD9106.o
 .text          0x00000000        0x0 ./src/main.o
 .data          0x00000000        0x0 ./src/main.o
 .bss           0x00000000        0x0 ./src/main.o
 .text          0x00000000        0x0 ./src/spi.o
 .data          0x00000000        0x0 ./src/spi.o
 .bss           0x00000000        0x0 ./src/spi.o
 .rodata        0x00000000       0x18 ./src/spi.o
 .text.spiInit  0x00000000       0xe0 ./src/spi.o
 .text.spiDisable
                0x00000000       0x54 ./src/spi.o
 .text.spiTransfer
                0x00000000       0x6c ./src/spi.o
 .text.spiSendByte
                0x00000000       0x34 ./src/spi.o
 .text.spiGetByte
                0x00000000       0x2c ./src/spi.o
 .debug_info    0x00000000      0x6ae ./src/spi.o
 .debug_abbrev  0x00000000      0x148 ./src/spi.o
 .debug_loc     0x00000000      0x100 ./src/spi.o
 .debug_aranges
                0x00000000       0x40 ./src/spi.o
 .debug_ranges  0x00000000       0x30 ./src/spi.o
 .debug_line    0x00000000      0x264 ./src/spi.o
 .debug_str     0x00000000      0x9ba ./src/spi.o
 .comment       0x00000000       0x71 ./src/spi.o
 .ARM.attributes
                0x00000000       0x37 ./src/spi.o
 .debug_frame   0x00000000       0xac ./src/spi.o
 .text          0x00000000        0x0 ./emlib/em_assert.o
 .data          0x00000000        0x0 ./emlib/em_assert.o
 .bss           0x00000000        0x0 ./emlib/em_assert.o
 .text          0x00000000        0x0 ./emlib/em_cmu.o
 .data          0x00000000        0x0 ./emlib/em_cmu.o
 .bss           0x00000000        0x0 ./emlib/em_cmu.o
 .text.CMU_FlashWaitStateMax
                0x00000000       0x64 ./emlib/em_cmu.o
 .text.CMU_Log2ToDiv
                0x00000000       0x1c ./emlib/em_cmu.o
 .text.CMU_FlashWaitStateControl
                0x00000000       0xcc ./emlib/em_cmu.o
 .text.CMU_Calibrate
                0x00000000       0xa4 ./emlib/em_cmu.o
 .text.CMU_CalibrateConfig
                0x00000000       0xfc ./emlib/em_cmu.o
 .text.CMU_ClockDivGet
                0x00000000      0x18c ./emlib/em_cmu.o
 .text.CMU_ClockDivSet
                0x00000000      0x2e8 ./emlib/em_cmu.o
 .text.CMU_ClockSelectSet
                0x00000000      0x2d4 ./emlib/em_cmu.o
 .text.CMU_FreezeEnable
                0x00000000       0x38 ./emlib/em_cmu.o
 .text.CMU_AUXHFRCOBandGet
                0x00000000       0x20 ./emlib/em_cmu.o
 .text.CMU_AUXHFRCOBandSet
                0x00000000       0xb8 ./emlib/em_cmu.o
 .text.CMU_HFRCOBandGet
                0x00000000       0x20 ./emlib/em_cmu.o
 .text.CMU_HFRCOBandSet
                0x00000000       0xd8 ./emlib/em_cmu.o
 .text.CMU_HFRCOStartupDelayGet
                0x00000000       0x1c ./emlib/em_cmu.o
 .text.CMU_HFRCOStartupDelaySet
                0x00000000       0x40 ./emlib/em_cmu.o
 .text.CMU_LCDClkFDIVGet
                0x00000000       0x1c ./emlib/em_cmu.o
 .text.CMU_LCDClkFDIVSet
                0x00000000       0x4c ./emlib/em_cmu.o
 .text.CMU_OscillatorEnable
                0x00000000       0xd0 ./emlib/em_cmu.o
 .text.CMU_OscillatorTuningGet
                0x00000000       0x5c ./emlib/em_cmu.o
 .text.CMU_OscillatorTuningSet
                0x00000000       0xb0 ./emlib/em_cmu.o
 .text.CMU_PCNTClockExternalGet
                0x00000000       0x64 ./emlib/em_cmu.o
 .text.CMU_PCNTClockExternalSet
                0x00000000       0x48 ./emlib/em_cmu.o
 .text          0x00000000        0x0 ./emlib/em_ebi.o
 .data          0x00000000        0x0 ./emlib/em_ebi.o
 .bss           0x00000000        0x0 ./emlib/em_ebi.o
 .text.EBI_TFTFrameBaseSet
                0x00000000       0x1c ./emlib/em_ebi.o
 .text.BITBAND_Peripheral
                0x00000000       0x2c ./emlib/em_ebi.o
 .text.EBI_Init
                0x00000000      0x354 ./emlib/em_ebi.o
 .text.EBI_Disable
                0x00000000       0x1c ./emlib/em_ebi.o
 .text.EBI_BankEnable
                0x00000000       0x70 ./emlib/em_ebi.o
 .rodata        0x00000000       0x50 ./emlib/em_ebi.o
 .text.EBI_BankAddress
                0x00000000      0x104 ./emlib/em_ebi.o
 .text.EBI_ChipSelectEnable
                0x00000000       0x70 ./emlib/em_ebi.o
 .text.EBI_PolaritySet
                0x00000000      0x100 ./emlib/em_ebi.o
 .text.EBI_ReadTimingSet
                0x00000000       0x70 ./emlib/em_ebi.o
 .text.EBI_WriteTimingSet
                0x00000000       0x70 ./emlib/em_ebi.o
 .text.EBI_AddressTimingSet
                0x00000000       0x58 ./emlib/em_ebi.o
 .text.EBI_TFTInit
                0x00000000      0x100 ./emlib/em_ebi.o
 .text.EBI_TFTSizeSet
                0x00000000       0x50 ./emlib/em_ebi.o
 .text.EBI_TFTHPorchSet
                0x00000000       0x60 ./emlib/em_ebi.o
 .text.EBI_TFTVPorchSet
                0x00000000       0x60 ./emlib/em_ebi.o
 .text.EBI_TFTTimingSet
                0x00000000       0x78 ./emlib/em_ebi.o
 .text.EBI_BankReadTimingConfig
                0x00000000       0xf4 ./emlib/em_ebi.o
 .text.EBI_BankReadTimingSet
                0x00000000       0xe8 ./emlib/em_ebi.o
 .text.EBI_BankWriteTimingConfig
                0x00000000       0xc8 ./emlib/em_ebi.o
 .text.EBI_BankWriteTimingSet
                0x00000000       0xe8 ./emlib/em_ebi.o
 .text.EBI_BankAddressTimingConfig
                0x00000000       0x94 ./emlib/em_ebi.o
 .text.EBI_BankAddressTimingSet
                0x00000000       0xd0 ./emlib/em_ebi.o
 .text.EBI_BankPolaritySet
                0x00000000      0x188 ./emlib/em_ebi.o
 .text.EBI_BankByteLaneEnable
                0x00000000       0x88 ./emlib/em_ebi.o
 .text.EBI_AltMapEnable
                0x00000000       0x20 ./emlib/em_ebi.o
 .debug_info    0x00000000     0x10a1 ./emlib/em_ebi.o
 .debug_abbrev  0x00000000      0x1d7 ./emlib/em_ebi.o
 .debug_loc     0x00000000      0x56c ./emlib/em_ebi.o
 .debug_aranges
                0x00000000       0xe0 ./emlib/em_ebi.o
 .debug_ranges  0x00000000       0xd0 ./emlib/em_ebi.o
 .debug_line    0x00000000      0x67b ./emlib/em_ebi.o
 .debug_str     0x00000000      0xdeb ./emlib/em_ebi.o
 .comment       0x00000000       0x71 ./emlib/em_ebi.o
 .ARM.attributes
                0x00000000       0x37 ./emlib/em_ebi.o
 .debug_frame   0x00000000      0x320 ./emlib/em_ebi.o
 .text          0x00000000        0x0 ./emlib/em_emu.o
 .data          0x00000000        0x0 ./emlib/em_emu.o
 .bss           0x00000000        0x0 ./emlib/em_emu.o
 .text.SystemCoreClockUpdate
                0x00000000        0xc ./emlib/em_emu.o
 .text.BITBAND_Peripheral
                0x00000000       0x2c ./emlib/em_emu.o
 .text.EMU_BUPinEnable
                0x00000000       0x20 ./emlib/em_emu.o
 .text.CMU_Lock
                0x00000000       0x18 ./emlib/em_emu.o
 .text.CMU_Unlock
                0x00000000       0x1c ./emlib/em_emu.o
 .bss.cmuStatus
                0x00000000        0x2 ./emlib/em_emu.o
 .text.EMU_Restore
                0x00000000       0xac ./emlib/em_emu.o
 .text.getErrataFixEmuE107En
                0x00000000       0x58 ./emlib/em_emu.o
 .text.EMU_EnterEM2
                0x00000000       0x9c ./emlib/em_emu.o
 .text.EMU_EnterEM3
                0x00000000       0xc0 ./emlib/em_emu.o
 .text.EMU_EnterEM4
                0x00000000       0x40 ./emlib/em_emu.o
 .text.EMU_MemPwrDown
                0x00000000       0x14 ./emlib/em_emu.o
 .text.EMU_UpdateOscConfig
                0x00000000       0x20 ./emlib/em_emu.o
 .text.EMU_EM4Init
                0x00000000       0x50 ./emlib/em_emu.o
 .text.EMU_BUPDInit
                0x00000000       0xcc ./emlib/em_emu.o
 .rodata        0x00000000       0x50 ./emlib/em_emu.o
 .text.EMU_BUThresholdSet
                0x00000000       0x5c ./emlib/em_emu.o
 .text.EMU_BUThresRangeSet
                0x00000000       0x60 ./emlib/em_emu.o
 .debug_info    0x00000000      0xcc5 ./emlib/em_emu.o
 .debug_abbrev  0x00000000      0x249 ./emlib/em_emu.o
 .debug_loc     0x00000000      0x350 ./emlib/em_emu.o
 .debug_aranges
                0x00000000       0x98 ./emlib/em_emu.o
 .debug_ranges  0x00000000       0x88 ./emlib/em_emu.o
 .debug_line    0x00000000      0x467 ./emlib/em_emu.o
 .debug_str     0x00000000      0x7d3 ./emlib/em_emu.o
 .comment       0x00000000       0x71 ./emlib/em_emu.o
 .ARM.attributes
                0x00000000       0x37 ./emlib/em_emu.o
 .debug_frame   0x00000000      0x1e0 ./emlib/em_emu.o
 .text          0x00000000        0x0 ./emlib/em_gpio.o
 .data          0x00000000        0x0 ./emlib/em_gpio.o
 .bss           0x00000000        0x0 ./emlib/em_gpio.o
 .text.BITBAND_Peripheral
                0x00000000       0x2c ./emlib/em_gpio.o
 .text.GPIO_DbgLocationSet
                0x00000000       0x3c ./emlib/em_gpio.o
 .text.GPIO_DriveModeSet
                0x00000000       0x58 ./emlib/em_gpio.o
 .text.GPIO_IntConfig
                0x00000000       0xcc ./emlib/em_gpio.o
 .text          0x00000000        0x0 ./emlib/em_system.o
 .data          0x00000000        0x0 ./emlib/em_system.o
 .bss           0x00000000        0x0 ./emlib/em_system.o
 .rodata        0x00000000       0x54 ./emlib/em_system.o
 .text.SYSTEM_ChipRevisionGet
                0x00000000       0x80 ./emlib/em_system.o
 .text.SYSTEM_GetCalibrationValue
                0x00000000       0x5c ./emlib/em_system.o
 .debug_info    0x00000000      0x241 ./emlib/em_system.o
 .debug_abbrev  0x00000000       0xed ./emlib/em_system.o
 .debug_loc     0x00000000       0x70 ./emlib/em_system.o
 .debug_aranges
                0x00000000       0x28 ./emlib/em_system.o
 .debug_ranges  0x00000000       0x18 ./emlib/em_system.o
 .debug_line    0x00000000      0x258 ./emlib/em_system.o
 .debug_str     0x00000000      0x2cd ./emlib/em_system.o
 .comment       0x00000000       0x71 ./emlib/em_system.o
 .ARM.attributes
                0x00000000       0x37 ./emlib/em_system.o
 .debug_frame   0x00000000       0x50 ./emlib/em_system.o
 .text          0x00000000        0x0 ./emlib/em_usart.o
 .data          0x00000000        0x0 ./emlib/em_usart.o
 .bss           0x00000000        0x0 ./emlib/em_usart.o
 .rodata        0x00000000       0x50 ./emlib/em_usart.o
 .text.USART_BaudrateAsyncSet
                0x00000000      0x130 ./emlib/em_usart.o
 .text.USART_BaudrateCalc
                0x00000000       0xb8 ./emlib/em_usart.o
 .text.USART_BaudrateGet
                0x00000000       0x50 ./emlib/em_usart.o
 .text.USART_BaudrateSyncSet
                0x00000000       0x90 ./emlib/em_usart.o
 .text.USART_Enable
                0x00000000       0x78 ./emlib/em_usart.o
 .text.USART_InitAsync
                0x00000000       0xc0 ./emlib/em_usart.o
 .text.USART_InitSync
                0x00000000       0xd4 ./emlib/em_usart.o
 .text.USART_InitIrDA
                0x00000000       0x74 ./emlib/em_usart.o
 .text.USART_InitI2s
                0x00000000       0xa0 ./emlib/em_usart.o
 .text.USART_InitPrsTrigger
                0x00000000       0x60 ./emlib/em_usart.o
 .text.USART_Reset
                0x00000000       0xb8 ./emlib/em_usart.o
 .text.USART_Rx
                0x00000000       0x28 ./emlib/em_usart.o
 .text.USART_RxDouble
                0x00000000       0x28 ./emlib/em_usart.o
 .text.USART_RxDoubleExt
                0x00000000       0x28 ./emlib/em_usart.o
 .text.USART_RxExt
                0x00000000       0x28 ./emlib/em_usart.o
 .text.USART_SpiTransfer
                0x00000000       0x40 ./emlib/em_usart.o
 .text.USART_Tx
                0x00000000       0x2c ./emlib/em_usart.o
 .text.USART_TxDouble
                0x00000000       0x2c ./emlib/em_usart.o
 .text.USART_TxDoubleExt
                0x00000000       0x28 ./emlib/em_usart.o
 .text.USART_TxExt
                0x00000000       0x2c ./emlib/em_usart.o
 .debug_info    0x00000000      0xe6a ./emlib/em_usart.o
 .debug_abbrev  0x00000000      0x1d4 ./emlib/em_usart.o
 .debug_loc     0x00000000      0x460 ./emlib/em_usart.o
 .debug_aranges
                0x00000000       0xb8 ./emlib/em_usart.o
 .debug_ranges  0x00000000       0xa8 ./emlib/em_usart.o
 .debug_line    0x00000000      0x50b ./emlib/em_usart.o
 .debug_str     0x00000000      0xdd5 ./emlib/em_usart.o
 .comment       0x00000000       0x71 ./emlib/em_usart.o
 .ARM.attributes
                0x00000000       0x37 ./emlib/em_usart.o
 .debug_frame   0x00000000      0x264 ./emlib/em_usart.o
 .data          0x00000000        0x0 ./CMSIS/efm32wg/startup_efm32wg.o
 .bss           0x00000000        0x0 ./CMSIS/efm32wg/startup_efm32wg.o
 .text          0x00000000        0x0 ./CMSIS/efm32wg/system_efm32wg.o
 .data          0x00000000        0x0 ./CMSIS/efm32wg/system_efm32wg.o
 .bss           0x00000000        0x0 ./CMSIS/efm32wg/system_efm32wg.o
 .text.SystemHFXOClockGet
                0x00000000       0x18 ./CMSIS/efm32wg/system_efm32wg.o
 .text.SystemHFXOClockSet
                0x00000000       0x2c ./CMSIS/efm32wg/system_efm32wg.o
 .text.SystemLFXOClockSet
                0x00000000       0x2c ./CMSIS/efm32wg/system_efm32wg.o
 .text          0x00000000        0x0 ./BSP/bsp_bcc.o
 .data          0x00000000        0x0 ./BSP/bsp_bcc.o
 .bss           0x00000000        0x0 ./BSP/bsp_bcc.o
 .bss.rxByteCount
                0x00000000        0x4 ./BSP/bsp_bcc.o
 .bss.txByteCount
                0x00000000        0x4 ./BSP/bsp_bcc.o
 .text.BSP_BccDeInit
                0x00000000       0x40 ./BSP/bsp_bcc.o
 .rodata        0x00000000       0x18 ./BSP/bsp_bcc.o
 .text.BSP_BccInit
                0x00000000       0x74 ./BSP/bsp_bcc.o
 .text.BSP_BccPacketReceive
                0x00000000       0xac ./BSP/bsp_bcc.o
 .text.BSP_BccPacketSend
                0x00000000       0x68 ./BSP/bsp_bcc.o
 .text.BSP_BccPinsEnable
                0x00000000       0x80 ./BSP/bsp_bcc.o
 .text.RxByte   0x00000000       0x3c ./BSP/bsp_bcc.o
 .text.TxByte   0x00000000       0x3c ./BSP/bsp_bcc.o
 .debug_info    0x00000000      0x817 ./BSP/bsp_bcc.o
 .debug_abbrev  0x00000000      0x1aa ./BSP/bsp_bcc.o
 .debug_loc     0x00000000      0x17c ./BSP/bsp_bcc.o
 .debug_aranges
                0x00000000       0x50 ./BSP/bsp_bcc.o
 .debug_ranges  0x00000000       0x40 ./BSP/bsp_bcc.o
 .debug_line    0x00000000      0x30a ./BSP/bsp_bcc.o
 .debug_str     0x00000000      0xa99 ./BSP/bsp_bcc.o
 .comment       0x00000000       0x71 ./BSP/bsp_bcc.o
 .ARM.attributes
                0x00000000       0x37 ./BSP/bsp_bcc.o
 .debug_frame   0x00000000       0xe8 ./BSP/bsp_bcc.o
 .text          0x00000000        0x0 ./BSP/bsp_stk.o
 .data          0x00000000        0x0 ./BSP/bsp_stk.o
 .bss           0x00000000        0x0 ./BSP/bsp_stk.o
 .text.BSP_Disable
                0x00000000       0x14 ./BSP/bsp_stk.o
 .rodata        0x00000000       0x50 ./BSP/bsp_stk.o
 .text.BSP_EbiInit
                0x00000000      0x11c ./BSP/bsp_stk.o
 .text.BSP_EbiDeInit
                0x00000000       0x10 ./BSP/bsp_stk.o
 .text.BSP_Init
                0x00000000       0x20 ./BSP/bsp_stk.o
 .text.BSP_CurrentGet
                0x00000000       0x44 ./BSP/bsp_stk.o
 .text.BSP_VoltageGet
                0x00000000       0x44 ./BSP/bsp_stk.o
 .debug_info    0x00000000      0xa18 ./BSP/bsp_stk.o
 .debug_abbrev  0x00000000      0x158 ./BSP/bsp_stk.o
 .debug_loc     0x00000000      0x13e ./BSP/bsp_stk.o
 .debug_aranges
                0x00000000       0x48 ./BSP/bsp_stk.o
 .debug_ranges  0x00000000       0x38 ./BSP/bsp_stk.o
 .debug_line    0x00000000      0x2b4 ./BSP/bsp_stk.o
 .debug_str     0x00000000      0xbc1 ./BSP/bsp_stk.o
 .comment       0x00000000       0x71 ./BSP/bsp_stk.o
 .ARM.attributes
                0x00000000       0x37 ./BSP/bsp_stk.o
 .debug_frame   0x00000000       0xc4 ./BSP/bsp_stk.o
 .text          0x00000000        0x0 ./BSP/bsp_stk_leds.o
 .data          0x00000000        0x0 ./BSP/bsp_stk_leds.o
 .bss           0x00000000        0x0 ./BSP/bsp_stk_leds.o
 .text.GPIO_PinOutClear
                0x00000000       0x4c ./BSP/bsp_stk_leds.o
 .text.GPIO_PinOutGet
                0x00000000       0x50 ./BSP/bsp_stk_leds.o
 .text.BSP_LedsGet
                0x00000000       0x5c ./BSP/bsp_stk_leds.o
 .text.BSP_LedsSet
                0x00000000       0x74 ./BSP/bsp_stk_leds.o
 .text.BSP_LedClear
                0x00000000       0x44 ./BSP/bsp_stk_leds.o
 .text.BSP_LedGet
                0x00000000       0x48 ./BSP/bsp_stk_leds.o
 .text          0x00000000        0x0 ./BSP/bsp_trace.o
 .data          0x00000000        0x0 ./BSP/bsp_trace.o
 .bss           0x00000000        0x0 ./BSP/bsp_trace.o
 .text          0x00000000        0x0 c:/siliconlabs/simplicitystudio/v2/developer/toolchains/gnu_arm/4.8_2013q4/bin/../lib/gcc/arm-none-eabi/4.8.3/../../../../arm-none-eabi/lib/armv7e-m/softfp\libc_s.a(lib_a-exit.o)
 .data          0x00000000        0x0 c:/siliconlabs/simplicitystudio/v2/developer/toolchains/gnu_arm/4.8_2013q4/bin/../lib/gcc/arm-none-eabi/4.8.3/../../../../arm-none-eabi/lib/armv7e-m/softfp\libc_s.a(lib_a-exit.o)
 .bss           0x00000000        0x0 c:/siliconlabs/simplicitystudio/v2/developer/toolchains/gnu_arm/4.8_2013q4/bin/../lib/gcc/arm-none-eabi/4.8.3/../../../../arm-none-eabi/lib/armv7e-m/softfp\libc_s.a(lib_a-exit.o)
 .text          0x00000000        0x0 c:/siliconlabs/simplicitystudio/v2/developer/toolchains/gnu_arm/4.8_2013q4/bin/../lib/gcc/arm-none-eabi/4.8.3/../../../../arm-none-eabi/lib/armv7e-m/softfp\libc_s.a(lib_a-impure.o)
 .data          0x00000000        0x0 c:/siliconlabs/simplicitystudio/v2/developer/toolchains/gnu_arm/4.8_2013q4/bin/../lib/gcc/arm-none-eabi/4.8.3/../../../../arm-none-eabi/lib/armv7e-m/softfp\libc_s.a(lib_a-impure.o)
 .bss           0x00000000        0x0 c:/siliconlabs/simplicitystudio/v2/developer/toolchains/gnu_arm/4.8_2013q4/bin/../lib/gcc/arm-none-eabi/4.8.3/../../../../arm-none-eabi/lib/armv7e-m/softfp\libc_s.a(lib_a-impure.o)
 .data._impure_ptr
                0x00000000        0x4 c:/siliconlabs/simplicitystudio/v2/developer/toolchains/gnu_arm/4.8_2013q4/bin/../lib/gcc/arm-none-eabi/4.8.3/../../../../arm-none-eabi/lib/armv7e-m/softfp\libc_s.a(lib_a-impure.o)
 .text          0x00000000        0x0 c:/siliconlabs/simplicitystudio/v2/developer/toolchains/gnu_arm/4.8_2013q4/bin/../lib/gcc/arm-none-eabi/4.8.3/../../../../arm-none-eabi/lib/armv7e-m/softfp\libc_s.a(lib_a-init.o)
 .data          0x00000000        0x0 c:/siliconlabs/simplicitystudio/v2/developer/toolchains/gnu_arm/4.8_2013q4/bin/../lib/gcc/arm-none-eabi/4.8.3/../../../../arm-none-eabi/lib/armv7e-m/softfp\libc_s.a(lib_a-init.o)
 .bss           0x00000000        0x0 c:/siliconlabs/simplicitystudio/v2/developer/toolchains/gnu_arm/4.8_2013q4/bin/../lib/gcc/arm-none-eabi/4.8.3/../../../../arm-none-eabi/lib/armv7e-m/softfp\libc_s.a(lib_a-init.o)
 .text          0x00000000        0x0 c:/siliconlabs/simplicitystudio/v2/developer/toolchains/gnu_arm/4.8_2013q4/bin/../lib/gcc/arm-none-eabi/4.8.3/../../../../arm-none-eabi/lib/armv7e-m/softfp\libc_s.a(lib_a-memcpy-stub.o)
 .data          0x00000000        0x0 c:/siliconlabs/simplicitystudio/v2/developer/toolchains/gnu_arm/4.8_2013q4/bin/../lib/gcc/arm-none-eabi/4.8.3/../../../../arm-none-eabi/lib/armv7e-m/softfp\libc_s.a(lib_a-memcpy-stub.o)
 .bss           0x00000000        0x0 c:/siliconlabs/simplicitystudio/v2/developer/toolchains/gnu_arm/4.8_2013q4/bin/../lib/gcc/arm-none-eabi/4.8.3/../../../../arm-none-eabi/lib/armv7e-m/softfp\libc_s.a(lib_a-memcpy-stub.o)
 .text.memcpy   0x00000000       0x12 c:/siliconlabs/simplicitystudio/v2/developer/toolchains/gnu_arm/4.8_2013q4/bin/../lib/gcc/arm-none-eabi/4.8.3/../../../../arm-none-eabi/lib/armv7e-m/softfp\libc_s.a(lib_a-memcpy-stub.o)
 .ARM.attributes
                0x00000000       0x32 c:/siliconlabs/simplicitystudio/v2/developer/toolchains/gnu_arm/4.8_2013q4/bin/../lib/gcc/arm-none-eabi/4.8.3/../../../../arm-none-eabi/lib/armv7e-m/softfp\libc_s.a(lib_a-memcpy-stub.o)
 .debug_frame   0x00000000       0x28 c:/siliconlabs/simplicitystudio/v2/developer/toolchains/gnu_arm/4.8_2013q4/bin/../lib/gcc/arm-none-eabi/4.8.3/../../../../arm-none-eabi/lib/armv7e-m/softfp\libc_s.a(lib_a-memcpy-stub.o)
 .text          0x00000000        0x0 c:/siliconlabs/simplicitystudio/v2/developer/toolchains/gnu_arm/4.8_2013q4/bin/../lib/gcc/arm-none-eabi/4.8.3/../../../../arm-none-eabi/lib/armv7e-m/softfp\libc_s.a(lib_a-memset.o)
 .data          0x00000000        0x0 c:/siliconlabs/simplicitystudio/v2/developer/toolchains/gnu_arm/4.8_2013q4/bin/../lib/gcc/arm-none-eabi/4.8.3/../../../../arm-none-eabi/lib/armv7e-m/softfp\libc_s.a(lib_a-memset.o)
 .bss           0x00000000        0x0 c:/siliconlabs/simplicitystudio/v2/developer/toolchains/gnu_arm/4.8_2013q4/bin/../lib/gcc/arm-none-eabi/4.8.3/../../../../arm-none-eabi/lib/armv7e-m/softfp\libc_s.a(lib_a-memset.o)
 .text          0x00000000        0x0 c:/siliconlabs/simplicitystudio/v2/developer/toolchains/gnu_arm/4.8_2013q4/bin/../lib/gcc/arm-none-eabi/4.8.3/../../../../arm-none-eabi/lib/armv7e-m/softfp\libnosys.a(_exit.o)
 .data          0x00000000        0x0 c:/siliconlabs/simplicitystudio/v2/developer/toolchains/gnu_arm/4.8_2013q4/bin/../lib/gcc/arm-none-eabi/4.8.3/../../../../arm-none-eabi/lib/armv7e-m/softfp\libnosys.a(_exit.o)
 .bss           0x00000000        0x0 c:/siliconlabs/simplicitystudio/v2/developer/toolchains/gnu_arm/4.8_2013q4/bin/../lib/gcc/arm-none-eabi/4.8.3/../../../../arm-none-eabi/lib/armv7e-m/softfp\libnosys.a(_exit.o)
 .text          0x00000000        0x0 c:/siliconlabs/simplicitystudio/v2/developer/toolchains/gnu_arm/4.8_2013q4/bin/../lib/gcc/arm-none-eabi/4.8.3/armv7e-m/softfp/crtend.o
 .data          0x00000000        0x0 c:/siliconlabs/simplicitystudio/v2/developer/toolchains/gnu_arm/4.8_2013q4/bin/../lib/gcc/arm-none-eabi/4.8.3/armv7e-m/softfp/crtend.o
 .bss           0x00000000        0x0 c:/siliconlabs/simplicitystudio/v2/developer/toolchains/gnu_arm/4.8_2013q4/bin/../lib/gcc/arm-none-eabi/4.8.3/armv7e-m/softfp/crtend.o
 .jcr           0x00000000        0x4 c:/siliconlabs/simplicitystudio/v2/developer/toolchains/gnu_arm/4.8_2013q4/bin/../lib/gcc/arm-none-eabi/4.8.3/armv7e-m/softfp/crtend.o
 .text          0x00000000        0x0 c:/siliconlabs/simplicitystudio/v2/developer/toolchains/gnu_arm/4.8_2013q4/bin/../lib/gcc/arm-none-eabi/4.8.3/armv7e-m/softfp/crtn.o
 .data          0x00000000        0x0 c:/siliconlabs/simplicitystudio/v2/developer/toolchains/gnu_arm/4.8_2013q4/bin/../lib/gcc/arm-none-eabi/4.8.3/armv7e-m/softfp/crtn.o
 .bss           0x00000000        0x0 c:/siliconlabs/simplicitystudio/v2/developer/toolchains/gnu_arm/4.8_2013q4/bin/../lib/gcc/arm-none-eabi/4.8.3/armv7e-m/softfp/crtn.o

Memory Configuration

Name             Origin             Length             Attributes
FLASH            0x00000000         0x00040000         xr
RAM              0x20000000         0x00008000         xrw
*default*        0x00000000         0xffffffff

Linker script and memory map

LOAD c:/siliconlabs/simplicitystudio/v2/developer/toolchains/gnu_arm/4.8_2013q4/bin/../lib/gcc/arm-none-eabi/4.8.3/armv7e-m/softfp/crti.o
LOAD c:/siliconlabs/simplicitystudio/v2/developer/toolchains/gnu_arm/4.8_2013q4/bin/../lib/gcc/arm-none-eabi/4.8.3/armv7e-m/softfp/crtbegin.o
LOAD c:/siliconlabs/simplicitystudio/v2/developer/toolchains/gnu_arm/4.8_2013q4/bin/../lib/gcc/arm-none-eabi/4.8.3/../../../../arm-none-eabi/lib/armv7e-m/softfp/crt0.o
LOAD ./src/AD9106.o
LOAD ./src/main.o
LOAD ./src/spi.o
LOAD ./emlib/em_assert.o
LOAD ./emlib/em_cmu.o
LOAD ./emlib/em_ebi.o
LOAD ./emlib/em_emu.o
LOAD ./emlib/em_gpio.o
LOAD ./emlib/em_system.o
LOAD ./emlib/em_usart.o
LOAD ./CMSIS/efm32wg/startup_efm32wg.o
LOAD ./CMSIS/efm32wg/system_efm32wg.o
LOAD ./BSP/bsp_bcc.o
LOAD ./BSP/bsp_stk.o
LOAD ./BSP/bsp_stk_leds.o
LOAD ./BSP/bsp_trace.o
START GROUP
LOAD c:/siliconlabs/simplicitystudio/v2/developer/toolchains/gnu_arm/4.8_2013q4/bin/../lib/gcc/arm-none-eabi/4.8.3/armv7e-m/softfp\libgcc.a
LOAD c:/siliconlabs/simplicitystudio/v2/developer/toolchains/gnu_arm/4.8_2013q4/bin/../lib/gcc/arm-none-eabi/4.8.3/../../../../arm-none-eabi/lib/armv7e-m/softfp\libc_s.a
LOAD c:/siliconlabs/simplicitystudio/v2/developer/toolchains/gnu_arm/4.8_2013q4/bin/../lib/gcc/arm-none-eabi/4.8.3/../../../../arm-none-eabi/lib/armv7e-m/softfp\libnosys.a
END GROUP
START GROUP
LOAD c:/siliconlabs/simplicitystudio/v2/developer/toolchains/gnu_arm/4.8_2013q4/bin/../lib/gcc/arm-none-eabi/4.8.3/armv7e-m/softfp\libgcc.a
LOAD c:/siliconlabs/simplicitystudio/v2/developer/toolchains/gnu_arm/4.8_2013q4/bin/../lib/gcc/arm-none-eabi/4.8.3/../../../../arm-none-eabi/lib/armv7e-m/softfp\libg_s.a
LOAD c:/siliconlabs/simplicitystudio/v2/developer/toolchains/gnu_arm/4.8_2013q4/bin/../lib/gcc/arm-none-eabi/4.8.3/../../../../arm-none-eabi/lib/armv7e-m/softfp\libc_s.a
END GROUP
START GROUP
LOAD c:/siliconlabs/simplicitystudio/v2/developer/toolchains/gnu_arm/4.8_2013q4/bin/../lib/gcc/arm-none-eabi/4.8.3/armv7e-m/softfp\libgcc.a
LOAD c:/siliconlabs/simplicitystudio/v2/developer/toolchains/gnu_arm/4.8_2013q4/bin/../lib/gcc/arm-none-eabi/4.8.3/../../../../arm-none-eabi/lib/armv7e-m/softfp\libc_s.a
END GROUP
LOAD c:/siliconlabs/simplicitystudio/v2/developer/toolchains/gnu_arm/4.8_2013q4/bin/../lib/gcc/arm-none-eabi/4.8.3/armv7e-m/softfp/crtend.o
LOAD c:/siliconlabs/simplicitystudio/v2/developer/toolchains/gnu_arm/4.8_2013q4/bin/../lib/gcc/arm-none-eabi/4.8.3/armv7e-m/softfp/crtn.o

.text           0x00000000     0x11cc
 *(.isr_vector)
 .isr_vector    0x00000000      0x100 ./CMSIS/efm32wg/startup_efm32wg.o
                0x00000000                __isr_vector
 *(.text*)
 .text          0x00000100       0x54 c:/siliconlabs/simplicitystudio/v2/developer/toolchains/gnu_arm/4.8_2013q4/bin/../lib/gcc/arm-none-eabi/4.8.3/armv7e-m/softfp/crtbegin.o
 .text          0x00000154       0x74 c:/siliconlabs/simplicitystudio/v2/developer/toolchains/gnu_arm/4.8_2013q4/bin/../lib/gcc/arm-none-eabi/4.8.3/../../../../arm-none-eabi/lib/armv7e-m/softfp/crt0.o
                0x00000154                _start
                0x00000154                _mainCRTStartup
 .text.NVIC_SetPriority
                0x000001c8       0x54 ./src/main.o
 .text.SysTick_Config
                0x0000021c       0x44 ./src/main.o
 .text.CHIP_Init
                0x00000260        0xc ./src/main.o
 .text.SysTick_Handler
                0x0000026c       0x1c ./src/main.o
                0x0000026c                SysTick_Handler
 .text.Delay    0x00000288       0x2c ./src/main.o
                0x00000288                Delay
 .text.main     0x000002b4       0x54 ./src/main.o
                0x000002b4                main
 .text.assertEFM
                0x00000308        0xc ./emlib/em_assert.o
                0x00000308                assertEFM
 .text.BITBAND_Peripheral
                0x00000314       0x2c ./emlib/em_cmu.o
 .text.CMU_DivToLog2
                0x00000340       0x44 ./emlib/em_cmu.o
 .text.CMU_USBCClkGet
                0x00000384       0x4c ./emlib/em_cmu.o
 .text.CMU_AUXClkGet
                0x000003d0       0x8c ./emlib/em_cmu.o
 .text.CMU_DBGClkGet
                0x0000045c       0x64 ./emlib/em_cmu.o
 .text.CMU_LFClkGet
                0x000004c0       0xc0 ./emlib/em_cmu.o
 .text.CMU_Sync
                0x00000580       0x34 ./emlib/em_cmu.o
 .text.CMU_ClockEnable
                0x000005b4       0xec ./emlib/em_cmu.o
                0x000005b4                CMU_ClockEnable
 .text.CMU_ClockFreqGet
                0x000006a0      0x20c ./emlib/em_cmu.o
                0x000006a0                CMU_ClockFreqGet
 .text.CMU_ClockSelectGet
                0x000008ac      0x160 ./emlib/em_cmu.o
                0x000008ac                CMU_ClockSelectGet
 .text.GPIO_PinModeSet
                0x00000a0c      0x14c ./emlib/em_gpio.o
                0x00000a0c                GPIO_PinModeSet
 .text          0x00000b58       0x98 ./CMSIS/efm32wg/startup_efm32wg.o
                0x00000b58                Reset_Handler
                0x00000b8c                Default_Handler
                0x00000b8e                NMI_Handler
                0x00000b90                HardFault_Handler
                0x00000b92                MemManage_Handler
                0x00000b94                BusFault_Handler
                0x00000b96                UsageFault_Handler
                0x00000b98                SVC_Handler
                0x00000b9a                DebugMon_Handler
                0x00000b9c                PendSV_Handler
                0x00000ba0                DMA_IRQHandler
                0x00000ba2                GPIO_EVEN_IRQHandler
                0x00000ba4                TIMER0_IRQHandler
                0x00000ba6                USART0_RX_IRQHandler
                0x00000ba8                USART0_TX_IRQHandler
                0x00000baa                USB_IRQHandler
                0x00000bac                ACMP0_IRQHandler
                0x00000bae                ADC0_IRQHandler
                0x00000bb0                DAC0_IRQHandler
                0x00000bb2                I2C0_IRQHandler
                0x00000bb4                I2C1_IRQHandler
                0x00000bb6                GPIO_ODD_IRQHandler
                0x00000bb8                TIMER1_IRQHandler
                0x00000bba                TIMER2_IRQHandler
                0x00000bbc                TIMER3_IRQHandler
                0x00000bbe                USART1_RX_IRQHandler
                0x00000bc0                USART1_TX_IRQHandler
                0x00000bc2                LESENSE_IRQHandler
                0x00000bc4                USART2_RX_IRQHandler
                0x00000bc6                USART2_TX_IRQHandler
                0x00000bc8                UART0_RX_IRQHandler
                0x00000bca                UART0_TX_IRQHandler
                0x00000bcc                UART1_RX_IRQHandler
                0x00000bce                UART1_TX_IRQHandler
                0x00000bd0                LEUART0_IRQHandler
                0x00000bd2                LEUART1_IRQHandler
                0x00000bd4                LETIMER0_IRQHandler
                0x00000bd6                PCNT0_IRQHandler
                0x00000bd8                PCNT1_IRQHandler
                0x00000bda                PCNT2_IRQHandler
                0x00000bdc                RTC_IRQHandler
                0x00000bde                BURTC_IRQHandler
                0x00000be0                CMU_IRQHandler
                0x00000be2                VCMP_IRQHandler
                0x00000be4                LCD_IRQHandler
                0x00000be6                MSC_IRQHandler
                0x00000be8                AES_IRQHandler
                0x00000bea                EBI_IRQHandler
                0x00000bec                EMU_IRQHandler
                0x00000bee                FPUEH_IRQHandler
 .text.GetProdRev
                0x00000bf0       0x1c ./CMSIS/efm32wg/system_efm32wg.o
 .text.SystemCoreClockGet
                0x00000c0c       0x48 ./CMSIS/efm32wg/system_efm32wg.o
                0x00000c0c                SystemCoreClockGet
 .text.SystemHFClockGet
                0x00000c54       0xf0 ./CMSIS/efm32wg/system_efm32wg.o
                0x00000c54                SystemHFClockGet
 .text.SystemInit
                0x00000d44       0x20 ./CMSIS/efm32wg/system_efm32wg.o
                0x00000d44                SystemInit
 .text.SystemLFRCOClockGet
                0x00000d64       0x14 ./CMSIS/efm32wg/system_efm32wg.o
                0x00000d64                SystemLFRCOClockGet
 .text.SystemULFRCOClockGet
                0x00000d78       0x14 ./CMSIS/efm32wg/system_efm32wg.o
                0x00000d78                SystemULFRCOClockGet
 .text.SystemLFXOClockGet
                0x00000d8c       0x18 ./CMSIS/efm32wg/system_efm32wg.o
                0x00000d8c                SystemLFXOClockGet
 .text.GPIO_PinOutSet
                0x00000da4       0x4c ./BSP/bsp_stk_leds.o
 .text.GPIO_PinOutToggle
                0x00000df0       0x4c ./BSP/bsp_stk_leds.o
 .text.BSP_LedsInit
                0x00000e3c       0x5c ./BSP/bsp_stk_leds.o
                0x00000e3c                BSP_LedsInit
 .text.BSP_LedSet
                0x00000e98       0x44 ./BSP/bsp_stk_leds.o
                0x00000e98                BSP_LedSet
 .text.BSP_LedToggle
                0x00000edc       0x44 ./BSP/bsp_stk_leds.o
                0x00000edc                BSP_LedToggle
 .text.BSP_TraceSwoSetup
                0x00000f20       0xd8 ./BSP/bsp_trace.o
                0x00000f20                BSP_TraceSwoSetup
 .text.BSP_TraceProfilerSetup
                0x00000ff8       0x28 ./BSP/bsp_trace.o
                0x00000ff8                BSP_TraceProfilerSetup
 .text.exit     0x00001020       0x28 c:/siliconlabs/simplicitystudio/v2/developer/toolchains/gnu_arm/4.8_2013q4/bin/../lib/gcc/arm-none-eabi/4.8.3/../../../../arm-none-eabi/lib/armv7e-m/softfp\libc_s.a(lib_a-exit.o)
                0x00001020                exit
 .text.__libc_init_array
                0x00001048       0x4c c:/siliconlabs/simplicitystudio/v2/developer/toolchains/gnu_arm/4.8_2013q4/bin/../lib/gcc/arm-none-eabi/4.8.3/../../../../arm-none-eabi/lib/armv7e-m/softfp\libc_s.a(lib_a-init.o)
                0x00001048                __libc_init_array
 .text.memset   0x00001094       0x10 c:/siliconlabs/simplicitystudio/v2/developer/toolchains/gnu_arm/4.8_2013q4/bin/../lib/gcc/arm-none-eabi/4.8.3/../../../../arm-none-eabi/lib/armv7e-m/softfp\libc_s.a(lib_a-memset.o)
                0x00001094                memset
 .text._exit    0x000010a4        0x4 c:/siliconlabs/simplicitystudio/v2/developer/toolchains/gnu_arm/4.8_2013q4/bin/../lib/gcc/arm-none-eabi/4.8.3/../../../../arm-none-eabi/lib/armv7e-m/softfp\libnosys.a(_exit.o)
                0x000010a4                _exit
 *(.init)
 .init          0x000010a8        0x4 c:/siliconlabs/simplicitystudio/v2/developer/toolchains/gnu_arm/4.8_2013q4/bin/../lib/gcc/arm-none-eabi/4.8.3/armv7e-m/softfp/crti.o
                0x000010a8                _init
 .init          0x000010ac        0x8 c:/siliconlabs/simplicitystudio/v2/developer/toolchains/gnu_arm/4.8_2013q4/bin/../lib/gcc/arm-none-eabi/4.8.3/armv7e-m/softfp/crtn.o
 *(.fini)
 .fini          0x000010b4        0x4 c:/siliconlabs/simplicitystudio/v2/developer/toolchains/gnu_arm/4.8_2013q4/bin/../lib/gcc/arm-none-eabi/4.8.3/armv7e-m/softfp/crti.o
                0x000010b4                _fini
 .fini          0x000010b8        0x8 c:/siliconlabs/simplicitystudio/v2/developer/toolchains/gnu_arm/4.8_2013q4/bin/../lib/gcc/arm-none-eabi/4.8.3/armv7e-m/softfp/crtn.o
 *crtbegin.o(.ctors)
 *crtbegin?.o(.ctors)
 *(EXCLUDE_FILE(*crtend.o *crtend?.o) .ctors)
 *(SORT(.ctors.*))
 *(.ctors)
 *crtbegin.o(.dtors)
 *crtbegin?.o(.dtors)
 *(EXCLUDE_FILE(*crtend.o *crtend?.o) .dtors)
 *(SORT(.dtors.*))
 *(.dtors)
 *(.rodata*)
 .rodata        0x000010c0       0x50 ./emlib/em_cmu.o
 .rodata        0x00001110       0x50 ./emlib/em_gpio.o
 .rodata        0x00001160       0x50 ./BSP/bsp_stk_leds.o
 .rodata.ledArray
                0x000011b0       0x10 ./BSP/bsp_stk_leds.o
 .rodata.str1.1
                0x000011c0        0x2 c:/siliconlabs/simplicitystudio/v2/developer/toolchains/gnu_arm/4.8_2013q4/bin/../lib/gcc/arm-none-eabi/4.8.3/../../../../arm-none-eabi/lib/armv7e-m/softfp\libc_s.a(lib_a-impure.o)
 *fill*         0x000011c2        0x2 
 .rodata._global_impure_ptr
                0x000011c4        0x4 c:/siliconlabs/simplicitystudio/v2/developer/toolchains/gnu_arm/4.8_2013q4/bin/../lib/gcc/arm-none-eabi/4.8.3/../../../../arm-none-eabi/lib/armv7e-m/softfp\libc_s.a(lib_a-impure.o)
                0x000011c4                _global_impure_ptr
 *(.eh_frame*)
 .eh_frame      0x000011c8        0x0 c:/siliconlabs/simplicitystudio/v2/developer/toolchains/gnu_arm/4.8_2013q4/bin/../lib/gcc/arm-none-eabi/4.8.3/armv7e-m/softfp/crtbegin.o
 .eh_frame      0x000011c8        0x4 c:/siliconlabs/simplicitystudio/v2/developer/toolchains/gnu_arm/4.8_2013q4/bin/../lib/gcc/arm-none-eabi/4.8.3/armv7e-m/softfp/crtend.o

.glue_7         0x000011cc        0x0
 .glue_7        0x00000000        0x0 linker stubs

.glue_7t        0x000011cc        0x0
 .glue_7t       0x00000000        0x0 linker stubs

.vfp11_veneer   0x000011cc        0x0
 .vfp11_veneer  0x00000000        0x0 linker stubs

.v4_bx          0x000011cc        0x0
 .v4_bx         0x00000000        0x0 linker stubs

.iplt           0x000011cc        0x0
 .iplt          0x00000000        0x0 c:/siliconlabs/simplicitystudio/v2/developer/toolchains/gnu_arm/4.8_2013q4/bin/../lib/gcc/arm-none-eabi/4.8.3/armv7e-m/softfp/crtbegin.o

.ARM.extab
 *(.ARM.extab* .gnu.linkonce.armextab.*)
                0x000011cc                __exidx_start = .

.ARM.exidx      0x000011cc        0x8
 *(.ARM.exidx* .gnu.linkonce.armexidx.*)
 .ARM.exidx     0x000011cc        0x8 c:/siliconlabs/simplicitystudio/v2/developer/toolchains/gnu_arm/4.8_2013q4/bin/../lib/gcc/arm-none-eabi/4.8.3/../../../../arm-none-eabi/lib/armv7e-m/softfp/crt0.o
                0x000011d4                __exidx_end = .
                0x000011d4                __etext = .

.rel.dyn        0x000011d4        0x0
 .rel.iplt      0x00000000        0x0 c:/siliconlabs/simplicitystudio/v2/developer/toolchains/gnu_arm/4.8_2013q4/bin/../lib/gcc/arm-none-eabi/4.8.3/armv7e-m/softfp/crtbegin.o

.data           0x20000000       0x70 load address 0x000011d4
                0x20000000                __data_start__ = .
 *(vtable)
 *(.data*)
 .data.SystemHFXOClock
                0x20000000        0x4 ./CMSIS/efm32wg/system_efm32wg.o
 .data.SystemLFXOClock
                0x20000004        0x4 ./CMSIS/efm32wg/system_efm32wg.o
 .data.impure_data
                0x20000008       0x60 c:/siliconlabs/simplicitystudio/v2/developer/toolchains/gnu_arm/4.8_2013q4/bin/../lib/gcc/arm-none-eabi/4.8.3/../../../../arm-none-eabi/lib/armv7e-m/softfp\libc_s.a(lib_a-impure.o)
                0x20000068                . = ALIGN (0x4)
 *(.ram)
                0x20000068                . = ALIGN (0x4)
                0x20000068                PROVIDE (__preinit_array_start, .)
 *(.preinit_array)
                0x20000068                PROVIDE (__preinit_array_end, .)
                0x20000068                . = ALIGN (0x4)
                0x20000068                PROVIDE (__init_array_start, .)
 *(SORT(.init_array.*))
 *(.init_array)
 .init_array    0x20000068        0x4 c:/siliconlabs/simplicitystudio/v2/developer/toolchains/gnu_arm/4.8_2013q4/bin/../lib/gcc/arm-none-eabi/4.8.3/armv7e-m/softfp/crtbegin.o
                0x2000006c                PROVIDE (__init_array_end, .)
                0x2000006c                . = ALIGN (0x4)
                0x2000006c                PROVIDE (__fini_array_start, .)
 *(SORT(.fini_array.*))
 *(.fini_array)
 .fini_array    0x2000006c        0x4 c:/siliconlabs/simplicitystudio/v2/developer/toolchains/gnu_arm/4.8_2013q4/bin/../lib/gcc/arm-none-eabi/4.8.3/armv7e-m/softfp/crtbegin.o
                0x20000070                PROVIDE (__fini_array_end, .)
                0x20000070                . = ALIGN (0x4)
                0x20000070                __data_end__ = .

.jcr            0x20000070        0x0 load address 0x00001244
 .jcr           0x20000070        0x0 c:/siliconlabs/simplicitystudio/v2/developer/toolchains/gnu_arm/4.8_2013q4/bin/../lib/gcc/arm-none-eabi/4.8.3/armv7e-m/softfp/crtbegin.o

.igot.plt       0x20000070        0x0 load address 0x00001244
 .igot.plt      0x00000000        0x0 c:/siliconlabs/simplicitystudio/v2/developer/toolchains/gnu_arm/4.8_2013q4/bin/../lib/gcc/arm-none-eabi/4.8.3/armv7e-m/softfp/crtbegin.o

.bss            0x20000070       0x24 load address 0x00001244
                0x20000070                __bss_start__ = .
 *(.bss*)
 .bss           0x20000070       0x1c c:/siliconlabs/simplicitystudio/v2/developer/toolchains/gnu_arm/4.8_2013q4/bin/../lib/gcc/arm-none-eabi/4.8.3/armv7e-m/softfp/crtbegin.o
 *(COMMON)
 COMMON         0x2000008c        0x4 ./src/main.o
                0x2000008c                msTicks
 COMMON         0x20000090        0x4 ./CMSIS/efm32wg/system_efm32wg.o
                0x20000090                SystemCoreClock
                0x20000094                __bss_end__ = .

.heap           0x20000098      0xc00
                0x20000098                __end__ = .
                0x20000098                end = __end__
                0x20000098                _end = __end__
 *(.heap*)
 .heap          0x20000098      0xc00 ./CMSIS/efm32wg/startup_efm32wg.o
                0x20000098                __HeapBase
                0x20000c98                __HeapLimit = .

.stack_dummy    0x20000098      0x400
 *(.stack)
 .stack         0x20000098      0x400 ./CMSIS/efm32wg/startup_efm32wg.o
                0x20008000                __StackTop = (ORIGIN (RAM) + 0x8000)
                0x20007c00                __StackLimit = (__StackTop - SIZEOF (.stack_dummy))
                0x20008000                PROVIDE (__stack, __StackTop)
                0x00000001                ASSERT ((__StackLimit >= __HeapLimit), region RAM overflowed with stack)
                0x00000001                ASSERT ((0x40000 >= (__etext + SIZEOF (.data))), FLASH memory overflowed !)
OUTPUT(SignalGenerator.axf elf32-littlearm)

.ARM.attributes
                0x00000000       0x2e
 .ARM.attributes
                0x00000000       0x22 c:/siliconlabs/simplicitystudio/v2/developer/toolchains/gnu_arm/4.8_2013q4/bin/../lib/gcc/arm-none-eabi/4.8.3/armv7e-m/softfp/crti.o
 .ARM.attributes
                0x00000022       0x32 c:/siliconlabs/simplicitystudio/v2/developer/toolchains/gnu_arm/4.8_2013q4/bin/../lib/gcc/arm-none-eabi/4.8.3/armv7e-m/softfp/crtbegin.o
 .ARM.attributes
                0x00000054       0x20 c:/siliconlabs/simplicitystudio/v2/developer/toolchains/gnu_arm/4.8_2013q4/bin/../lib/gcc/arm-none-eabi/4.8.3/../../../../arm-none-eabi/lib/armv7e-m/softfp/crt0.o
 .ARM.attributes
                0x00000074       0x37 ./src/main.o
 .ARM.attributes
                0x000000ab       0x37 ./emlib/em_assert.o
 .ARM.attributes
                0x000000e2       0x37 ./emlib/em_cmu.o
 .ARM.attributes
                0x00000119       0x37 ./emlib/em_gpio.o
 .ARM.attributes
                0x00000150       0x1b ./CMSIS/efm32wg/startup_efm32wg.o
 .ARM.attributes
                0x0000016b       0x37 ./CMSIS/efm32wg/system_efm32wg.o
 .ARM.attributes
                0x000001a2       0x37 ./BSP/bsp_stk_leds.o
 .ARM.attributes
                0x000001d9       0x37 ./BSP/bsp_trace.o
 .ARM.attributes
                0x00000210       0x32 c:/siliconlabs/simplicitystudio/v2/developer/toolchains/gnu_arm/4.8_2013q4/bin/../lib/gcc/arm-none-eabi/4.8.3/../../../../arm-none-eabi/lib/armv7e-m/softfp\libc_s.a(lib_a-exit.o)
 .ARM.attributes
                0x00000242       0x32 c:/siliconlabs/simplicitystudio/v2/developer/toolchains/gnu_arm/4.8_2013q4/bin/../lib/gcc/arm-none-eabi/4.8.3/../../../../arm-none-eabi/lib/armv7e-m/softfp\libc_s.a(lib_a-impure.o)
 .ARM.attributes
                0x00000274       0x32 c:/siliconlabs/simplicitystudio/v2/developer/toolchains/gnu_arm/4.8_2013q4/bin/../lib/gcc/arm-none-eabi/4.8.3/../../../../arm-none-eabi/lib/armv7e-m/softfp\libc_s.a(lib_a-init.o)
 .ARM.attributes
                0x000002a6       0x32 c:/siliconlabs/simplicitystudio/v2/developer/toolchains/gnu_arm/4.8_2013q4/bin/../lib/gcc/arm-none-eabi/4.8.3/../../../../arm-none-eabi/lib/armv7e-m/softfp\libc_s.a(lib_a-memset.o)
 .ARM.attributes
                0x000002d8       0x32 c:/siliconlabs/simplicitystudio/v2/developer/toolchains/gnu_arm/4.8_2013q4/bin/../lib/gcc/arm-none-eabi/4.8.3/../../../../arm-none-eabi/lib/armv7e-m/softfp\libnosys.a(_exit.o)
 .ARM.attributes
                0x0000030a       0x32 c:/siliconlabs/simplicitystudio/v2/developer/toolchains/gnu_arm/4.8_2013q4/bin/../lib/gcc/arm-none-eabi/4.8.3/armv7e-m/softfp/crtend.o
 .ARM.attributes
                0x0000033c       0x22 c:/siliconlabs/simplicitystudio/v2/developer/toolchains/gnu_arm/4.8_2013q4/bin/../lib/gcc/arm-none-eabi/4.8.3/armv7e-m/softfp/crtn.o

.comment        0x00000000       0x70
 .comment       0x00000000       0x70 ./src/main.o
                                 0x71 (size before relaxing)
 .comment       0x00000000       0x71 ./emlib/em_assert.o
 .comment       0x00000000       0x71 ./emlib/em_cmu.o
 .comment       0x00000000       0x71 ./emlib/em_gpio.o
 .comment       0x00000000       0x71 ./CMSIS/efm32wg/system_efm32wg.o
 .comment       0x00000000       0x71 ./BSP/bsp_stk_leds.o
 .comment       0x00000000       0x71 ./BSP/bsp_trace.o

.debug_info     0x00000000     0x3688
 .debug_info    0x00000000      0x7a0 ./src/main.o
 .debug_info    0x000007a0       0x76 ./emlib/em_assert.o
 .debug_info    0x00000816      0xfb4 ./emlib/em_cmu.o
 .debug_info    0x000017ca      0x4d0 ./emlib/em_gpio.o
 .debug_info    0x00001c9a       0xf0 ./CMSIS/efm32wg/startup_efm32wg.o
 .debug_info    0x00001d8a      0x6e8 ./CMSIS/efm32wg/system_efm32wg.o
 .debug_info    0x00002472      0x72f ./BSP/bsp_stk_leds.o
 .debug_info    0x00002ba1      0xae7 ./BSP/bsp_trace.o

.debug_abbrev   0x00000000      0xa43
 .debug_abbrev  0x00000000      0x1af ./src/main.o
 .debug_abbrev  0x000001af       0x63 ./emlib/em_assert.o
 .debug_abbrev  0x00000212      0x2b9 ./emlib/em_cmu.o
 .debug_abbrev  0x000004cb      0x11e ./emlib/em_gpio.o
 .debug_abbrev  0x000005e9       0x14 ./CMSIS/efm32wg/startup_efm32wg.o
 .debug_abbrev  0x000005fd      0x1a3 ./CMSIS/efm32wg/system_efm32wg.o
 .debug_abbrev  0x000007a0      0x14f ./BSP/bsp_stk_leds.o
 .debug_abbrev  0x000008ef      0x154 ./BSP/bsp_trace.o

.debug_loc      0x00000000      0xe00
 .debug_loc     0x00000000      0x12c ./src/main.o
 .debug_loc     0x0000012c       0x38 ./emlib/em_assert.o
 .debug_loc     0x00000164      0x6d0 ./emlib/em_cmu.o
 .debug_loc     0x00000834      0x118 ./emlib/em_gpio.o
 .debug_loc     0x0000094c      0x1e8 ./CMSIS/efm32wg/system_efm32wg.o
 .debug_loc     0x00000b34      0x268 ./BSP/bsp_stk_leds.o
 .debug_loc     0x00000d9c       0x64 ./BSP/bsp_trace.o

.debug_aranges  0x00000000      0x2e0
 .debug_aranges
                0x00000000       0x48 ./src/main.o
 .debug_aranges
                0x00000048       0x20 ./emlib/em_assert.o
 .debug_aranges
                0x00000068      0x118 ./emlib/em_cmu.o
 .debug_aranges
                0x00000180       0x40 ./emlib/em_gpio.o
 .debug_aranges
                0x000001c0       0x20 ./CMSIS/efm32wg/startup_efm32wg.o
 .debug_aranges
                0x000001e0       0x68 ./CMSIS/efm32wg/system_efm32wg.o
 .debug_aranges
                0x00000248       0x70 ./BSP/bsp_stk_leds.o
 .debug_aranges
                0x000002b8       0x28 ./BSP/bsp_trace.o

.debug_ranges   0x00000000      0x250
 .debug_ranges  0x00000000       0x38 ./src/main.o
 .debug_ranges  0x00000038       0x10 ./emlib/em_assert.o
 .debug_ranges  0x00000048      0x108 ./emlib/em_cmu.o
 .debug_ranges  0x00000150       0x30 ./emlib/em_gpio.o
 .debug_ranges  0x00000180       0x58 ./CMSIS/efm32wg/system_efm32wg.o
 .debug_ranges  0x000001d8       0x60 ./BSP/bsp_stk_leds.o
 .debug_ranges  0x00000238       0x18 ./BSP/bsp_trace.o

.debug_line     0x00000000     0x16f8
 .debug_line    0x00000000      0x268 ./src/main.o
 .debug_line    0x00000268       0x85 ./emlib/em_assert.o
 .debug_line    0x000002ed      0x81f ./emlib/em_cmu.o
 .debug_line    0x00000b0c      0x2cb ./emlib/em_gpio.o
 .debug_line    0x00000dd7       0xec ./CMSIS/efm32wg/startup_efm32wg.o
 .debug_line    0x00000ec3      0x2b2 ./CMSIS/efm32wg/system_efm32wg.o
 .debug_line    0x00001175      0x378 ./BSP/bsp_stk_leds.o
 .debug_line    0x000014ed      0x20b ./BSP/bsp_trace.o

.debug_str      0x00000000     0x17c0
 .debug_str     0x00000000      0x7c7 ./src/main.o
                                0x822 (size before relaxing)
 .debug_str     0x000007c7       0x65 ./emlib/em_assert.o
                                0x160 (size before relaxing)
 .debug_str     0x0000082c      0x791 ./emlib/em_cmu.o
                                0xbe8 (size before relaxing)
 .debug_str     0x00000fbd      0x37e ./emlib/em_gpio.o
                                0x55e (size before relaxing)
 .debug_str     0x0000133b      0x14d ./CMSIS/efm32wg/system_efm32wg.o
                                0x4f8 (size before relaxing)
 .debug_str     0x00001488      0x116 ./BSP/bsp_stk_leds.o
                                0x783 (size before relaxing)
 .debug_str     0x0000159e      0x222 ./BSP/bsp_trace.o
                                0x585 (size before relaxing)

.debug_frame    0x00000000      0x8cc
 .debug_frame   0x00000000       0xb4 ./src/main.o
 .debug_frame   0x000000b4       0x2c ./emlib/em_assert.o
 .debug_frame   0x000000e0      0x3d4 ./emlib/em_cmu.o
 .debug_frame   0x000004b4       0xac ./emlib/em_gpio.o
 .debug_frame   0x00000560      0x120 ./CMSIS/efm32wg/system_efm32wg.o
 .debug_frame   0x00000680      0x170 ./BSP/bsp_stk_leds.o
 .debug_frame   0x000007f0       0x48 ./BSP/bsp_trace.o
 .debug_frame   0x00000838       0x28 c:/siliconlabs/simplicitystudio/v2/developer/toolchains/gnu_arm/4.8_2013q4/bin/../lib/gcc/arm-none-eabi/4.8.3/../../../../arm-none-eabi/lib/armv7e-m/softfp\libc_s.a(lib_a-exit.o)
 .debug_frame   0x00000860       0x2c c:/siliconlabs/simplicitystudio/v2/developer/toolchains/gnu_arm/4.8_2013q4/bin/../lib/gcc/arm-none-eabi/4.8.3/../../../../arm-none-eabi/lib/armv7e-m/softfp\libc_s.a(lib_a-init.o)
 .debug_frame   0x0000088c       0x20 c:/siliconlabs/simplicitystudio/v2/developer/toolchains/gnu_arm/4.8_2013q4/bin/../lib/gcc/arm-none-eabi/4.8.3/../../../../arm-none-eabi/lib/armv7e-m/softfp\libc_s.a(lib_a-memset.o)
 .debug_frame   0x000008ac       0x20 c:/siliconlabs/simplicitystudio/v2/developer/toolchains/gnu_arm/4.8_2013q4/bin/../lib/gcc/arm-none-eabi/4.8.3/../../../../arm-none-eabi/lib/armv7e-m/softfp\libnosys.a(_exit.o)
