Archive member included because of file (symbol)

c:/siliconlabs/simplicitystudio/v2/developer/toolchains/gnu_arm/4.8_2013q4/bin/../lib/gcc/arm-none-eabi/4.8.3/../../../../arm-none-eabi/lib/armv7e-m/softfp\libc_s.a(lib_a-abs.o)
                              ./src/SPFD5408.o (abs)
c:/siliconlabs/simplicitystudio/v2/developer/toolchains/gnu_arm/4.8_2013q4/bin/../lib/gcc/arm-none-eabi/4.8.3/../../../../arm-none-eabi/lib/armv7e-m/softfp\libc_s.a(lib_a-exit.o)
                              c:/siliconlabs/simplicitystudio/v2/developer/toolchains/gnu_arm/4.8_2013q4/bin/../lib/gcc/arm-none-eabi/4.8.3/../../../../arm-none-eabi/lib/armv7e-m/softfp/crt0.o (exit)
c:/siliconlabs/simplicitystudio/v2/developer/toolchains/gnu_arm/4.8_2013q4/bin/../lib/gcc/arm-none-eabi/4.8.3/../../../../arm-none-eabi/lib/armv7e-m/softfp\libc_s.a(lib_a-impure.o)
                              c:/siliconlabs/simplicitystudio/v2/developer/toolchains/gnu_arm/4.8_2013q4/bin/../lib/gcc/arm-none-eabi/4.8.3/../../../../arm-none-eabi/lib/armv7e-m/softfp\libc_s.a(lib_a-exit.o) (_global_impure_ptr)
c:/siliconlabs/simplicitystudio/v2/developer/toolchains/gnu_arm/4.8_2013q4/bin/../lib/gcc/arm-none-eabi/4.8.3/../../../../arm-none-eabi/lib/armv7e-m/softfp\libc_s.a(lib_a-init.o)
                              c:/siliconlabs/simplicitystudio/v2/developer/toolchains/gnu_arm/4.8_2013q4/bin/../lib/gcc/arm-none-eabi/4.8.3/../../../../arm-none-eabi/lib/armv7e-m/softfp/crt0.o (__libc_init_array)
c:/siliconlabs/simplicitystudio/v2/developer/toolchains/gnu_arm/4.8_2013q4/bin/../lib/gcc/arm-none-eabi/4.8.3/../../../../arm-none-eabi/lib/armv7e-m/softfp\libc_s.a(lib_a-memcpy-stub.o)
                              ./BSP/bsp_stk.o (memcpy)
c:/siliconlabs/simplicitystudio/v2/developer/toolchains/gnu_arm/4.8_2013q4/bin/../lib/gcc/arm-none-eabi/4.8.3/../../../../arm-none-eabi/lib/armv7e-m/softfp\libc_s.a(lib_a-memset.o)
                              c:/siliconlabs/simplicitystudio/v2/developer/toolchains/gnu_arm/4.8_2013q4/bin/../lib/gcc/arm-none-eabi/4.8.3/../../../../arm-none-eabi/lib/armv7e-m/softfp/crt0.o (memset)
c:/siliconlabs/simplicitystudio/v2/developer/toolchains/gnu_arm/4.8_2013q4/bin/../lib/gcc/arm-none-eabi/4.8.3/../../../../arm-none-eabi/lib/armv7e-m/softfp\libnosys.a(_exit.o)
                              c:/siliconlabs/simplicitystudio/v2/developer/toolchains/gnu_arm/4.8_2013q4/bin/../lib/gcc/arm-none-eabi/4.8.3/../../../../arm-none-eabi/lib/armv7e-m/softfp\libc_s.a(lib_a-exit.o) (_exit)

Allocating common symbols
Common symbol       size              file

SystemCoreClock     0x4               ./CMSIS/efm32wg/system_efm32wg.o
msTicks             0x4               ./src/utils.o

Discarded input sections

 .text          0x00000000        0x0 c:/siliconlabs/simplicitystudio/v2/developer/toolchains/gnu_arm/4.8_2013q4/bin/../lib/gcc/arm-none-eabi/4.8.3/armv7e-m/softfp/crti.o
 .data          0x00000000        0x0 c:/siliconlabs/simplicitystudio/v2/developer/toolchains/gnu_arm/4.8_2013q4/bin/../lib/gcc/arm-none-eabi/4.8.3/armv7e-m/softfp/crti.o
 .bss           0x00000000        0x0 c:/siliconlabs/simplicitystudio/v2/developer/toolchains/gnu_arm/4.8_2013q4/bin/../lib/gcc/arm-none-eabi/4.8.3/armv7e-m/softfp/crti.o
 .data          0x00000000        0x4 c:/siliconlabs/simplicitystudio/v2/developer/toolchains/gnu_arm/4.8_2013q4/bin/../lib/gcc/arm-none-eabi/4.8.3/armv7e-m/softfp/crtbegin.o
 .data          0x00000000        0x0 c:/siliconlabs/simplicitystudio/v2/developer/toolchains/gnu_arm/4.8_2013q4/bin/../lib/gcc/arm-none-eabi/4.8.3/../../../../arm-none-eabi/lib/armv7e-m/softfp/crt0.o
 .bss           0x00000000        0x0 c:/siliconlabs/simplicitystudio/v2/developer/toolchains/gnu_arm/4.8_2013q4/bin/../lib/gcc/arm-none-eabi/4.8.3/../../../../arm-none-eabi/lib/armv7e-m/softfp/crt0.o
 .ARM.extab     0x00000000        0x0 c:/siliconlabs/simplicitystudio/v2/developer/toolchains/gnu_arm/4.8_2013q4/bin/../lib/gcc/arm-none-eabi/4.8.3/../../../../arm-none-eabi/lib/armv7e-m/softfp/crt0.o
 .text          0x00000000        0x0 ./src/AD9106.o
 .data          0x00000000        0x0 ./src/AD9106.o
 .bss           0x00000000        0x0 ./src/AD9106.o
 .text.setConfig
                0x00000000        0x4 ./src/AD9106.o
 .text.writeReg
                0x00000000       0x10 ./src/AD9106.o
 .text.readReg  0x00000000       0x28 ./src/AD9106.o
 .debug_info    0x00000000      0x1fb ./src/AD9106.o
 .debug_abbrev  0x00000000      0x140 ./src/AD9106.o
 .debug_loc     0x00000000      0x131 ./src/AD9106.o
 .debug_aranges
                0x00000000       0x30 ./src/AD9106.o
 .debug_ranges  0x00000000       0x40 ./src/AD9106.o
 .debug_line    0x00000000      0x162 ./src/AD9106.o
 .debug_str     0x00000000      0x25d ./src/AD9106.o
 .comment       0x00000000       0x71 ./src/AD9106.o
 .ARM.attributes
                0x00000000       0x37 ./src/AD9106.o
 .debug_frame   0x00000000       0x40 ./src/AD9106.o
 .text          0x00000000        0x0 ./src/SPFD5408.o
 .data          0x00000000        0x0 ./src/SPFD5408.o
 .bss           0x00000000        0x0 ./src/SPFD5408.o
 .text.GPIO_PinOutSet
                0x00000000       0x34 ./src/SPFD5408.o
 .text.pushData
                0x00000000       0xd8 ./src/SPFD5408.o
 .text.SPFD5408WriteRegister
                0x00000000       0x44 ./src/SPFD5408.o
 .text.SPFD5408Init
                0x00000000      0x838 ./src/SPFD5408.o
 .text.SPFD5408PaintScreenBlack
                0x00000000       0x94 ./src/SPFD5408.o
 .text.SPFD5408SetOrientation
                0x00000000      0x120 ./src/SPFD5408.o
 .text.SPFD5408SetDisplayDirect
                0x00000000        0xc ./src/SPFD5408.o
 .text.SPFD5408SetXY
                0x00000000      0x120 ./src/SPFD5408.o
 .text.SPFD5408SetPixel
                0x00000000      0x13c ./src/SPFD5408.o
 .text.SPFD5408DrawCircle
                0x00000000      0x2a0 ./src/SPFD5408.o
 .text.SPFD5408FillCircle
                0x00000000      0x6e4 ./src/SPFD5408.o
 .text.SPFD5408DrawLine
                0x00000000      0x1c8 ./src/SPFD5408.o
 .text.SPFD5408DrawVerticalLine
                0x00000000      0x2fc ./src/SPFD5408.o
 .text.SPFD5408DrawHorizontalLine
                0x00000000      0x2f4 ./src/SPFD5408.o
 .text.SPFD5408DrawRectangle
                0x00000000      0x328 ./src/SPFD5408.o
 .text.SPFD5408FillRectangle
                0x00000000      0x334 ./src/SPFD5408.o
 .text.SPFD5408DrawChar
                0x00000000      0x10c ./src/SPFD5408.o
 .text.SPFD5408DrawString
                0x00000000       0x90 ./src/SPFD5408.o
 .text.SPFD5408DrawBmp
                0x00000000      0x164 ./src/SPFD5408.o
 .rodata.str1.4
                0x00000000       0x50 ./src/SPFD5408.o
 .rodata.simpleFont
                0x00000000      0x300 ./src/SPFD5408.o
 .bss.DisplayDirect
                0x00000000        0x1 ./src/SPFD5408.o
 .debug_info    0x00000000    0x134bc ./src/SPFD5408.o
 .debug_abbrev  0x00000000      0x358 ./src/SPFD5408.o
 .debug_loc     0x00000000     0x9de4 ./src/SPFD5408.o
 .debug_aranges
                0x00000000       0xb0 ./src/SPFD5408.o
 .debug_ranges  0x00000000     0x52d0 ./src/SPFD5408.o
 .debug_line    0x00000000     0x2816 ./src/SPFD5408.o
 .debug_str     0x00000000      0x9af ./src/SPFD5408.o
 .comment       0x00000000       0x71 ./src/SPFD5408.o
 .ARM.attributes
                0x00000000       0x37 ./src/SPFD5408.o
 .debug_frame   0x00000000      0x2d0 ./src/SPFD5408.o
 .text          0x00000000        0x0 ./src/main.o
 .data          0x00000000        0x0 ./src/main.o
 .bss           0x00000000        0x0 ./src/main.o
 .text          0x00000000        0x0 ./src/spi.o
 .data          0x00000000        0x0 ./src/spi.o
 .bss           0x00000000        0x0 ./src/spi.o
 .text.spiInit  0x00000000       0xcc ./src/spi.o
 .text.spiDisable
                0x00000000       0x54 ./src/spi.o
 .text.spiTransfer
                0x00000000       0x40 ./src/spi.o
 .text.spiSendByte
                0x00000000       0x20 ./src/spi.o
 .text.spiGetByte
                0x00000000       0x20 ./src/spi.o
 .rodata        0x00000000       0x18 ./src/spi.o
 .debug_info    0x00000000      0xa2d ./src/spi.o
 .debug_abbrev  0x00000000      0x1a0 ./src/spi.o
 .debug_loc     0x00000000      0x161 ./src/spi.o
 .debug_aranges
                0x00000000       0x40 ./src/spi.o
 .debug_ranges  0x00000000       0x30 ./src/spi.o
 .debug_line    0x00000000      0x27b ./src/spi.o
 .debug_str     0x00000000      0xa35 ./src/spi.o
 .comment       0x00000000       0x71 ./src/spi.o
 .ARM.attributes
                0x00000000       0x37 ./src/spi.o
 .debug_frame   0x00000000       0x94 ./src/spi.o
 .text          0x00000000        0x0 ./src/utils.o
 .data          0x00000000        0x0 ./src/utils.o
 .bss           0x00000000        0x0 ./src/utils.o
 .text          0x00000000        0x0 ./emlib/em_assert.o
 .data          0x00000000        0x0 ./emlib/em_assert.o
 .bss           0x00000000        0x0 ./emlib/em_assert.o
 .text          0x00000000        0x0 ./emlib/em_cmu.o
 .data          0x00000000        0x0 ./emlib/em_cmu.o
 .bss           0x00000000        0x0 ./emlib/em_cmu.o
 .text.CMU_FlashWaitStateControl
                0x00000000       0x98 ./emlib/em_cmu.o
 .text.CMU_Calibrate
                0x00000000       0x78 ./emlib/em_cmu.o
 .text.CMU_CalibrateConfig
                0x00000000       0xac ./emlib/em_cmu.o
 .text.CMU_ClockDivGet
                0x00000000      0x110 ./emlib/em_cmu.o
 .text.CMU_ClockDivSet
                0x00000000      0x3c0 ./emlib/em_cmu.o
 .text.CMU_ClockSelectSet
                0x00000000      0x278 ./emlib/em_cmu.o
 .text.CMU_FreezeEnable
                0x00000000       0x1c ./emlib/em_cmu.o
 .text.CMU_AUXHFRCOBandGet
                0x00000000       0x10 ./emlib/em_cmu.o
 .text.CMU_AUXHFRCOBandSet
                0x00000000       0x7c ./emlib/em_cmu.o
 .text.CMU_HFRCOBandGet
                0x00000000       0x10 ./emlib/em_cmu.o
 .text.CMU_HFRCOBandSet
                0x00000000       0xe4 ./emlib/em_cmu.o
 .text.CMU_HFRCOStartupDelayGet
                0x00000000       0x10 ./emlib/em_cmu.o
 .text.CMU_HFRCOStartupDelaySet
                0x00000000       0x30 ./emlib/em_cmu.o
 .text.CMU_LCDClkFDIVGet
                0x00000000       0x10 ./emlib/em_cmu.o
 .text.CMU_LCDClkFDIVSet
                0x00000000       0x34 ./emlib/em_cmu.o
 .text.CMU_OscillatorEnable
                0x00000000       0x60 ./emlib/em_cmu.o
 .text.CMU_OscillatorTuningGet
                0x00000000       0x40 ./emlib/em_cmu.o
 .text.CMU_OscillatorTuningSet
                0x00000000       0x88 ./emlib/em_cmu.o
 .text.CMU_PCNTClockExternalGet
                0x00000000       0x44 ./emlib/em_cmu.o
 .text.CMU_PCNTClockExternalSet
                0x00000000       0x28 ./emlib/em_cmu.o
 .text          0x00000000        0x0 ./emlib/em_ebi.o
 .data          0x00000000        0x0 ./emlib/em_ebi.o
 .bss           0x00000000        0x0 ./emlib/em_ebi.o
 .text.EBI_Disable
                0x00000000       0x10 ./emlib/em_ebi.o
 .text.EBI_BankEnable
                0x00000000       0x34 ./emlib/em_ebi.o
 .text.EBI_BankAddress
                0x00000000       0xbc ./emlib/em_ebi.o
 .text.EBI_ChipSelectEnable
                0x00000000       0x34 ./emlib/em_ebi.o
 .text.EBI_PolaritySet
                0x00000000       0x90 ./emlib/em_ebi.o
 .text.EBI_ReadTimingSet
                0x00000000       0x58 ./emlib/em_ebi.o
 .text.EBI_WriteTimingSet
                0x00000000       0x58 ./emlib/em_ebi.o
 .text.EBI_AddressTimingSet
                0x00000000       0x44 ./emlib/em_ebi.o
 .text.EBI_TFTInit
                0x00000000      0x1c8 ./emlib/em_ebi.o
 .text.EBI_TFTSizeSet
                0x00000000       0x3c ./emlib/em_ebi.o
 .text.EBI_TFTHPorchSet
                0x00000000       0x50 ./emlib/em_ebi.o
 .text.EBI_TFTVPorchSet
                0x00000000       0x50 ./emlib/em_ebi.o
 .text.EBI_TFTTimingSet
                0x00000000       0x68 ./emlib/em_ebi.o
 .text.EBI_BankReadTimingConfig
                0x00000000       0x94 ./emlib/em_ebi.o
 .text.EBI_BankReadTimingSet
                0x00000000       0xb4 ./emlib/em_ebi.o
 .text.EBI_BankWriteTimingConfig
                0x00000000       0x70 ./emlib/em_ebi.o
 .text.EBI_BankWriteTimingSet
                0x00000000       0xb4 ./emlib/em_ebi.o
 .text.EBI_BankAddressTimingConfig
                0x00000000       0x50 ./emlib/em_ebi.o
 .text.EBI_BankAddressTimingSet
                0x00000000       0x9c ./emlib/em_ebi.o
 .text.EBI_Init
                0x00000000      0x6c8 ./emlib/em_ebi.o
 .text.EBI_BankPolaritySet
                0x00000000      0x120 ./emlib/em_ebi.o
 .text.EBI_BankByteLaneEnable
                0x00000000       0x50 ./emlib/em_ebi.o
 .text.EBI_AltMapEnable
                0x00000000        0xc ./emlib/em_ebi.o
 .rodata.str1.4
                0x00000000       0x14 ./emlib/em_ebi.o
 .debug_info    0x00000000     0x3644 ./emlib/em_ebi.o
 .debug_abbrev  0x00000000      0x352 ./emlib/em_ebi.o
 .debug_loc     0x00000000     0x3e3c ./emlib/em_ebi.o
 .debug_aranges
                0x00000000       0xd0 ./emlib/em_ebi.o
 .debug_ranges  0x00000000      0x808 ./emlib/em_ebi.o
 .debug_line    0x00000000      0x9b3 ./emlib/em_ebi.o
 .debug_str     0x00000000      0xe06 ./emlib/em_ebi.o
 .comment       0x00000000       0x71 ./emlib/em_ebi.o
 .ARM.attributes
                0x00000000       0x37 ./emlib/em_ebi.o
 .debug_frame   0x00000000      0x284 ./emlib/em_ebi.o
 .text          0x00000000        0x0 ./emlib/em_emu.o
 .data          0x00000000        0x0 ./emlib/em_emu.o
 .bss           0x00000000        0x0 ./emlib/em_emu.o
 .text.EMU_EnterEM2
                0x00000000       0xfc ./emlib/em_emu.o
 .text.EMU_EnterEM3
                0x00000000      0x11c ./emlib/em_emu.o
 .text.EMU_EnterEM4
                0x00000000       0x24 ./emlib/em_emu.o
 .text.EMU_MemPwrDown
                0x00000000        0x4 ./emlib/em_emu.o
 .text.EMU_UpdateOscConfig
                0x00000000       0x14 ./emlib/em_emu.o
 .text.EMU_EM4Init
                0x00000000       0x2c ./emlib/em_emu.o
 .text.EMU_BUPDInit
                0x00000000       0x8c ./emlib/em_emu.o
 .text.EMU_BUThresholdSet
                0x00000000       0x44 ./emlib/em_emu.o
 .text.EMU_BUThresRangeSet
                0x00000000       0x48 ./emlib/em_emu.o
 .rodata.str1.4
                0x00000000       0x14 ./emlib/em_emu.o
 .bss.cmuStatus
                0x00000000        0x2 ./emlib/em_emu.o
 .debug_info    0x00000000      0xe78 ./emlib/em_emu.o
 .debug_abbrev  0x00000000      0x334 ./emlib/em_emu.o
 .debug_loc     0x00000000      0x512 ./emlib/em_emu.o
 .debug_aranges
                0x00000000       0x60 ./emlib/em_emu.o
 .debug_ranges  0x00000000      0x158 ./emlib/em_emu.o
 .debug_line    0x00000000      0x492 ./emlib/em_emu.o
 .debug_str     0x00000000      0x801 ./emlib/em_emu.o
 .comment       0x00000000       0x71 ./emlib/em_emu.o
 .ARM.attributes
                0x00000000       0x37 ./emlib/em_emu.o
 .debug_frame   0x00000000       0xec ./emlib/em_emu.o
 .text          0x00000000        0x0 ./emlib/em_gpio.o
 .data          0x00000000        0x0 ./emlib/em_gpio.o
 .bss           0x00000000        0x0 ./emlib/em_gpio.o
 .text.GPIO_DbgLocationSet
                0x00000000       0x2c ./emlib/em_gpio.o
 .text.GPIO_DriveModeSet
                0x00000000       0x34 ./emlib/em_gpio.o
 .text.GPIO_IntConfig
                0x00000000       0x8c ./emlib/em_gpio.o
 .text          0x00000000        0x0 ./emlib/em_system.o
 .data          0x00000000        0x0 ./emlib/em_system.o
 .bss           0x00000000        0x0 ./emlib/em_system.o
 .text.SYSTEM_ChipRevisionGet
                0x00000000       0x48 ./emlib/em_system.o
 .text.SYSTEM_GetCalibrationValue
                0x00000000       0x38 ./emlib/em_system.o
 .rodata.str1.4
                0x00000000       0x18 ./emlib/em_system.o
 .debug_info    0x00000000      0x2a7 ./emlib/em_system.o
 .debug_abbrev  0x00000000      0x120 ./emlib/em_system.o
 .debug_loc     0x00000000      0x124 ./emlib/em_system.o
 .debug_aranges
                0x00000000       0x28 ./emlib/em_system.o
 .debug_ranges  0x00000000       0x18 ./emlib/em_system.o
 .debug_line    0x00000000      0x231 ./emlib/em_system.o
 .debug_str     0x00000000      0x2e8 ./emlib/em_system.o
 .comment       0x00000000       0x71 ./emlib/em_system.o
 .ARM.attributes
                0x00000000       0x37 ./emlib/em_system.o
 .debug_frame   0x00000000       0x40 ./emlib/em_system.o
 .text          0x00000000        0x0 ./emlib/em_usart.o
 .data          0x00000000        0x0 ./emlib/em_usart.o
 .bss           0x00000000        0x0 ./emlib/em_usart.o
 .text.USART_BaudrateAsyncSet
                0x00000000       0xe8 ./emlib/em_usart.o
 .text.USART_BaudrateCalc
                0x00000000       0x50 ./emlib/em_usart.o
 .text.USART_BaudrateGet
                0x00000000       0x74 ./emlib/em_usart.o
 .text.USART_BaudrateSyncSet
                0x00000000       0x60 ./emlib/em_usart.o
 .text.USART_Enable
                0x00000000       0x4c ./emlib/em_usart.o
 .text.USART_InitAsync
                0x00000000      0x1d4 ./emlib/em_usart.o
 .text.USART_InitSync
                0x00000000      0x1a0 ./emlib/em_usart.o
 .text.USART_InitIrDA
                0x00000000      0x174 ./emlib/em_usart.o
 .text.USART_InitI2s
                0x00000000      0x24c ./emlib/em_usart.o
 .text.USART_InitPrsTrigger
                0x00000000       0x28 ./emlib/em_usart.o
 .text.USART_Reset
                0x00000000       0xa8 ./emlib/em_usart.o
 .text.USART_Rx
                0x00000000        0xc ./emlib/em_usart.o
 .text.USART_RxDouble
                0x00000000        0xc ./emlib/em_usart.o
 .text.USART_RxDoubleExt
                0x00000000        0xc ./emlib/em_usart.o
 .text.USART_RxExt
                0x00000000        0xc ./emlib/em_usart.o
 .text.USART_SpiTransfer
                0x00000000       0x14 ./emlib/em_usart.o
 .text.USART_Tx
                0x00000000        0xc ./emlib/em_usart.o
 .text.USART_TxDouble
                0x00000000        0xc ./emlib/em_usart.o
 .text.USART_TxDoubleExt
                0x00000000        0xc ./emlib/em_usart.o
 .text.USART_TxExt
                0x00000000        0xc ./emlib/em_usart.o
 .rodata.str1.4
                0x00000000       0x14 ./emlib/em_usart.o
 .debug_info    0x00000000     0x16ea ./emlib/em_usart.o
 .debug_abbrev  0x00000000      0x2f6 ./emlib/em_usart.o
 .debug_loc     0x00000000     0x11ff ./emlib/em_usart.o
 .debug_aranges
                0x00000000       0xb8 ./emlib/em_usart.o
 .debug_ranges  0x00000000      0x238 ./emlib/em_usart.o
 .debug_line    0x00000000      0x773 ./emlib/em_usart.o
 .debug_str     0x00000000      0xe13 ./emlib/em_usart.o
 .comment       0x00000000       0x71 ./emlib/em_usart.o
 .ARM.attributes
                0x00000000       0x37 ./emlib/em_usart.o
 .debug_frame   0x00000000      0x1d4 ./emlib/em_usart.o
 .data          0x00000000        0x0 ./CMSIS/efm32wg/startup_gcc_efm32wg.o
 .bss           0x00000000        0x0 ./CMSIS/efm32wg/startup_gcc_efm32wg.o
 .text          0x00000000        0x0 ./CMSIS/efm32wg/system_efm32wg.o
 .data          0x00000000        0x0 ./CMSIS/efm32wg/system_efm32wg.o
 .bss           0x00000000        0x0 ./CMSIS/efm32wg/system_efm32wg.o
 .text.SystemHFXOClockGet
                0x00000000        0xc ./CMSIS/efm32wg/system_efm32wg.o
 .text.SystemHFXOClockSet
                0x00000000       0xe4 ./CMSIS/efm32wg/system_efm32wg.o
 .text.SystemLFXOClockSet
                0x00000000       0xe4 ./CMSIS/efm32wg/system_efm32wg.o
 .text          0x00000000        0x0 ./BSP/bsp_bcc.o
 .data          0x00000000        0x0 ./BSP/bsp_bcc.o
 .bss           0x00000000        0x0 ./BSP/bsp_bcc.o
 .text.BSP_BccDeInit
                0x00000000       0x60 ./BSP/bsp_bcc.o
 .text.BSP_BccInit
                0x00000000       0x98 ./BSP/bsp_bcc.o
 .text.BSP_BccPacketReceive
                0x00000000       0x98 ./BSP/bsp_bcc.o
 .text.BSP_BccPacketSend
                0x00000000       0x78 ./BSP/bsp_bcc.o
 .text.BSP_BccPinsEnable
                0x00000000       0x70 ./BSP/bsp_bcc.o
 .rodata        0x00000000       0x18 ./BSP/bsp_bcc.o
 .bss.rxByteCount
                0x00000000        0x4 ./BSP/bsp_bcc.o
 .bss.txByteCount
                0x00000000        0x4 ./BSP/bsp_bcc.o
 .debug_info    0x00000000      0xc5c ./BSP/bsp_bcc.o
 .debug_abbrev  0x00000000      0x25e ./BSP/bsp_bcc.o
 .debug_loc     0x00000000      0x2ce ./BSP/bsp_bcc.o
 .debug_aranges
                0x00000000       0x40 ./BSP/bsp_bcc.o
 .debug_ranges  0x00000000      0x130 ./BSP/bsp_bcc.o
 .debug_line    0x00000000      0x394 ./BSP/bsp_bcc.o
 .debug_str     0x00000000      0xb0f ./BSP/bsp_bcc.o
 .comment       0x00000000       0x71 ./BSP/bsp_bcc.o
 .ARM.attributes
                0x00000000       0x37 ./BSP/bsp_bcc.o
 .debug_frame   0x00000000       0xa0 ./BSP/bsp_bcc.o
 .text          0x00000000        0x0 ./BSP/bsp_stk.o
 .data          0x00000000        0x0 ./BSP/bsp_stk.o
 .bss           0x00000000        0x0 ./BSP/bsp_stk.o
 .text.BSP_Disable
                0x00000000        0xc ./BSP/bsp_stk.o
 .text.BSP_EbiInit
                0x00000000      0x110 ./BSP/bsp_stk.o
 .text.BSP_EbiDeInit
                0x00000000        0x4 ./BSP/bsp_stk.o
 .text.BSP_Init
                0x00000000       0x10 ./BSP/bsp_stk.o
 .text.BSP_CurrentGet
                0x00000000       0x30 ./BSP/bsp_stk.o
 .text.BSP_VoltageGet
                0x00000000       0x30 ./BSP/bsp_stk.o
 .rodata        0x00000000       0x50 ./BSP/bsp_stk.o
 .debug_info    0x00000000      0xe23 ./BSP/bsp_stk.o
 .debug_abbrev  0x00000000      0x1ff ./BSP/bsp_stk.o
 .debug_loc     0x00000000       0xe8 ./BSP/bsp_stk.o
 .debug_aranges
                0x00000000       0x48 ./BSP/bsp_stk.o
 .debug_ranges  0x00000000       0x38 ./BSP/bsp_stk.o
 .debug_line    0x00000000      0x2c3 ./BSP/bsp_stk.o
 .debug_str     0x00000000      0xc6c ./BSP/bsp_stk.o
 .comment       0x00000000       0x71 ./BSP/bsp_stk.o
 .ARM.attributes
                0x00000000       0x37 ./BSP/bsp_stk.o
 .debug_frame   0x00000000       0xa0 ./BSP/bsp_stk.o
 .text          0x00000000        0x0 ./BSP/bsp_stk_leds.o
 .data          0x00000000        0x0 ./BSP/bsp_stk_leds.o
 .bss           0x00000000        0x0 ./BSP/bsp_stk_leds.o
 .text.BSP_LedsGet
                0x00000000       0x1c ./BSP/bsp_stk_leds.o
 .text.BSP_LedsSet
                0x00000000       0x2c ./BSP/bsp_stk_leds.o
 .text.BSP_LedClear
                0x00000000       0x4c ./BSP/bsp_stk_leds.o
 .text.BSP_LedGet
                0x00000000       0x4c ./BSP/bsp_stk_leds.o
 .text          0x00000000        0x0 ./BSP/bsp_trace.o
 .data          0x00000000        0x0 ./BSP/bsp_trace.o
 .bss           0x00000000        0x0 ./BSP/bsp_trace.o
 .text.BSP_TraceSwoSetup
                0x00000000       0xb4 ./BSP/bsp_trace.o
 .text          0x00000000        0x0 c:/siliconlabs/simplicitystudio/v2/developer/toolchains/gnu_arm/4.8_2013q4/bin/../lib/gcc/arm-none-eabi/4.8.3/../../../../arm-none-eabi/lib/armv7e-m/softfp\libc_s.a(lib_a-abs.o)
 .data          0x00000000        0x0 c:/siliconlabs/simplicitystudio/v2/developer/toolchains/gnu_arm/4.8_2013q4/bin/../lib/gcc/arm-none-eabi/4.8.3/../../../../arm-none-eabi/lib/armv7e-m/softfp\libc_s.a(lib_a-abs.o)
 .bss           0x00000000        0x0 c:/siliconlabs/simplicitystudio/v2/developer/toolchains/gnu_arm/4.8_2013q4/bin/../lib/gcc/arm-none-eabi/4.8.3/../../../../arm-none-eabi/lib/armv7e-m/softfp\libc_s.a(lib_a-abs.o)
 .text.abs      0x00000000        0x8 c:/siliconlabs/simplicitystudio/v2/developer/toolchains/gnu_arm/4.8_2013q4/bin/../lib/gcc/arm-none-eabi/4.8.3/../../../../arm-none-eabi/lib/armv7e-m/softfp\libc_s.a(lib_a-abs.o)
 .ARM.attributes
                0x00000000       0x32 c:/siliconlabs/simplicitystudio/v2/developer/toolchains/gnu_arm/4.8_2013q4/bin/../lib/gcc/arm-none-eabi/4.8.3/../../../../arm-none-eabi/lib/armv7e-m/softfp\libc_s.a(lib_a-abs.o)
 .debug_frame   0x00000000       0x20 c:/siliconlabs/simplicitystudio/v2/developer/toolchains/gnu_arm/4.8_2013q4/bin/../lib/gcc/arm-none-eabi/4.8.3/../../../../arm-none-eabi/lib/armv7e-m/softfp\libc_s.a(lib_a-abs.o)
 .text          0x00000000        0x0 c:/siliconlabs/simplicitystudio/v2/developer/toolchains/gnu_arm/4.8_2013q4/bin/../lib/gcc/arm-none-eabi/4.8.3/../../../../arm-none-eabi/lib/armv7e-m/softfp\libc_s.a(lib_a-exit.o)
 .data          0x00000000        0x0 c:/siliconlabs/simplicitystudio/v2/developer/toolchains/gnu_arm/4.8_2013q4/bin/../lib/gcc/arm-none-eabi/4.8.3/../../../../arm-none-eabi/lib/armv7e-m/softfp\libc_s.a(lib_a-exit.o)
 .bss           0x00000000        0x0 c:/siliconlabs/simplicitystudio/v2/developer/toolchains/gnu_arm/4.8_2013q4/bin/../lib/gcc/arm-none-eabi/4.8.3/../../../../arm-none-eabi/lib/armv7e-m/softfp\libc_s.a(lib_a-exit.o)
 .text          0x00000000        0x0 c:/siliconlabs/simplicitystudio/v2/developer/toolchains/gnu_arm/4.8_2013q4/bin/../lib/gcc/arm-none-eabi/4.8.3/../../../../arm-none-eabi/lib/armv7e-m/softfp\libc_s.a(lib_a-impure.o)
 .data          0x00000000        0x0 c:/siliconlabs/simplicitystudio/v2/developer/toolchains/gnu_arm/4.8_2013q4/bin/../lib/gcc/arm-none-eabi/4.8.3/../../../../arm-none-eabi/lib/armv7e-m/softfp\libc_s.a(lib_a-impure.o)
 .bss           0x00000000        0x0 c:/siliconlabs/simplicitystudio/v2/developer/toolchains/gnu_arm/4.8_2013q4/bin/../lib/gcc/arm-none-eabi/4.8.3/../../../../arm-none-eabi/lib/armv7e-m/softfp\libc_s.a(lib_a-impure.o)
 .data._impure_ptr
                0x00000000        0x4 c:/siliconlabs/simplicitystudio/v2/developer/toolchains/gnu_arm/4.8_2013q4/bin/../lib/gcc/arm-none-eabi/4.8.3/../../../../arm-none-eabi/lib/armv7e-m/softfp\libc_s.a(lib_a-impure.o)
 .text          0x00000000        0x0 c:/siliconlabs/simplicitystudio/v2/developer/toolchains/gnu_arm/4.8_2013q4/bin/../lib/gcc/arm-none-eabi/4.8.3/../../../../arm-none-eabi/lib/armv7e-m/softfp\libc_s.a(lib_a-init.o)
 .data          0x00000000        0x0 c:/siliconlabs/simplicitystudio/v2/developer/toolchains/gnu_arm/4.8_2013q4/bin/../lib/gcc/arm-none-eabi/4.8.3/../../../../arm-none-eabi/lib/armv7e-m/softfp\libc_s.a(lib_a-init.o)
 .bss           0x00000000        0x0 c:/siliconlabs/simplicitystudio/v2/developer/toolchains/gnu_arm/4.8_2013q4/bin/../lib/gcc/arm-none-eabi/4.8.3/../../../../arm-none-eabi/lib/armv7e-m/softfp\libc_s.a(lib_a-init.o)
 .text          0x00000000        0x0 c:/siliconlabs/simplicitystudio/v2/developer/toolchains/gnu_arm/4.8_2013q4/bin/../lib/gcc/arm-none-eabi/4.8.3/../../../../arm-none-eabi/lib/armv7e-m/softfp\libc_s.a(lib_a-memcpy-stub.o)
 .data          0x00000000        0x0 c:/siliconlabs/simplicitystudio/v2/developer/toolchains/gnu_arm/4.8_2013q4/bin/../lib/gcc/arm-none-eabi/4.8.3/../../../../arm-none-eabi/lib/armv7e-m/softfp\libc_s.a(lib_a-memcpy-stub.o)
 .bss           0x00000000        0x0 c:/siliconlabs/simplicitystudio/v2/developer/toolchains/gnu_arm/4.8_2013q4/bin/../lib/gcc/arm-none-eabi/4.8.3/../../../../arm-none-eabi/lib/armv7e-m/softfp\libc_s.a(lib_a-memcpy-stub.o)
 .text.memcpy   0x00000000       0x12 c:/siliconlabs/simplicitystudio/v2/developer/toolchains/gnu_arm/4.8_2013q4/bin/../lib/gcc/arm-none-eabi/4.8.3/../../../../arm-none-eabi/lib/armv7e-m/softfp\libc_s.a(lib_a-memcpy-stub.o)
 .ARM.attributes
                0x00000000       0x32 c:/siliconlabs/simplicitystudio/v2/developer/toolchains/gnu_arm/4.8_2013q4/bin/../lib/gcc/arm-none-eabi/4.8.3/../../../../arm-none-eabi/lib/armv7e-m/softfp\libc_s.a(lib_a-memcpy-stub.o)
 .debug_frame   0x00000000       0x28 c:/siliconlabs/simplicitystudio/v2/developer/toolchains/gnu_arm/4.8_2013q4/bin/../lib/gcc/arm-none-eabi/4.8.3/../../../../arm-none-eabi/lib/armv7e-m/softfp\libc_s.a(lib_a-memcpy-stub.o)
 .text          0x00000000        0x0 c:/siliconlabs/simplicitystudio/v2/developer/toolchains/gnu_arm/4.8_2013q4/bin/../lib/gcc/arm-none-eabi/4.8.3/../../../../arm-none-eabi/lib/armv7e-m/softfp\libc_s.a(lib_a-memset.o)
 .data          0x00000000        0x0 c:/siliconlabs/simplicitystudio/v2/developer/toolchains/gnu_arm/4.8_2013q4/bin/../lib/gcc/arm-none-eabi/4.8.3/../../../../arm-none-eabi/lib/armv7e-m/softfp\libc_s.a(lib_a-memset.o)
 .bss           0x00000000        0x0 c:/siliconlabs/simplicitystudio/v2/developer/toolchains/gnu_arm/4.8_2013q4/bin/../lib/gcc/arm-none-eabi/4.8.3/../../../../arm-none-eabi/lib/armv7e-m/softfp\libc_s.a(lib_a-memset.o)
 .text          0x00000000        0x0 c:/siliconlabs/simplicitystudio/v2/developer/toolchains/gnu_arm/4.8_2013q4/bin/../lib/gcc/arm-none-eabi/4.8.3/../../../../arm-none-eabi/lib/armv7e-m/softfp\libnosys.a(_exit.o)
 .data          0x00000000        0x0 c:/siliconlabs/simplicitystudio/v2/developer/toolchains/gnu_arm/4.8_2013q4/bin/../lib/gcc/arm-none-eabi/4.8.3/../../../../arm-none-eabi/lib/armv7e-m/softfp\libnosys.a(_exit.o)
 .bss           0x00000000        0x0 c:/siliconlabs/simplicitystudio/v2/developer/toolchains/gnu_arm/4.8_2013q4/bin/../lib/gcc/arm-none-eabi/4.8.3/../../../../arm-none-eabi/lib/armv7e-m/softfp\libnosys.a(_exit.o)
 .text          0x00000000        0x0 c:/siliconlabs/simplicitystudio/v2/developer/toolchains/gnu_arm/4.8_2013q4/bin/../lib/gcc/arm-none-eabi/4.8.3/armv7e-m/softfp/crtend.o
 .data          0x00000000        0x0 c:/siliconlabs/simplicitystudio/v2/developer/toolchains/gnu_arm/4.8_2013q4/bin/../lib/gcc/arm-none-eabi/4.8.3/armv7e-m/softfp/crtend.o
 .bss           0x00000000        0x0 c:/siliconlabs/simplicitystudio/v2/developer/toolchains/gnu_arm/4.8_2013q4/bin/../lib/gcc/arm-none-eabi/4.8.3/armv7e-m/softfp/crtend.o
 .jcr           0x00000000        0x4 c:/siliconlabs/simplicitystudio/v2/developer/toolchains/gnu_arm/4.8_2013q4/bin/../lib/gcc/arm-none-eabi/4.8.3/armv7e-m/softfp/crtend.o
 .text          0x00000000        0x0 c:/siliconlabs/simplicitystudio/v2/developer/toolchains/gnu_arm/4.8_2013q4/bin/../lib/gcc/arm-none-eabi/4.8.3/armv7e-m/softfp/crtn.o
 .data          0x00000000        0x0 c:/siliconlabs/simplicitystudio/v2/developer/toolchains/gnu_arm/4.8_2013q4/bin/../lib/gcc/arm-none-eabi/4.8.3/armv7e-m/softfp/crtn.o
 .bss           0x00000000        0x0 c:/siliconlabs/simplicitystudio/v2/developer/toolchains/gnu_arm/4.8_2013q4/bin/../lib/gcc/arm-none-eabi/4.8.3/armv7e-m/softfp/crtn.o

Memory Configuration

Name             Origin             Length             Attributes
FLASH            0x00000000         0x00040000         xr
RAM              0x20000000         0x00008000         xrw
*default*        0x00000000         0xffffffff

Linker script and memory map

LOAD c:/siliconlabs/simplicitystudio/v2/developer/toolchains/gnu_arm/4.8_2013q4/bin/../lib/gcc/arm-none-eabi/4.8.3/armv7e-m/softfp/crti.o
LOAD c:/siliconlabs/simplicitystudio/v2/developer/toolchains/gnu_arm/4.8_2013q4/bin/../lib/gcc/arm-none-eabi/4.8.3/armv7e-m/softfp/crtbegin.o
LOAD c:/siliconlabs/simplicitystudio/v2/developer/toolchains/gnu_arm/4.8_2013q4/bin/../lib/gcc/arm-none-eabi/4.8.3/../../../../arm-none-eabi/lib/armv7e-m/softfp/crt0.o
LOAD ./src/AD9106.o
LOAD ./src/SPFD5408.o
LOAD ./src/main.o
LOAD ./src/spi.o
LOAD ./src/utils.o
LOAD ./emlib/em_assert.o
LOAD ./emlib/em_cmu.o
LOAD ./emlib/em_ebi.o
LOAD ./emlib/em_emu.o
LOAD ./emlib/em_gpio.o
LOAD ./emlib/em_system.o
LOAD ./emlib/em_usart.o
LOAD ./CMSIS/efm32wg/startup_gcc_efm32wg.o
LOAD ./CMSIS/efm32wg/system_efm32wg.o
LOAD ./BSP/bsp_bcc.o
LOAD ./BSP/bsp_stk.o
LOAD ./BSP/bsp_stk_leds.o
LOAD ./BSP/bsp_trace.o
START GROUP
LOAD c:/siliconlabs/simplicitystudio/v2/developer/toolchains/gnu_arm/4.8_2013q4/bin/../lib/gcc/arm-none-eabi/4.8.3/armv7e-m/softfp\libgcc.a
LOAD c:/siliconlabs/simplicitystudio/v2/developer/toolchains/gnu_arm/4.8_2013q4/bin/../lib/gcc/arm-none-eabi/4.8.3/../../../../arm-none-eabi/lib/armv7e-m/softfp\libc_s.a
LOAD c:/siliconlabs/simplicitystudio/v2/developer/toolchains/gnu_arm/4.8_2013q4/bin/../lib/gcc/arm-none-eabi/4.8.3/../../../../arm-none-eabi/lib/armv7e-m/softfp\libnosys.a
END GROUP
START GROUP
LOAD c:/siliconlabs/simplicitystudio/v2/developer/toolchains/gnu_arm/4.8_2013q4/bin/../lib/gcc/arm-none-eabi/4.8.3/armv7e-m/softfp\libgcc.a
LOAD c:/siliconlabs/simplicitystudio/v2/developer/toolchains/gnu_arm/4.8_2013q4/bin/../lib/gcc/arm-none-eabi/4.8.3/../../../../arm-none-eabi/lib/armv7e-m/softfp\libg_s.a
LOAD c:/siliconlabs/simplicitystudio/v2/developer/toolchains/gnu_arm/4.8_2013q4/bin/../lib/gcc/arm-none-eabi/4.8.3/../../../../arm-none-eabi/lib/armv7e-m/softfp\libc_s.a
END GROUP
START GROUP
LOAD c:/siliconlabs/simplicitystudio/v2/developer/toolchains/gnu_arm/4.8_2013q4/bin/../lib/gcc/arm-none-eabi/4.8.3/armv7e-m/softfp\libgcc.a
LOAD c:/siliconlabs/simplicitystudio/v2/developer/toolchains/gnu_arm/4.8_2013q4/bin/../lib/gcc/arm-none-eabi/4.8.3/../../../../arm-none-eabi/lib/armv7e-m/softfp\libc_s.a
END GROUP
LOAD c:/siliconlabs/simplicitystudio/v2/developer/toolchains/gnu_arm/4.8_2013q4/bin/../lib/gcc/arm-none-eabi/4.8.3/armv7e-m/softfp/crtend.o
LOAD c:/siliconlabs/simplicitystudio/v2/developer/toolchains/gnu_arm/4.8_2013q4/bin/../lib/gcc/arm-none-eabi/4.8.3/armv7e-m/softfp/crtn.o

.text           0x00000000      0xe60
 *(.isr_vector)
 .isr_vector    0x00000000      0x100 ./CMSIS/efm32wg/startup_gcc_efm32wg.o
                0x00000000                __isr_vector
 *(.text*)
 .text          0x00000100       0x54 c:/siliconlabs/simplicitystudio/v2/developer/toolchains/gnu_arm/4.8_2013q4/bin/../lib/gcc/arm-none-eabi/4.8.3/armv7e-m/softfp/crtbegin.o
 .text          0x00000154       0x74 c:/siliconlabs/simplicitystudio/v2/developer/toolchains/gnu_arm/4.8_2013q4/bin/../lib/gcc/arm-none-eabi/4.8.3/../../../../arm-none-eabi/lib/armv7e-m/softfp/crt0.o
                0x00000154                _start
                0x00000154                _mainCRTStartup
 .text.startup.main
                0x000001c8       0x70 ./src/main.o
                0x000001c8                main
 .text.SysTick_Handler
                0x00000238       0x10 ./src/utils.o
                0x00000238                SysTick_Handler
 .text.Delay    0x00000248       0x14 ./src/utils.o
                0x00000248                Delay
 .text.assertEFM
                0x0000025c        0x4 ./emlib/em_assert.o
                0x0000025c                assertEFM
 .text.CMU_ClockSelectGet
                0x00000260       0xd0 ./emlib/em_cmu.o
                0x00000260                CMU_ClockSelectGet
 .text.CMU_ClockFreqGet
                0x00000330      0x478 ./emlib/em_cmu.o
                0x00000330                CMU_ClockFreqGet
 .text.CMU_ClockEnable
                0x000007a8       0xbc ./emlib/em_cmu.o
                0x000007a8                CMU_ClockEnable
 .text.GPIO_PinModeSet
                0x00000864       0xc0 ./emlib/em_gpio.o
                0x00000864                GPIO_PinModeSet
 .text          0x00000924       0x98 ./CMSIS/efm32wg/startup_gcc_efm32wg.o
                0x00000924                Reset_Handler
                0x00000958                Default_Handler
                0x0000095a                NMI_Handler
                0x0000095c                HardFault_Handler
                0x0000095e                MemManage_Handler
                0x00000960                BusFault_Handler
                0x00000962                UsageFault_Handler
                0x00000964                SVC_Handler
                0x00000966                DebugMon_Handler
                0x00000968                PendSV_Handler
                0x0000096c                DMA_IRQHandler
                0x0000096e                GPIO_EVEN_IRQHandler
                0x00000970                TIMER0_IRQHandler
                0x00000972                USART0_RX_IRQHandler
                0x00000974                USART0_TX_IRQHandler
                0x00000976                USB_IRQHandler
                0x00000978                ACMP0_IRQHandler
                0x0000097a                ADC0_IRQHandler
                0x0000097c                DAC0_IRQHandler
                0x0000097e                I2C0_IRQHandler
                0x00000980                I2C1_IRQHandler
                0x00000982                GPIO_ODD_IRQHandler
                0x00000984                TIMER1_IRQHandler
                0x00000986                TIMER2_IRQHandler
                0x00000988                TIMER3_IRQHandler
                0x0000098a                USART1_RX_IRQHandler
                0x0000098c                USART1_TX_IRQHandler
                0x0000098e                LESENSE_IRQHandler
                0x00000990                USART2_RX_IRQHandler
                0x00000992                USART2_TX_IRQHandler
                0x00000994                UART0_RX_IRQHandler
                0x00000996                UART0_TX_IRQHandler
                0x00000998                UART1_RX_IRQHandler
                0x0000099a                UART1_TX_IRQHandler
                0x0000099c                LEUART0_IRQHandler
                0x0000099e                LEUART1_IRQHandler
                0x000009a0                LETIMER0_IRQHandler
                0x000009a2                PCNT0_IRQHandler
                0x000009a4                PCNT1_IRQHandler
                0x000009a6                PCNT2_IRQHandler
                0x000009a8                RTC_IRQHandler
                0x000009aa                BURTC_IRQHandler
                0x000009ac                CMU_IRQHandler
                0x000009ae                VCMP_IRQHandler
                0x000009b0                LCD_IRQHandler
                0x000009b2                MSC_IRQHandler
                0x000009b4                AES_IRQHandler
                0x000009b6                EBI_IRQHandler
                0x000009b8                EMU_IRQHandler
                0x000009ba                FPUEH_IRQHandler
 .text.SystemCoreClockGet
                0x000009bc       0xe0 ./CMSIS/efm32wg/system_efm32wg.o
                0x000009bc                SystemCoreClockGet
 .text.SystemHFClockGet
                0x00000a9c       0xc0 ./CMSIS/efm32wg/system_efm32wg.o
                0x00000a9c                SystemHFClockGet
 .text.SystemInit
                0x00000b5c       0x14 ./CMSIS/efm32wg/system_efm32wg.o
                0x00000b5c                SystemInit
 .text.SystemLFRCOClockGet
                0x00000b70        0x8 ./CMSIS/efm32wg/system_efm32wg.o
                0x00000b70                SystemLFRCOClockGet
 .text.SystemULFRCOClockGet
                0x00000b78        0x8 ./CMSIS/efm32wg/system_efm32wg.o
                0x00000b78                SystemULFRCOClockGet
 .text.SystemLFXOClockGet
                0x00000b80        0xc ./CMSIS/efm32wg/system_efm32wg.o
                0x00000b80                SystemLFXOClockGet
 .text.BSP_LedsInit
                0x00000b8c       0x38 ./BSP/bsp_stk_leds.o
                0x00000b8c                BSP_LedsInit
 .text.BSP_LedSet
                0x00000bc4       0x4c ./BSP/bsp_stk_leds.o
                0x00000bc4                BSP_LedSet
 .text.BSP_LedToggle
                0x00000c10       0x4c ./BSP/bsp_stk_leds.o
                0x00000c10                BSP_LedToggle
 .text.BSP_TraceProfilerSetup
                0x00000c5c       0xd0 ./BSP/bsp_trace.o
                0x00000c5c                BSP_TraceProfilerSetup
 .text.exit     0x00000d2c       0x28 c:/siliconlabs/simplicitystudio/v2/developer/toolchains/gnu_arm/4.8_2013q4/bin/../lib/gcc/arm-none-eabi/4.8.3/../../../../arm-none-eabi/lib/armv7e-m/softfp\libc_s.a(lib_a-exit.o)
                0x00000d2c                exit
 .text.__libc_init_array
                0x00000d54       0x4c c:/siliconlabs/simplicitystudio/v2/developer/toolchains/gnu_arm/4.8_2013q4/bin/../lib/gcc/arm-none-eabi/4.8.3/../../../../arm-none-eabi/lib/armv7e-m/softfp\libc_s.a(lib_a-init.o)
                0x00000d54                __libc_init_array
 .text.memset   0x00000da0       0x10 c:/siliconlabs/simplicitystudio/v2/developer/toolchains/gnu_arm/4.8_2013q4/bin/../lib/gcc/arm-none-eabi/4.8.3/../../../../arm-none-eabi/lib/armv7e-m/softfp\libc_s.a(lib_a-memset.o)
                0x00000da0                memset
 .text._exit    0x00000db0        0x4 c:/siliconlabs/simplicitystudio/v2/developer/toolchains/gnu_arm/4.8_2013q4/bin/../lib/gcc/arm-none-eabi/4.8.3/../../../../arm-none-eabi/lib/armv7e-m/softfp\libnosys.a(_exit.o)
                0x00000db0                _exit
 *(.init)
 .init          0x00000db4        0x4 c:/siliconlabs/simplicitystudio/v2/developer/toolchains/gnu_arm/4.8_2013q4/bin/../lib/gcc/arm-none-eabi/4.8.3/armv7e-m/softfp/crti.o
                0x00000db4                _init
 .init          0x00000db8        0x8 c:/siliconlabs/simplicitystudio/v2/developer/toolchains/gnu_arm/4.8_2013q4/bin/../lib/gcc/arm-none-eabi/4.8.3/armv7e-m/softfp/crtn.o
 *(.fini)
 .fini          0x00000dc0        0x4 c:/siliconlabs/simplicitystudio/v2/developer/toolchains/gnu_arm/4.8_2013q4/bin/../lib/gcc/arm-none-eabi/4.8.3/armv7e-m/softfp/crti.o
                0x00000dc0                _fini
 .fini          0x00000dc4        0x8 c:/siliconlabs/simplicitystudio/v2/developer/toolchains/gnu_arm/4.8_2013q4/bin/../lib/gcc/arm-none-eabi/4.8.3/armv7e-m/softfp/crtn.o
 *crtbegin.o(.ctors)
 *crtbegin?.o(.ctors)
 *(EXCLUDE_FILE(*crtend.o *crtend?.o) .ctors)
 *(SORT(.ctors.*))
 *(.ctors)
 *crtbegin.o(.dtors)
 *crtbegin?.o(.dtors)
 *(EXCLUDE_FILE(*crtend.o *crtend?.o) .dtors)
 *(SORT(.dtors.*))
 *(.dtors)
 *(.rodata*)
 .rodata.str1.4
                0x00000dcc       0x12 ./emlib/em_cmu.o
                                 0x14 (size before relaxing)
 *fill*         0x00000dde        0x2 
 .rodata.str1.4
                0x00000de0       0x13 ./emlib/em_gpio.o
                                 0x14 (size before relaxing)
 *fill*         0x00000df3        0x1 
 .rodata.str1.4
                0x00000df4       0x50 ./BSP/bsp_stk_leds.o
 .rodata.ledArray
                0x00000e44       0x10 ./BSP/bsp_stk_leds.o
 .rodata.str1.1
                0x00000e54        0x2 c:/siliconlabs/simplicitystudio/v2/developer/toolchains/gnu_arm/4.8_2013q4/bin/../lib/gcc/arm-none-eabi/4.8.3/../../../../arm-none-eabi/lib/armv7e-m/softfp\libc_s.a(lib_a-impure.o)
 *fill*         0x00000e56        0x2 
 .rodata._global_impure_ptr
                0x00000e58        0x4 c:/siliconlabs/simplicitystudio/v2/developer/toolchains/gnu_arm/4.8_2013q4/bin/../lib/gcc/arm-none-eabi/4.8.3/../../../../arm-none-eabi/lib/armv7e-m/softfp\libc_s.a(lib_a-impure.o)
                0x00000e58                _global_impure_ptr
 *(.eh_frame*)
 .eh_frame      0x00000e5c        0x0 c:/siliconlabs/simplicitystudio/v2/developer/toolchains/gnu_arm/4.8_2013q4/bin/../lib/gcc/arm-none-eabi/4.8.3/armv7e-m/softfp/crtbegin.o
 .eh_frame      0x00000e5c        0x4 c:/siliconlabs/simplicitystudio/v2/developer/toolchains/gnu_arm/4.8_2013q4/bin/../lib/gcc/arm-none-eabi/4.8.3/armv7e-m/softfp/crtend.o

.glue_7         0x00000e60        0x0
 .glue_7        0x00000000        0x0 linker stubs

.glue_7t        0x00000e60        0x0
 .glue_7t       0x00000000        0x0 linker stubs

.vfp11_veneer   0x00000e60        0x0
 .vfp11_veneer  0x00000000        0x0 linker stubs

.v4_bx          0x00000e60        0x0
 .v4_bx         0x00000000        0x0 linker stubs

.iplt           0x00000e60        0x0
 .iplt          0x00000000        0x0 c:/siliconlabs/simplicitystudio/v2/developer/toolchains/gnu_arm/4.8_2013q4/bin/../lib/gcc/arm-none-eabi/4.8.3/armv7e-m/softfp/crtbegin.o

.ARM.extab
 *(.ARM.extab* .gnu.linkonce.armextab.*)
                0x00000e60                __exidx_start = .

.ARM.exidx      0x00000e60        0x8
 *(.ARM.exidx* .gnu.linkonce.armexidx.*)
 .ARM.exidx     0x00000e60        0x8 c:/siliconlabs/simplicitystudio/v2/developer/toolchains/gnu_arm/4.8_2013q4/bin/../lib/gcc/arm-none-eabi/4.8.3/../../../../arm-none-eabi/lib/armv7e-m/softfp/crt0.o
                0x00000e68                __exidx_end = .
                0x00000e68                __etext = .

.rel.dyn        0x00000e68        0x0
 .rel.iplt      0x00000000        0x0 c:/siliconlabs/simplicitystudio/v2/developer/toolchains/gnu_arm/4.8_2013q4/bin/../lib/gcc/arm-none-eabi/4.8.3/armv7e-m/softfp/crtbegin.o

.data           0x20000000       0x70 load address 0x00000e68
                0x20000000                __data_start__ = .
 *(vtable)
 *(.data*)
 .data.SystemLFXOClock
                0x20000000        0x4 ./CMSIS/efm32wg/system_efm32wg.o
 .data.SystemHFXOClock
                0x20000004        0x4 ./CMSIS/efm32wg/system_efm32wg.o
 .data.impure_data
                0x20000008       0x60 c:/siliconlabs/simplicitystudio/v2/developer/toolchains/gnu_arm/4.8_2013q4/bin/../lib/gcc/arm-none-eabi/4.8.3/../../../../arm-none-eabi/lib/armv7e-m/softfp\libc_s.a(lib_a-impure.o)
                0x20000068                . = ALIGN (0x4)
 *(.ram)
                0x20000068                . = ALIGN (0x4)
                0x20000068                PROVIDE (__preinit_array_start, .)
 *(.preinit_array)
                0x20000068                PROVIDE (__preinit_array_end, .)
                0x20000068                . = ALIGN (0x4)
                0x20000068                PROVIDE (__init_array_start, .)
 *(SORT(.init_array.*))
 *(.init_array)
 .init_array    0x20000068        0x4 c:/siliconlabs/simplicitystudio/v2/developer/toolchains/gnu_arm/4.8_2013q4/bin/../lib/gcc/arm-none-eabi/4.8.3/armv7e-m/softfp/crtbegin.o
                0x2000006c                PROVIDE (__init_array_end, .)
                0x2000006c                . = ALIGN (0x4)
                0x2000006c                PROVIDE (__fini_array_start, .)
 *(SORT(.fini_array.*))
 *(.fini_array)
 .fini_array    0x2000006c        0x4 c:/siliconlabs/simplicitystudio/v2/developer/toolchains/gnu_arm/4.8_2013q4/bin/../lib/gcc/arm-none-eabi/4.8.3/armv7e-m/softfp/crtbegin.o
                0x20000070                PROVIDE (__fini_array_end, .)
                0x20000070                . = ALIGN (0x4)
                0x20000070                __data_end__ = .

.jcr            0x20000070        0x0 load address 0x00000ed8
 .jcr           0x20000070        0x0 c:/siliconlabs/simplicitystudio/v2/developer/toolchains/gnu_arm/4.8_2013q4/bin/../lib/gcc/arm-none-eabi/4.8.3/armv7e-m/softfp/crtbegin.o

.igot.plt       0x20000070        0x0 load address 0x00000ed8
 .igot.plt      0x00000000        0x0 c:/siliconlabs/simplicitystudio/v2/developer/toolchains/gnu_arm/4.8_2013q4/bin/../lib/gcc/arm-none-eabi/4.8.3/armv7e-m/softfp/crtbegin.o

.bss            0x20000070       0x24 load address 0x00000ed8
                0x20000070                __bss_start__ = .
 *(.bss*)
 .bss           0x20000070       0x1c c:/siliconlabs/simplicitystudio/v2/developer/toolchains/gnu_arm/4.8_2013q4/bin/../lib/gcc/arm-none-eabi/4.8.3/armv7e-m/softfp/crtbegin.o
 *(COMMON)
 COMMON         0x2000008c        0x4 ./src/utils.o
                0x2000008c                msTicks
 COMMON         0x20000090        0x4 ./CMSIS/efm32wg/system_efm32wg.o
                0x20000090                SystemCoreClock
                0x20000094                __bss_end__ = .

.heap           0x20000098      0xc00
                0x20000098                __end__ = .
                0x20000098                end = __end__
                0x20000098                _end = __end__
 *(.heap*)
 .heap          0x20000098      0xc00 ./CMSIS/efm32wg/startup_gcc_efm32wg.o
                0x20000098                __HeapBase
                0x20000c98                __HeapLimit = .

.stack_dummy    0x20000098      0x400
 *(.stack)
 .stack         0x20000098      0x400 ./CMSIS/efm32wg/startup_gcc_efm32wg.o
                0x20008000                __StackTop = (ORIGIN (RAM) + 0x8000)
                0x20007c00                __StackLimit = (__StackTop - SIZEOF (.stack_dummy))
                0x20008000                PROVIDE (__stack, __StackTop)
                0x00000001                ASSERT ((__StackLimit >= __HeapLimit), region RAM overflowed with stack)
                0x00000001                ASSERT ((0x40000 >= (__etext + SIZEOF (.data))), FLASH memory overflowed !)
OUTPUT(SignalGeneratorMCU.axf elf32-littlearm)

.ARM.attributes
                0x00000000       0x2e
 .ARM.attributes
                0x00000000       0x22 c:/siliconlabs/simplicitystudio/v2/developer/toolchains/gnu_arm/4.8_2013q4/bin/../lib/gcc/arm-none-eabi/4.8.3/armv7e-m/softfp/crti.o
 .ARM.attributes
                0x00000022       0x32 c:/siliconlabs/simplicitystudio/v2/developer/toolchains/gnu_arm/4.8_2013q4/bin/../lib/gcc/arm-none-eabi/4.8.3/armv7e-m/softfp/crtbegin.o
 .ARM.attributes
                0x00000054       0x20 c:/siliconlabs/simplicitystudio/v2/developer/toolchains/gnu_arm/4.8_2013q4/bin/../lib/gcc/arm-none-eabi/4.8.3/../../../../arm-none-eabi/lib/armv7e-m/softfp/crt0.o
 .ARM.attributes
                0x00000074       0x37 ./src/main.o
 .ARM.attributes
                0x000000ab       0x37 ./src/utils.o
 .ARM.attributes
                0x000000e2       0x37 ./emlib/em_assert.o
 .ARM.attributes
                0x00000119       0x37 ./emlib/em_cmu.o
 .ARM.attributes
                0x00000150       0x37 ./emlib/em_gpio.o
 .ARM.attributes
                0x00000187       0x1b ./CMSIS/efm32wg/startup_gcc_efm32wg.o
 .ARM.attributes
                0x000001a2       0x37 ./CMSIS/efm32wg/system_efm32wg.o
 .ARM.attributes
                0x000001d9       0x37 ./BSP/bsp_stk_leds.o
 .ARM.attributes
                0x00000210       0x37 ./BSP/bsp_trace.o
 .ARM.attributes
                0x00000247       0x32 c:/siliconlabs/simplicitystudio/v2/developer/toolchains/gnu_arm/4.8_2013q4/bin/../lib/gcc/arm-none-eabi/4.8.3/../../../../arm-none-eabi/lib/armv7e-m/softfp\libc_s.a(lib_a-exit.o)
 .ARM.attributes
                0x00000279       0x32 c:/siliconlabs/simplicitystudio/v2/developer/toolchains/gnu_arm/4.8_2013q4/bin/../lib/gcc/arm-none-eabi/4.8.3/../../../../arm-none-eabi/lib/armv7e-m/softfp\libc_s.a(lib_a-impure.o)
 .ARM.attributes
                0x000002ab       0x32 c:/siliconlabs/simplicitystudio/v2/developer/toolchains/gnu_arm/4.8_2013q4/bin/../lib/gcc/arm-none-eabi/4.8.3/../../../../arm-none-eabi/lib/armv7e-m/softfp\libc_s.a(lib_a-init.o)
 .ARM.attributes
                0x000002dd       0x32 c:/siliconlabs/simplicitystudio/v2/developer/toolchains/gnu_arm/4.8_2013q4/bin/../lib/gcc/arm-none-eabi/4.8.3/../../../../arm-none-eabi/lib/armv7e-m/softfp\libc_s.a(lib_a-memset.o)
 .ARM.attributes
                0x0000030f       0x32 c:/siliconlabs/simplicitystudio/v2/developer/toolchains/gnu_arm/4.8_2013q4/bin/../lib/gcc/arm-none-eabi/4.8.3/../../../../arm-none-eabi/lib/armv7e-m/softfp\libnosys.a(_exit.o)
 .ARM.attributes
                0x00000341       0x32 c:/siliconlabs/simplicitystudio/v2/developer/toolchains/gnu_arm/4.8_2013q4/bin/../lib/gcc/arm-none-eabi/4.8.3/armv7e-m/softfp/crtend.o
 .ARM.attributes
                0x00000373       0x22 c:/siliconlabs/simplicitystudio/v2/developer/toolchains/gnu_arm/4.8_2013q4/bin/../lib/gcc/arm-none-eabi/4.8.3/armv7e-m/softfp/crtn.o

.comment        0x00000000       0x70
 .comment       0x00000000       0x70 ./src/main.o
                                 0x71 (size before relaxing)
 .comment       0x00000000       0x71 ./src/utils.o
 .comment       0x00000000       0x71 ./emlib/em_assert.o
 .comment       0x00000000       0x71 ./emlib/em_cmu.o
 .comment       0x00000000       0x71 ./emlib/em_gpio.o
 .comment       0x00000000       0x71 ./CMSIS/efm32wg/system_efm32wg.o
 .comment       0x00000000       0x71 ./BSP/bsp_stk_leds.o
 .comment       0x00000000       0x71 ./BSP/bsp_trace.o

.debug_info     0x00000000     0x53b4
 .debug_info    0x00000000      0x88c ./src/main.o
 .debug_info    0x0000088c       0xdb ./src/utils.o
 .debug_info    0x00000967       0x77 ./emlib/em_assert.o
 .debug_info    0x000009de     0x26bd ./emlib/em_cmu.o
 .debug_info    0x0000309b      0x61a ./emlib/em_gpio.o
 .debug_info    0x000036b5       0xa9 ./CMSIS/efm32wg/startup_gcc_efm32wg.o
 .debug_info    0x0000375e      0x818 ./CMSIS/efm32wg/system_efm32wg.o
 .debug_info    0x00003f76      0x93d ./BSP/bsp_stk_leds.o
 .debug_info    0x000048b3      0xb01 ./BSP/bsp_trace.o

.debug_abbrev   0x00000000      0xe34
 .debug_abbrev  0x00000000      0x1f9 ./src/main.o
 .debug_abbrev  0x000001f9       0xa1 ./src/utils.o
 .debug_abbrev  0x0000029a       0x65 ./emlib/em_assert.o
 .debug_abbrev  0x000002ff      0x3ff ./emlib/em_cmu.o
 .debug_abbrev  0x000006fe      0x1b5 ./emlib/em_gpio.o
 .debug_abbrev  0x000008b3       0x14 ./CMSIS/efm32wg/startup_gcc_efm32wg.o
 .debug_abbrev  0x000008c7      0x1ed ./CMSIS/efm32wg/system_efm32wg.o
 .debug_abbrev  0x00000ab4      0x212 ./BSP/bsp_stk_leds.o
 .debug_abbrev  0x00000cc6      0x16e ./BSP/bsp_trace.o

.debug_loc      0x00000000     0x3d27
 .debug_loc     0x00000000       0x7f ./src/main.o
 .debug_loc     0x0000007f     0x302d ./emlib/em_cmu.o
 .debug_loc     0x000030ac      0x426 ./emlib/em_gpio.o
 .debug_loc     0x000034d2      0x369 ./CMSIS/efm32wg/system_efm32wg.o
 .debug_loc     0x0000383b      0x4ac ./BSP/bsp_stk_leds.o
 .debug_loc     0x00003ce7       0x40 ./BSP/bsp_trace.o

.debug_aranges  0x00000000      0x268
 .debug_aranges
                0x00000000       0x20 ./src/main.o
 .debug_aranges
                0x00000020       0x28 ./src/utils.o
 .debug_aranges
                0x00000048       0x20 ./emlib/em_assert.o
 .debug_aranges
                0x00000068       0xd0 ./emlib/em_cmu.o
 .debug_aranges
                0x00000138       0x38 ./emlib/em_gpio.o
 .debug_aranges
                0x00000170       0x20 ./CMSIS/efm32wg/startup_gcc_efm32wg.o
 .debug_aranges
                0x00000190       0x60 ./CMSIS/efm32wg/system_efm32wg.o
 .debug_aranges
                0x000001f0       0x50 ./BSP/bsp_stk_leds.o
 .debug_aranges
                0x00000240       0x28 ./BSP/bsp_trace.o

.debug_ranges   0x00000000      0xa00
 .debug_ranges  0x00000000       0x48 ./src/main.o
 .debug_ranges  0x00000048       0x18 ./src/utils.o
 .debug_ranges  0x00000060       0x10 ./emlib/em_assert.o
 .debug_ranges  0x00000070      0x6d8 ./emlib/em_cmu.o
 .debug_ranges  0x00000748       0x48 ./emlib/em_gpio.o
 .debug_ranges  0x00000790      0x158 ./CMSIS/efm32wg/system_efm32wg.o
 .debug_ranges  0x000008e8       0xe8 ./BSP/bsp_stk_leds.o
 .debug_ranges  0x000009d0       0x30 ./BSP/bsp_trace.o

.debug_line     0x00000000     0x1a66
 .debug_line    0x00000000      0x283 ./src/main.o
 .debug_line    0x00000283       0xc2 ./src/utils.o
 .debug_line    0x00000345       0x44 ./emlib/em_assert.o
 .debug_line    0x00000389      0xb0e ./emlib/em_cmu.o
 .debug_line    0x00000e97      0x2d0 ./emlib/em_gpio.o
 .debug_line    0x00001167       0xa0 ./CMSIS/efm32wg/startup_gcc_efm32wg.o
 .debug_line    0x00001207      0x33c ./CMSIS/efm32wg/system_efm32wg.o
 .debug_line    0x00001543      0x315 ./BSP/bsp_stk_leds.o
 .debug_line    0x00001858      0x20e ./BSP/bsp_trace.o

.debug_str      0x00000000     0x164e
 .debug_str     0x00000000      0x800 ./src/main.o
                                0x860 (size before relaxing)
 .debug_str     0x00000800       0x39 ./src/utils.o
                                0x20a (size before relaxing)
 .debug_str     0x00000839       0x29 ./emlib/em_assert.o
                                0x16c (size before relaxing)
 .debug_str     0x00000862      0x7a9 ./emlib/em_cmu.o
                                0xc8a (size before relaxing)
 .debug_str     0x0000100b      0x342 ./emlib/em_gpio.o
                                0x579 (size before relaxing)
 .debug_str     0x0000134d       0x8e ./CMSIS/efm32wg/system_efm32wg.o
                                0x4f4 (size before relaxing)
 .debug_str     0x000013db       0xac ./BSP/bsp_stk_leds.o
                                0x7da (size before relaxing)
 .debug_str     0x00001487      0x1c7 ./BSP/bsp_trace.o
                                0x589 (size before relaxing)

.debug_frame    0x00000000      0x54c
 .debug_frame   0x00000000       0x28 ./src/main.o
 .debug_frame   0x00000028       0x30 ./src/utils.o
 .debug_frame   0x00000058       0x20 ./emlib/em_assert.o
 .debug_frame   0x00000078      0x214 ./emlib/em_cmu.o
 .debug_frame   0x0000028c       0x84 ./emlib/em_gpio.o
 .debug_frame   0x00000310       0xa0 ./CMSIS/efm32wg/system_efm32wg.o
 .debug_frame   0x000003b0       0xb8 ./BSP/bsp_stk_leds.o
 .debug_frame   0x00000468       0x50 ./BSP/bsp_trace.o
 .debug_frame   0x000004b8       0x28 c:/siliconlabs/simplicitystudio/v2/developer/toolchains/gnu_arm/4.8_2013q4/bin/../lib/gcc/arm-none-eabi/4.8.3/../../../../arm-none-eabi/lib/armv7e-m/softfp\libc_s.a(lib_a-exit.o)
 .debug_frame   0x000004e0       0x2c c:/siliconlabs/simplicitystudio/v2/developer/toolchains/gnu_arm/4.8_2013q4/bin/../lib/gcc/arm-none-eabi/4.8.3/../../../../arm-none-eabi/lib/armv7e-m/softfp\libc_s.a(lib_a-init.o)
 .debug_frame   0x0000050c       0x20 c:/siliconlabs/simplicitystudio/v2/developer/toolchains/gnu_arm/4.8_2013q4/bin/../lib/gcc/arm-none-eabi/4.8.3/../../../../arm-none-eabi/lib/armv7e-m/softfp\libc_s.a(lib_a-memset.o)
 .debug_frame   0x0000052c       0x20 c:/siliconlabs/simplicitystudio/v2/developer/toolchains/gnu_arm/4.8_2013q4/bin/../lib/gcc/arm-none-eabi/4.8.3/../../../../arm-none-eabi/lib/armv7e-m/softfp\libnosys.a(_exit.o)
